#
# There is insufficient memory for the Java Runtime Environment to continue.
# Native memory allocation (malloc) failed to allocate 4088 bytes. Error detail: AllocateHeap
# Possible reasons:
#   The system is out of physical RAM or swap space
#   This process is running with CompressedOops enabled, and the Java Heap may be blocking the growth of the native heap
# Possible solutions:
#   Reduce memory load on the system
#   Increase physical memory or swap space
#   Check if swap backing store is full
#   Decrease Java heap size (-Xmx/-Xms)
#   Decrease number of Java threads
#   Decrease Java thread stack sizes (-Xss)
#   Set larger code cache with -XX:ReservedCodeCacheSize=
#   JVM is running with Unscaled Compressed Oops mode in which the Java heap is
#     placed in the first 4GB address space. The Java Heap base address is the
#     maximum limit for the native heap growth. Please use -XX:HeapBaseMinAddress
#     to set the Java Heap base and to place the Java Heap above 4GB virtual address.
# This output file may be truncated or incomplete.
#
#  Out of Memory Error (allocation.cpp:44), pid=20120, tid=15964
#
# JRE version: OpenJDK Runtime Environment Temurin-21.0.9+10 (21.0.9+10) (build 21.0.9+10-LTS)
# Java VM: OpenJDK 64-Bit Server VM Temurin-21.0.9+10 (21.0.9+10-LTS, mixed mode, sharing, tiered, compressed oops, compressed class ptrs, parallel gc, windows-amd64)
# No core dump will be written. Minidumps are not enabled by default on client versions of Windows
#

---------------  S U M M A R Y ------------

Command Line: --add-modules=ALL-SYSTEM --add-opens=java.base/java.util=ALL-UNNAMED --add-opens=java.base/java.lang=ALL-UNNAMED --add-opens=java.base/sun.nio.fs=ALL-UNNAMED -Declipse.application=org.eclipse.jdt.ls.core.id1 -Dosgi.bundles.defaultStartLevel=4 -Declipse.product=org.eclipse.jdt.ls.core.product -Djava.import.generatesMetadataFilesAtProjectRoot=false -DDetectVMInstallationsJob.disabled=true -Dfile.encoding=utf8 -XX:+UseParallelGC -XX:GCTimeRatio=4 -XX:AdaptiveSizePolicyWeight=90 -Dsun.zip.disableMemoryMapping=true -Xmx2G -Xms100m -Xlog:disable -javaagent:c:\Users\GLOBAL STORE\.vscode\extensions\redhat.java-1.48.2025111408-win32-x64\lombok\lombok-1.18.39-4050.jar -XX:+HeapDumpOnOutOfMemoryError -XX:HeapDumpPath=c:\Users\GLOBAL STORE\AppData\Roaming\Code\User\workspaceStorage\87ef9fe996664560782c56eaaca1d688\redhat.java -Daether.dependencyCollector.impl=bf -XX:+UnlockDiagnosticVMOptions -XX:+AllowArchivingWithJavaAgent -XX:+AutoCreateSharedArchive -XX:SharedArchiveFile=c:\Users\GLOBAL STORE\AppData\Roaming\Code\User\globalStorage\redhat.java\1.48.2025111408\jdtls.jsa c:\Users\GLOBAL STORE\.vscode\extensions\redhat.java-1.48.2025111408-win32-x64\server\plugins\org.eclipse.equinox.launcher_1.7.100.v20251111-0406.jar -configuration c:\Users\GLOBAL STORE\AppData\Roaming\Code\User\globalStorage\redhat.java\1.48.2025111408\config_win -data c:\Users\GLOBAL STORE\AppData\Roaming\Code\User\workspaceStorage\87ef9fe996664560782c56eaaca1d688\redhat.java\jdt_ws --pipe=\\.\pipe\lsp-712c2c134abb573c22825bf4bb321198-sock

Host: Intel(R) Core(TM) i7-7820HQ CPU @ 2.90GHz, 5 cores, 15G,  Windows 10 , 64 bit Build 19041 (10.0.19041.5915)
Time: Wed Nov 19 13:08:11 2025 Afr. centrale Ouest elapsed time: 59.537550 seconds (0d 0h 0m 59s)

---------------  T H R E A D  ---------------

Current thread (0x000001a350a4b4d0):  WorkerThread "GC Thread#0"    [id=15964, stack(0x000000880a800000,0x000000880a900000) (1024K)]

Stack: [0x000000880a800000,0x000000880a900000]
Native frames: (J=compiled Java code, j=interpreted, Vv=VM code, C=native code)
V  [jvm.dll+0x6d6e29]
V  [jvm.dll+0x8b4b76]
V  [jvm.dll+0x8b712e]
V  [jvm.dll+0x8b7813]
V  [jvm.dll+0x283d86]
V  [jvm.dll+0xc1277]
V  [jvm.dll+0x28b493]
V  [jvm.dll+0x7143e8]
V  [jvm.dll+0x714b29]
V  [jvm.dll+0x717281]
V  [jvm.dll+0x71770f]
V  [jvm.dll+0x8e2bd1]
V  [jvm.dll+0x85e9ad]
V  [jvm.dll+0x6d565d]
C  [ucrtbase.dll+0x21bb2]
C  [KERNEL32.DLL+0x17374]
C  [ntdll.dll+0x4cc91]


---------------  P R O C E S S  ---------------

Threads class SMR info:
_java_thread_list=0x000001a36d738c60, length=41, elements={
0x000001a34e81bb90, 0x000001a367439140, 0x000001a367439b90, 0x000001a36743dbe0,
0x000001a36743e630, 0x000001a36743f080, 0x000001a36743fad0, 0x000001a367440900,
0x000001a3674b0ac0, 0x000001a36856b300, 0x000001a368661190, 0x000001a3688deaa0,
0x000001a36899a530, 0x000001a3683f4790, 0x000001a3684d8fb0, 0x000001a36841ca80,
0x000001a36d48ad20, 0x000001a368b008e0, 0x000001a368876580, 0x000001a36d5ffe70,
0x000001a36d5ff150, 0x000001a36d5fd080, 0x000001a36d5ff7e0, 0x000001a36d600500,
0x000001a36d5fd710, 0x000001a36d5feac0, 0x000001a36d5fdda0, 0x000001a36d5fe430,
0x000001a36dc705b0, 0x000001a36dc70c40, 0x000001a36dc71960, 0x000001a36dc6bd80,
0x000001a36dc6c410, 0x000001a36dc6d130, 0x000001a36dc712d0, 0x000001a36dc6de50,
0x000001a36dc6f200, 0x000001a36dc6d7c0, 0x000001a36dc6ff20, 0x000001a36dc6eb70,
0x000001a36dc71ff0
}

Java Threads: ( => current thread )
  0x000001a34e81bb90 JavaThread "main"                              [_thread_blocked, id=16468, stack(0x000000880a700000,0x000000880a800000) (1024K)]
  0x000001a367439140 JavaThread "Reference Handler"          daemon [_thread_blocked, id=5684, stack(0x000000880ab00000,0x000000880ac00000) (1024K)]
  0x000001a367439b90 JavaThread "Finalizer"                  daemon [_thread_blocked, id=24332, stack(0x000000880ac00000,0x000000880ad00000) (1024K)]
  0x000001a36743dbe0 JavaThread "Signal Dispatcher"          daemon [_thread_blocked, id=12760, stack(0x000000880ad00000,0x000000880ae00000) (1024K)]
  0x000001a36743e630 JavaThread "Attach Listener"            daemon [_thread_blocked, id=7248, stack(0x000000880ae00000,0x000000880af00000) (1024K)]
  0x000001a36743f080 JavaThread "Service Thread"             daemon [_thread_blocked, id=25760, stack(0x000000880af00000,0x000000880b000000) (1024K)]
  0x000001a36743fad0 JavaThread "Monitor Deflation Thread"   daemon [_thread_blocked, id=24620, stack(0x000000880b000000,0x000000880b100000) (1024K)]
  0x000001a367440900 JavaThread "C2 CompilerThread0"         daemon [_thread_blocked, id=23740, stack(0x000000880b100000,0x000000880b200000) (1024K)]
  0x000001a3674b0ac0 JavaThread "C1 CompilerThread0"         daemon [_thread_blocked, id=15872, stack(0x000000880b200000,0x000000880b300000) (1024K)]
  0x000001a36856b300 JavaThread "Common-Cleaner"             daemon [_thread_blocked, id=19340, stack(0x000000880b300000,0x000000880b400000) (1024K)]
  0x000001a368661190 JavaThread "Notification Thread"        daemon [_thread_blocked, id=4312, stack(0x000000880b400000,0x000000880b500000) (1024K)]
  0x000001a3688deaa0 JavaThread "Active Thread: Equinox Container: fa459945-e916-4df6-98e4-6f5d6eb2d8c2"        [_thread_blocked, id=20968, stack(0x000000880b900000,0x000000880ba00000) (1024K)]
  0x000001a36899a530 JavaThread "Refresh Thread: Equinox Container: fa459945-e916-4df6-98e4-6f5d6eb2d8c2" daemon [_thread_blocked, id=3660, stack(0x000000880ba00000,0x000000880bb00000) (1024K)]
  0x000001a3683f4790 JavaThread "Framework Event Dispatcher: Equinox Container: fa459945-e916-4df6-98e4-6f5d6eb2d8c2" daemon [_thread_blocked, id=25396, stack(0x000000880bb00000,0x000000880bc00000) (1024K)]
  0x000001a3684d8fb0 JavaThread "Start Level: Equinox Container: fa459945-e916-4df6-98e4-6f5d6eb2d8c2" daemon [_thread_blocked, id=19464, stack(0x000000880bc00000,0x000000880bd00000) (1024K)]
  0x000001a36841ca80 JavaThread "Bundle File Closer"         daemon [_thread_blocked, id=24572, stack(0x000000880bd00000,0x000000880be00000) (1024K)]
  0x000001a36d48ad20 JavaThread "SCR Component Actor"        daemon [_thread_blocked, id=2996, stack(0x000000880be00000,0x000000880bf00000) (1024K)]
  0x000001a368b008e0 JavaThread "Worker-JM"                         [_thread_blocked, id=21756, stack(0x000000880bf00000,0x000000880c000000) (1024K)]
  0x000001a368876580 JavaThread "JNA Cleaner"                daemon [_thread_blocked, id=18708, stack(0x000000880c000000,0x000000880c100000) (1024K)]
  0x000001a36d5ffe70 JavaThread "Worker-0"                          [_thread_blocked, id=22320, stack(0x000000880c100000,0x000000880c200000) (1024K)]
  0x000001a36d5ff150 JavaThread "Worker-1"                          [_thread_blocked, id=1856, stack(0x000000880c200000,0x000000880c300000) (1024K)]
  0x000001a36d5fd080 JavaThread "Worker-2"                          [_thread_blocked, id=16788, stack(0x000000880c300000,0x000000880c400000) (1024K)]
  0x000001a36d5ff7e0 JavaThread "Java indexing"              daemon [_thread_blocked, id=7552, stack(0x000000880c400000,0x000000880c500000) (1024K)]
  0x000001a36d600500 JavaThread "Worker-3"                          [_thread_blocked, id=20936, stack(0x000000880c500000,0x000000880c600000) (1024K)]
  0x000001a36d5fd710 JavaThread "Worker-4: Publish Diagnostics"        [_thread_blocked, id=3920, stack(0x000000880c800000,0x000000880c900000) (1024K)]
  0x000001a36d5feac0 JavaThread "Worker-5"                          [_thread_blocked, id=24608, stack(0x000000880c900000,0x000000880ca00000) (1024K)]
  0x000001a36d5fdda0 JavaThread "Thread-1"                   daemon [_thread_in_native, id=23472, stack(0x000000880ca00000,0x000000880cb00000) (1024K)]
  0x000001a36d5fe430 JavaThread "Thread-2"                   daemon [_thread_in_native, id=24292, stack(0x000000880cb00000,0x000000880cc00000) (1024K)]
  0x000001a36dc705b0 JavaThread "Thread-3"                   daemon [_thread_in_native, id=26240, stack(0x000000880cc00000,0x000000880cd00000) (1024K)]
  0x000001a36dc70c40 JavaThread "Thread-4"                   daemon [_thread_in_native, id=26232, stack(0x000000880cd00000,0x000000880ce00000) (1024K)]
  0x000001a36dc71960 JavaThread "Thread-5"                   daemon [_thread_in_native, id=11064, stack(0x000000880ce00000,0x000000880cf00000) (1024K)]
  0x000001a36dc6bd80 JavaThread "Thread-6"                   daemon [_thread_in_native, id=11488, stack(0x000000880cf00000,0x000000880d000000) (1024K)]
  0x000001a36dc6c410 JavaThread "pool-2-thread-1"                   [_thread_blocked, id=26104, stack(0x000000880d000000,0x000000880d100000) (1024K)]
  0x000001a36dc6d130 JavaThread "WorkspaceEventsHandler"            [_thread_blocked, id=21736, stack(0x000000880d200000,0x000000880d300000) (1024K)]
  0x000001a36dc712d0 JavaThread "pool-1-thread-1"                   [_thread_blocked, id=8404, stack(0x000000880d300000,0x000000880d400000) (1024K)]
  0x000001a36dc6de50 JavaThread "ForkJoinPool.commonPool-worker-1" daemon [_thread_blocked, id=23356, stack(0x000000880d400000,0x000000880d500000) (1024K)]
  0x000001a36dc6f200 JavaThread "ForkJoinPool.commonPool-worker-2" daemon [_thread_blocked, id=24356, stack(0x000000880d500000,0x000000880d600000) (1024K)]
  0x000001a36dc6d7c0 JavaThread "ForkJoinPool.commonPool-worker-3" daemon [_thread_blocked, id=22056, stack(0x000000880d600000,0x000000880d700000) (1024K)]
  0x000001a36dc6ff20 JavaThread "ForkJoinPool.commonPool-worker-4" daemon [_thread_blocked, id=23780, stack(0x000000880d700000,0x000000880d800000) (1024K)]
  0x000001a36dc6eb70 JavaThread "Keep-Alive-Timer"           daemon [_thread_blocked, id=3320, stack(0x000000880d800000,0x000000880d900000) (1024K)]
  0x000001a36dc71ff0 JavaThread "Thread-7"                   daemon [_thread_blocked, id=17896, stack(0x000000880d900000,0x000000880da00000) (1024K)]
Total: 41

Other Threads:
  0x000001a36741fc10 VMThread "VM Thread"                           [id=11232, stack(0x000000880aa00000,0x000000880ab00000) (1024K)]
  0x000001a350a9b8a0 WatcherThread "VM Periodic Task Thread"        [id=24284, stack(0x000000880a900000,0x000000880aa00000) (1024K)]
=>0x000001a350a4b4d0 WorkerThread "GC Thread#0"                     [id=15964, stack(0x000000880a800000,0x000000880a900000) (1024K)]
  0x000001a3688bd800 WorkerThread "GC Thread#1"                     [id=24120, stack(0x000000880b500000,0x000000880b600000) (1024K)]
  0x000001a3688bdba0 WorkerThread "GC Thread#2"                     [id=25016, stack(0x000000880b600000,0x000000880b700000) (1024K)]
  0x000001a3688bdf40 WorkerThread "GC Thread#3"                     [id=23260, stack(0x000000880b700000,0x000000880b800000) (1024K)]
  0x000001a3688be2e0 WorkerThread "GC Thread#4"                     [id=23028, stack(0x000000880b800000,0x000000880b900000) (1024K)]
Total: 7

Threads with active compile tasks:
C2 CompilerThread0  59611 9308       4       org.eclipse.jdt.internal.core.JarPackageFragmentRoot::initRawPackageInfo (292 bytes)
Total: 1

VM state: at safepoint (normal execution)

VM Mutex/Monitor currently owned by a thread:  ([mutex/lock_event])
[0x00007ff80542d570] Threads_lock - owner thread: 0x000001a36741fc10
[0x00007ff80542d670] Heap_lock - owner thread: 0x000001a36dc6ff20

Heap address: 0x0000000080000000, size: 2048 MB, Compressed Oops mode: 32-bit

CDS archive(s) mapped at: [0x000001a300000000-0x000001a300ba0000-0x000001a304c70000), size 80150528, SharedBaseAddress: 0x000001a300000000, ArchiveRelocationMode: 1.
Compressed class space mapped at: 0x000001a305000000-0x000001a345000000, reserved size: 1073741824
Narrow klass base: 0x000001a300000000, Narrow klass shift: 0, Narrow klass range: 0x100000000

GC Precious Log:
 CardTable entry size: 512
 CPUs: 5 total, 5 available
 Memory: 16244M
 Large Page Support: Disabled
 NUMA Support: Disabled
 Compressed Oops: Enabled (32-bit)
 Alignments: Space 512K, Generation 512K, Heap 2M
 Heap Min Capacity: 100M
 Heap Initial Capacity: 100M
 Heap Max Capacity: 2G
 Pre-touch: Disabled
 Parallel Workers: 5

Heap:
 PSYoungGen      total 18432K, used 17408K [0x00000000d5580000, 0x00000000d6900000, 0x0000000100000000)
  eden space 17408K, 100% used [0x00000000d5580000,0x00000000d6680000,0x00000000d6680000)
  from space 1024K, 0% used [0x00000000d6800000,0x00000000d6800000,0x00000000d6900000)
  to   space 1024K, 97% used [0x00000000d6700000,0x00000000d67f96d0,0x00000000d6800000)
 ParOldGen       total 93696K, used 93692K [0x0000000080000000, 0x0000000085b80000, 0x00000000d5580000)
  object space 93696K, 99% used [0x0000000080000000,0x0000000085b7f3d8,0x0000000085b80000)
 Metaspace       used 22671K, committed 23744K, reserved 1114112K
  class space    used 2088K, committed 2496K, reserved 1048576K

Card table byte_map: [0x000001a3503e0000,0x000001a3507f0000] _byte_map_base: 0x000001a34ffe0000

Marking Bits: (ParMarkBitMap*) 0x00007ff805432460
 Begin Bits: [0x000001a362ee0000, 0x000001a364ee0000)
 End Bits:   [0x000001a364ee0000, 0x000001a366ee0000)

Polling page: 0x000001a34e7c0000

Metaspace:

Usage:
  Non-class:     20.10 MB used.
      Class:      2.04 MB used.
       Both:     22.14 MB used.

Virtual space:
  Non-class space:       64.00 MB reserved,      20.75 MB ( 32%) committed,  1 nodes.
      Class space:        1.00 GB reserved,       2.44 MB ( <1%) committed,  1 nodes.
             Both:        1.06 GB reserved,      23.19 MB (  2%) committed. 

Chunk freelists:
   Non-Class:  10.68 MB
       Class:  13.61 MB
        Both:  24.29 MB

MaxMetaspaceSize: unlimited
CompressedClassSpaceSize: 1.00 GB
Initial GC threshold: 21.00 MB
Current GC threshold: 38.69 MB
CDS: on
 - commit_granule_bytes: 65536.
 - commit_granule_words: 8192.
 - virtual_space_node_default_size: 8388608.
 - enlarge_chunks_in_place: 1.
 - use_allocation_guard: 0.


Internal statistics:

num_allocs_failed_limit: 3.
num_arena_births: 716.
num_arena_deaths: 294.
num_vsnodes_births: 2.
num_vsnodes_deaths: 0.
num_space_committed: 371.
num_space_uncommitted: 0.
num_chunks_returned_to_freelist: 329.
num_chunks_taken_from_freelist: 1780.
num_chunk_merges: 87.
num_chunk_splits: 1066.
num_chunks_enlarged: 598.
num_inconsistent_stats: 0.

CodeHeap 'non-profiled nmethods': size=120000Kb used=3539Kb max_used=4359Kb free=116460Kb
 bounds [0x000001a35b700000, 0x000001a35bb50000, 0x000001a362c30000]
CodeHeap 'profiled nmethods': size=120000Kb used=14063Kb max_used=19046Kb free=105936Kb
 bounds [0x000001a353c30000, 0x000001a354ed0000, 0x000001a35b160000]
CodeHeap 'non-nmethods': size=5760Kb used=1459Kb max_used=1506Kb free=4300Kb
 bounds [0x000001a35b160000, 0x000001a35b3d0000, 0x000001a35b700000]
CodeCache: size=245760Kb, used=19061Kb, max_used=24911Kb, free=226696Kb
 total_blobs=8211, nmethods=7438, adapters=678, full_count=0
Compilation: enabled, stopped_count=0, restarted_count=0

Compilation events (20 events):
Event: 59.024 Thread 0x000001a3674b0ac0 9314       3       org.eclipse.jdt.internal.core.JarPackageFragmentRoot::unmodifiableCopy (108 bytes)
Event: 59.025 Thread 0x000001a3674b0ac0 nmethod 9314 0x000001a353df8590 code [0x000001a353df8860, 0x000001a353df96f8]
Event: 59.025 Thread 0x000001a3674b0ac0 9316       3       java.util.AbstractMap$1$1::next (18 bytes)
Event: 59.025 Thread 0x000001a3674b0ac0 nmethod 9316 0x000001a353ddb710 code [0x000001a353ddb8e0, 0x000001a353ddbc88]
Event: 59.025 Thread 0x000001a3674b0ac0 9317       3       org.eclipse.jdt.internal.core.JarPackageFragmentRoot$$Lambda/0x000001a30520e000::apply (8 bytes)
Event: 59.026 Thread 0x000001a3674b0ac0 nmethod 9317 0x000001a353c79190 code [0x000001a353c79380, 0x000001a353c79948]
Event: 59.026 Thread 0x000001a3674b0ac0 9318       3       org.eclipse.jdt.internal.core.JarPackageFragmentRoot$$Lambda/0x000001a30520e240::apply (5 bytes)
Event: 59.026 Thread 0x000001a3674b0ac0 nmethod 9318 0x000001a353cdb190 code [0x000001a353cdb340, 0x000001a353cdb538]
Event: 59.026 Thread 0x000001a3674b0ac0 9315       3       java.util.ImmutableCollections$MapN::<init> (150 bytes)
Event: 59.027 Thread 0x000001a3674b0ac0 nmethod 9315 0x000001a353c65b10 code [0x000001a353c65e20, 0x000001a353c66fa8]
Event: 59.118 Thread 0x000001a3674b0ac0 9320       3       java.util.ImmutableCollections$ListN::toArray (13 bytes)
Event: 59.118 Thread 0x000001a3674b0ac0 nmethod 9320 0x000001a353d01e90 code [0x000001a353d02040, 0x000001a353d02218]
Event: 59.128 Thread 0x000001a3674b0ac0 9321       3       org.eclipse.jdt.internal.core.Openable::isOpen (14 bytes)
Event: 59.129 Thread 0x000001a3674b0ac0 nmethod 9321 0x000001a353c98490 code [0x000001a353c98660, 0x000001a353c98890]
Event: 59.483 Thread 0x000001a3674b0ac0 9322       3       org.eclipse.jdt.internal.core.JarPackageFragmentRoot::createChildren (97 bytes)
Event: 59.485 Thread 0x000001a3674b0ac0 nmethod 9322 0x000001a354a67e10 code [0x000001a354a68160, 0x000001a354a698c8]
Event: 59.485 Thread 0x000001a3674b0ac0 9323       3       java.util.AbstractMap$1::size (8 bytes)
Event: 59.485 Thread 0x000001a3674b0ac0 nmethod 9323 0x000001a353da7b90 code [0x000001a353da7d40, 0x000001a353da7f18]
Event: 59.497 Thread 0x000001a3674b0ac0 9326       3       org.eclipse.jdt.internal.core.util.HashSetOfArray::hashCode (35 bytes)
Event: 59.498 Thread 0x000001a3674b0ac0 nmethod 9326 0x000001a353e04590 code [0x000001a353e04760, 0x000001a353e04aa0]

GC Heap History (20 events):
Event: 58.125 GC heap after
{Heap after GC invocations=56 (full 5):
 PSYoungGen      total 17408K, used 0K [0x00000000d5580000, 0x00000000d6900000, 0x0000000100000000)
  eden space 16896K, 0% used [0x00000000d5580000,0x00000000d5580000,0x00000000d6600000)
  from space 512K, 0% used [0x00000000d6880000,0x00000000d6880000,0x00000000d6900000)
  to   space 1024K, 0% used [0x00000000d6700000,0x00000000d6700000,0x00000000d6800000)
 ParOldGen       total 78336K, used 70754K [0x0000000080000000, 0x0000000084c80000, 0x00000000d5580000)
  object space 78336K, 90% used [0x0000000080000000,0x0000000084518b00,0x0000000084c80000)
 Metaspace       used 22646K, committed 23744K, reserved 1114112K
  class space    used 2087K, committed 2496K, reserved 1048576K
}
Event: 58.151 GC heap before
{Heap before GC invocations=57 (full 5):
 PSYoungGen      total 17408K, used 16896K [0x00000000d5580000, 0x00000000d6900000, 0x0000000100000000)
  eden space 16896K, 100% used [0x00000000d5580000,0x00000000d6600000,0x00000000d6600000)
  from space 512K, 0% used [0x00000000d6880000,0x00000000d6880000,0x00000000d6900000)
  to   space 1024K, 0% used [0x00000000d6700000,0x00000000d6700000,0x00000000d6800000)
 ParOldGen       total 78336K, used 70754K [0x0000000080000000, 0x0000000084c80000, 0x00000000d5580000)
  object space 78336K, 90% used [0x0000000080000000,0x0000000084518b00,0x0000000084c80000)
 Metaspace       used 22665K, committed 23744K, reserved 1114112K
  class space    used 2088K, committed 2496K, reserved 1048576K
}
Event: 58.154 GC heap after
{Heap after GC invocations=57 (full 5):
 PSYoungGen      total 17408K, used 16896K [0x00000000d5580000, 0x00000000d6900000, 0x0000000100000000)
  eden space 16896K, 100% used [0x00000000d5580000,0x00000000d6600000,0x00000000d6600000)
  from space 512K, 0% used [0x00000000d6880000,0x00000000d6880000,0x00000000d6900000)
  to   space 1024K, 99% used [0x00000000d6700000,0x00000000d67ff0a8,0x00000000d6800000)
 ParOldGen       total 78336K, used 70914K [0x0000000080000000, 0x0000000084c80000, 0x00000000d5580000)
  object space 78336K, 90% used [0x0000000080000000,0x0000000084540b00,0x0000000084c80000)
 Metaspace       used 22665K, committed 23744K, reserved 1114112K
  class space    used 2088K, committed 2496K, reserved 1048576K
}
Event: 58.154 GC heap before
{Heap before GC invocations=58 (full 6):
 PSYoungGen      total 17408K, used 16896K [0x00000000d5580000, 0x00000000d6900000, 0x0000000100000000)
  eden space 16896K, 100% used [0x00000000d5580000,0x00000000d6600000,0x00000000d6600000)
  from space 512K, 0% used [0x00000000d6880000,0x00000000d6880000,0x00000000d6900000)
  to   space 1024K, 99% used [0x00000000d6700000,0x00000000d67ff0a8,0x00000000d6800000)
 ParOldGen       total 78336K, used 70914K [0x0000000080000000, 0x0000000084c80000, 0x00000000d5580000)
  object space 78336K, 90% used [0x0000000080000000,0x0000000084540b00,0x0000000084c80000)
 Metaspace       used 22665K, committed 23744K, reserved 1114112K
  class space    used 2088K, committed 2496K, reserved 1048576K
}
Event: 58.249 GC heap after
{Heap after GC invocations=58 (full 6):
 PSYoungGen      total 18432K, used 0K [0x00000000d5580000, 0x00000000d6900000, 0x0000000100000000)
  eden space 17408K, 0% used [0x00000000d5580000,0x00000000d5580000,0x00000000d6680000)
  from space 1024K, 0% used [0x00000000d6700000,0x00000000d6700000,0x00000000d6800000)
  to   space 1024K, 0% used [0x00000000d6800000,0x00000000d6800000,0x00000000d6900000)
 ParOldGen       total 78336K, used 70493K [0x0000000080000000, 0x0000000084c80000, 0x00000000d5580000)
  object space 78336K, 89% used [0x0000000080000000,0x00000000844d75e0,0x0000000084c80000)
 Metaspace       used 22665K, committed 23744K, reserved 1114112K
  class space    used 2088K, committed 2496K, reserved 1048576K
}
Event: 58.349 GC heap before
{Heap before GC invocations=59 (full 6):
 PSYoungGen      total 18432K, used 17408K [0x00000000d5580000, 0x00000000d6900000, 0x0000000100000000)
  eden space 17408K, 100% used [0x00000000d5580000,0x00000000d6680000,0x00000000d6680000)
  from space 1024K, 0% used [0x00000000d6700000,0x00000000d6700000,0x00000000d6800000)
  to   space 1024K, 0% used [0x00000000d6800000,0x00000000d6800000,0x00000000d6900000)
 ParOldGen       total 78336K, used 70493K [0x0000000080000000, 0x0000000084c80000, 0x00000000d5580000)
  object space 78336K, 89% used [0x0000000080000000,0x00000000844d75e0,0x0000000084c80000)
 Metaspace       used 22665K, committed 23744K, reserved 1114112K
  class space    used 2088K, committed 2496K, reserved 1048576K
}
Event: 58.358 GC heap after
{Heap after GC invocations=59 (full 6):
 PSYoungGen      total 18432K, used 1006K [0x00000000d5580000, 0x00000000d6900000, 0x0000000100000000)
  eden space 17408K, 0% used [0x00000000d5580000,0x00000000d5580000,0x00000000d6680000)
  from space 1024K, 98% used [0x00000000d6800000,0x00000000d68fbab0,0x00000000d6900000)
  to   space 1024K, 0% used [0x00000000d6700000,0x00000000d6700000,0x00000000d6800000)
 ParOldGen       total 78336K, used 74624K [0x0000000080000000, 0x0000000084c80000, 0x00000000d5580000)
  object space 78336K, 95% used [0x0000000080000000,0x00000000848e0230,0x0000000084c80000)
 Metaspace       used 22665K, committed 23744K, reserved 1114112K
  class space    used 2088K, committed 2496K, reserved 1048576K
}
Event: 58.404 GC heap before
{Heap before GC invocations=60 (full 6):
 PSYoungGen      total 18432K, used 18414K [0x00000000d5580000, 0x00000000d6900000, 0x0000000100000000)
  eden space 17408K, 100% used [0x00000000d5580000,0x00000000d6680000,0x00000000d6680000)
  from space 1024K, 98% used [0x00000000d6800000,0x00000000d68fbab0,0x00000000d6900000)
  to   space 1024K, 0% used [0x00000000d6700000,0x00000000d6700000,0x00000000d6800000)
 ParOldGen       total 78336K, used 74624K [0x0000000080000000, 0x0000000084c80000, 0x00000000d5580000)
  object space 78336K, 95% used [0x0000000080000000,0x00000000848e0230,0x0000000084c80000)
 Metaspace       used 22665K, committed 23744K, reserved 1114112K
  class space    used 2088K, committed 2496K, reserved 1048576K
}
Event: 58.417 GC heap after
{Heap after GC invocations=60 (full 6):
 PSYoungGen      total 18432K, used 1024K [0x00000000d5580000, 0x00000000d6900000, 0x0000000100000000)
  eden space 17408K, 0% used [0x00000000d5580000,0x00000000d5580000,0x00000000d6680000)
  from space 1024K, 100% used [0x00000000d6700000,0x00000000d6800000,0x00000000d6800000)
  to   space 1024K, 0% used [0x00000000d6800000,0x00000000d6800000,0x00000000d6900000)
 ParOldGen       total 81408K, used 81151K [0x0000000080000000, 0x0000000084f80000, 0x00000000d5580000)
  object space 81408K, 99% used [0x0000000080000000,0x0000000084f3ff88,0x0000000084f80000)
 Metaspace       used 22665K, committed 23744K, reserved 1114112K
  class space    used 2088K, committed 2496K, reserved 1048576K
}
Event: 58.451 GC heap before
{Heap before GC invocations=61 (full 6):
 PSYoungGen      total 18432K, used 18432K [0x00000000d5580000, 0x00000000d6900000, 0x0000000100000000)
  eden space 17408K, 100% used [0x00000000d5580000,0x00000000d6680000,0x00000000d6680000)
  from space 1024K, 100% used [0x00000000d6700000,0x00000000d6800000,0x00000000d6800000)
  to   space 1024K, 0% used [0x00000000d6800000,0x00000000d6800000,0x00000000d6900000)
 ParOldGen       total 81408K, used 81151K [0x0000000080000000, 0x0000000084f80000, 0x00000000d5580000)
  object space 81408K, 99% used [0x0000000080000000,0x0000000084f3ff88,0x0000000084f80000)
 Metaspace       used 22665K, committed 23744K, reserved 1114112K
  class space    used 2088K, committed 2496K, reserved 1048576K
}
Event: 58.459 GC heap after
{Heap after GC invocations=61 (full 6):
 PSYoungGen      total 18432K, used 18432K [0x00000000d5580000, 0x00000000d6900000, 0x0000000100000000)
  eden space 17408K, 100% used [0x00000000d5580000,0x00000000d6680000,0x00000000d6680000)
  from space 1024K, 100% used [0x00000000d6700000,0x00000000d6800000,0x00000000d6800000)
  to   space 1024K, 99% used [0x00000000d6800000,0x00000000d68fdab0,0x00000000d6900000)
 ParOldGen       total 83456K, used 83452K [0x0000000080000000, 0x0000000085180000, 0x00000000d5580000)
  object space 83456K, 99% used [0x0000000080000000,0x000000008517f230,0x0000000085180000)
 Metaspace       used 22665K, committed 23744K, reserved 1114112K
  class space    used 2088K, committed 2496K, reserved 1048576K
}
Event: 58.459 GC heap before
{Heap before GC invocations=62 (full 7):
 PSYoungGen      total 18432K, used 18432K [0x00000000d5580000, 0x00000000d6900000, 0x0000000100000000)
  eden space 17408K, 100% used [0x00000000d5580000,0x00000000d6680000,0x00000000d6680000)
  from space 1024K, 100% used [0x00000000d6700000,0x00000000d6800000,0x00000000d6800000)
  to   space 1024K, 99% used [0x00000000d6800000,0x00000000d68fdab0,0x00000000d6900000)
 ParOldGen       total 83456K, used 83452K [0x0000000080000000, 0x0000000085180000, 0x00000000d5580000)
  object space 83456K, 99% used [0x0000000080000000,0x000000008517f230,0x0000000085180000)
 Metaspace       used 22665K, committed 23744K, reserved 1114112K
  class space    used 2088K, committed 2496K, reserved 1048576K
}
Event: 59.015 GC heap after
{Heap after GC invocations=62 (full 7):
 PSYoungGen      total 18432K, used 1830K [0x00000000d5580000, 0x00000000d6900000, 0x0000000100000000)
  eden space 17408K, 10% used [0x00000000d5580000,0x00000000d5749b90,0x00000000d6680000)
  from space 1024K, 0% used [0x00000000d6800000,0x00000000d6800000,0x00000000d6900000)
  to   space 1024K, 0% used [0x00000000d6700000,0x00000000d6700000,0x00000000d6800000)
 ParOldGen       total 83456K, used 83342K [0x0000000080000000, 0x0000000085180000, 0x00000000d5580000)
  object space 83456K, 99% used [0x0000000080000000,0x0000000085163990,0x0000000085180000)
 Metaspace       used 22665K, committed 23744K, reserved 1114112K
  class space    used 2088K, committed 2496K, reserved 1048576K
}
Event: 59.050 GC heap before
{Heap before GC invocations=63 (full 7):
 PSYoungGen      total 18432K, used 17408K [0x00000000d5580000, 0x00000000d6900000, 0x0000000100000000)
  eden space 17408K, 100% used [0x00000000d5580000,0x00000000d6680000,0x00000000d6680000)
  from space 1024K, 0% used [0x00000000d6800000,0x00000000d6800000,0x00000000d6900000)
  to   space 1024K, 0% used [0x00000000d6700000,0x00000000d6700000,0x00000000d6800000)
 ParOldGen       total 83456K, used 83342K [0x0000000080000000, 0x0000000085180000, 0x00000000d5580000)
  object space 83456K, 99% used [0x0000000080000000,0x0000000085163990,0x0000000085180000)
 Metaspace       used 22667K, committed 23744K, reserved 1114112K
  class space    used 2088K, committed 2496K, reserved 1048576K
}
Event: 59.078 GC heap after
{Heap after GC invocations=63 (full 7):
 PSYoungGen      total 18432K, used 1024K [0x00000000d5580000, 0x00000000d6900000, 0x0000000100000000)
  eden space 17408K, 0% used [0x00000000d5580000,0x00000000d5580000,0x00000000d6680000)
  from space 1024K, 100% used [0x00000000d6700000,0x00000000d6800000,0x00000000d6800000)
  to   space 1024K, 0% used [0x00000000d6800000,0x00000000d6800000,0x00000000d6900000)
 ParOldGen       total 90624K, used 90223K [0x0000000080000000, 0x0000000085880000, 0x00000000d5580000)
  object space 90624K, 99% used [0x0000000080000000,0x000000008581bc08,0x0000000085880000)
 Metaspace       used 22667K, committed 23744K, reserved 1114112K
  class space    used 2088K, committed 2496K, reserved 1048576K
}
Event: 59.144 GC heap before
{Heap before GC invocations=64 (full 7):
 PSYoungGen      total 18432K, used 18432K [0x00000000d5580000, 0x00000000d6900000, 0x0000000100000000)
  eden space 17408K, 100% used [0x00000000d5580000,0x00000000d6680000,0x00000000d6680000)
  from space 1024K, 100% used [0x00000000d6700000,0x00000000d6800000,0x00000000d6800000)
  to   space 1024K, 0% used [0x00000000d6800000,0x00000000d6800000,0x00000000d6900000)
 ParOldGen       total 90624K, used 90223K [0x0000000080000000, 0x0000000085880000, 0x00000000d5580000)
  object space 90624K, 99% used [0x0000000080000000,0x000000008581bc08,0x0000000085880000)
 Metaspace       used 22667K, committed 23744K, reserved 1114112K
  class space    used 2088K, committed 2496K, reserved 1048576K
}
Event: 59.159 GC heap after
{Heap after GC invocations=64 (full 7):
 PSYoungGen      total 18432K, used 18432K [0x00000000d5580000, 0x00000000d6900000, 0x0000000100000000)
  eden space 17408K, 100% used [0x00000000d5580000,0x00000000d6680000,0x00000000d6680000)
  from space 1024K, 100% used [0x00000000d6700000,0x00000000d6800000,0x00000000d6800000)
  to   space 1024K, 97% used [0x00000000d6800000,0x00000000d68f8810,0x00000000d6900000)
 ParOldGen       total 93696K, used 93693K [0x0000000080000000, 0x0000000085b80000, 0x00000000d5580000)
  object space 93696K, 99% used [0x0000000080000000,0x0000000085b7f7b0,0x0000000085b80000)
 Metaspace       used 22667K, committed 23744K, reserved 1114112K
  class space    used 2088K, committed 2496K, reserved 1048576K
}
Event: 59.159 GC heap before
{Heap before GC invocations=65 (full 8):
 PSYoungGen      total 18432K, used 18432K [0x00000000d5580000, 0x00000000d6900000, 0x0000000100000000)
  eden space 17408K, 100% used [0x00000000d5580000,0x00000000d6680000,0x00000000d6680000)
  from space 1024K, 100% used [0x00000000d6700000,0x00000000d6800000,0x00000000d6800000)
  to   space 1024K, 97% used [0x00000000d6800000,0x00000000d68f8810,0x00000000d6900000)
 ParOldGen       total 93696K, used 93693K [0x0000000080000000, 0x0000000085b80000, 0x00000000d5580000)
  object space 93696K, 99% used [0x0000000080000000,0x0000000085b7f7b0,0x0000000085b80000)
 Metaspace       used 22667K, committed 23744K, reserved 1114112K
  class space    used 2088K, committed 2496K, reserved 1048576K
}
Event: 59.478 GC heap after
{Heap after GC invocations=65 (full 8):
 PSYoungGen      total 18432K, used 4564K [0x00000000d5580000, 0x00000000d6900000, 0x0000000100000000)
  eden space 17408K, 26% used [0x00000000d5580000,0x00000000d59f5100,0x00000000d6680000)
  from space 1024K, 0% used [0x00000000d6800000,0x00000000d6800000,0x00000000d6900000)
  to   space 1024K, 0% used [0x00000000d6700000,0x00000000d6700000,0x00000000d6800000)
 ParOldGen       total 93696K, used 93603K [0x0000000080000000, 0x0000000085b80000, 0x00000000d5580000)
  object space 93696K, 99% used [0x0000000080000000,0x0000000085b68fe8,0x0000000085b80000)
 Metaspace       used 22667K, committed 23744K, reserved 1114112K
  class space    used 2088K, committed 2496K, reserved 1048576K
}
Event: 59.499 GC heap before
{Heap before GC invocations=66 (full 8):
 PSYoungGen      total 18432K, used 17408K [0x00000000d5580000, 0x00000000d6900000, 0x0000000100000000)
  eden space 17408K, 100% used [0x00000000d5580000,0x00000000d6680000,0x00000000d6680000)
  from space 1024K, 0% used [0x00000000d6800000,0x00000000d6800000,0x00000000d6900000)
  to   space 1024K, 0% used [0x00000000d6700000,0x00000000d6700000,0x00000000d6800000)
 ParOldGen       total 93696K, used 93603K [0x0000000080000000, 0x0000000085b80000, 0x00000000d5580000)
  object space 93696K, 99% used [0x0000000080000000,0x0000000085b68fe8,0x0000000085b80000)
 Metaspace       used 22671K, committed 23744K, reserved 1114112K
  class space    used 2088K, committed 2496K, reserved 1048576K
}

Dll operation events (12 events):
Event: 0.085 Loaded shared library c:\Users\GLOBAL STORE\.vscode\extensions\redhat.java-1.48.2025111408-win32-x64\jre\21.0.9-win32-x86_64\bin\java.dll
Event: 4.621 Loaded shared library c:\Users\GLOBAL STORE\.vscode\extensions\redhat.java-1.48.2025111408-win32-x64\jre\21.0.9-win32-x86_64\bin\zip.dll
Event: 4.628 Loaded shared library C:\Users\GLOBAL STORE\.vscode\extensions\redhat.java-1.48.2025111408-win32-x64\jre\21.0.9-win32-x86_64\bin\instrument.dll
Event: 4.638 Loaded shared library C:\Users\GLOBAL STORE\.vscode\extensions\redhat.java-1.48.2025111408-win32-x64\jre\21.0.9-win32-x86_64\bin\net.dll
Event: 4.644 Loaded shared library C:\Users\GLOBAL STORE\.vscode\extensions\redhat.java-1.48.2025111408-win32-x64\jre\21.0.9-win32-x86_64\bin\nio.dll
Event: 4.648 Loaded shared library C:\Users\GLOBAL STORE\.vscode\extensions\redhat.java-1.48.2025111408-win32-x64\jre\21.0.9-win32-x86_64\bin\zip.dll
Event: 4.687 Loaded shared library C:\Users\GLOBAL STORE\.vscode\extensions\redhat.java-1.48.2025111408-win32-x64\jre\21.0.9-win32-x86_64\bin\jimage.dll
Event: 4.888 Loaded shared library c:\Users\GLOBAL STORE\.vscode\extensions\redhat.java-1.48.2025111408-win32-x64\jre\21.0.9-win32-x86_64\bin\verify.dll
Event: 25.452 Loaded shared library C:\Users\GLOBAL STORE\AppData\Roaming\Code\User\globalStorage\redhat.java\1.48.2025111408\config_win\org.eclipse.equinox.launcher\org.eclipse.equinox.launcher.win32.win32.x86_64_1.2.1400.v20250801-0854\eclipse_11916.dll
Event: 42.635 Loaded shared library C:\Users\GLOBAL STORE\AppData\Local\Temp\jna--1378626267\jna17376867549548442517.dll
Event: 46.118 Loaded shared library C:\Users\GLOBAL STORE\.vscode\extensions\redhat.java-1.48.2025111408-win32-x64\jre\21.0.9-win32-x86_64\bin\sunmscapi.dll
Event: 46.208 Loaded shared library C:\Users\GLOBAL STORE\.vscode\extensions\redhat.java-1.48.2025111408-win32-x64\jre\21.0.9-win32-x86_64\bin\extnet.dll

Deoptimization events (20 events):
Event: 58.137 Thread 0x000001a36dc71ff0 Uncommon trap: trap_request=0xffffffc6 fr.pc=0x000001a35ba102b0 relative=0x0000000000000290
Event: 58.137 Thread 0x000001a36dc71ff0 Uncommon trap: reason=bimorphic_or_optimized_type_check action=maybe_recompile pc=0x000001a35ba102b0 method=com.google.gson.internal.bind.TypeAdapterRuntimeTypeWrapper.read(Lcom/google/gson/stream/JsonReader;)Ljava/lang/Object; @ 5 c2
Event: 58.137 Thread 0x000001a36dc71ff0 DEOPT PACKING pc=0x000001a35ba102b0 sp=0x000000880d9ff030
Event: 58.137 Thread 0x000001a36dc71ff0 DEOPT UNPACKING pc=0x000001a35b1b3aa2 sp=0x000000880d9fefb8 mode 2
Event: 58.137 Thread 0x000001a36dc71ff0 Uncommon trap: trap_request=0xffffffc6 fr.pc=0x000001a35ba102b0 relative=0x0000000000000290
Event: 58.137 Thread 0x000001a36dc71ff0 Uncommon trap: reason=bimorphic_or_optimized_type_check action=maybe_recompile pc=0x000001a35ba102b0 method=com.google.gson.internal.bind.TypeAdapterRuntimeTypeWrapper.read(Lcom/google/gson/stream/JsonReader;)Ljava/lang/Object; @ 5 c2
Event: 58.137 Thread 0x000001a36dc71ff0 DEOPT PACKING pc=0x000001a35ba102b0 sp=0x000000880d9fef30
Event: 58.137 Thread 0x000001a36dc71ff0 DEOPT UNPACKING pc=0x000001a35b1b3aa2 sp=0x000000880d9feec8 mode 2
Event: 58.255 Thread 0x000001a36dc6ff20 Uncommon trap: trap_request=0xffffff45 fr.pc=0x000001a35b891a88 relative=0x00000000000009c8
Event: 58.255 Thread 0x000001a36dc6ff20 Uncommon trap: reason=unstable_if action=reinterpret pc=0x000001a35b891a88 method=java.util.Arrays.mismatch([BII[BII)I @ 58 c2
Event: 58.255 Thread 0x000001a36dc6ff20 DEOPT PACKING pc=0x000001a35b891a88 sp=0x000000880d7fdde0
Event: 58.255 Thread 0x000001a36dc6ff20 DEOPT UNPACKING pc=0x000001a35b1b3aa2 sp=0x000000880d7fdc50 mode 2
Event: 58.270 Thread 0x000001a36d5fd710 Uncommon trap: trap_request=0xffffff45 fr.pc=0x000001a35bb0ee28 relative=0x0000000000000c28
Event: 58.270 Thread 0x000001a36d5fd710 Uncommon trap: reason=unstable_if action=reinterpret pc=0x000001a35bb0ee28 method=sun.nio.fs.WindowsPath.normalize()Lsun/nio/fs/WindowsPath; @ 79 c2
Event: 58.270 Thread 0x000001a36d5fd710 DEOPT PACKING pc=0x000001a35bb0ee28 sp=0x000000880c8fe800
Event: 58.270 Thread 0x000001a36d5fd710 DEOPT UNPACKING pc=0x000001a35b1b3aa2 sp=0x000000880c8fe7b8 mode 2
Event: 59.478 Thread 0x000001a36d5fd710 Uncommon trap: trap_request=0xfffffff4 fr.pc=0x000001a35bb134ac relative=0x000000000000016c
Event: 59.478 Thread 0x000001a36d5fd710 Uncommon trap: reason=null_check action=make_not_entrant pc=0x000001a35bb134ac method=java.util.ArrayList.equals(Ljava/lang/Object;)Z @ 8 c2
Event: 59.478 Thread 0x000001a36d5fd710 DEOPT PACKING pc=0x000001a35bb134ac sp=0x000000880c8fe760
Event: 59.478 Thread 0x000001a36d5fd710 DEOPT UNPACKING pc=0x000001a35b1b3aa2 sp=0x000000880c8fe6f0 mode 2

Classes loaded (20 events):
Event: 47.565 Loading class sun/net/www/http/Hurryable done
Event: 47.565 Loading class sun/net/www/MeteredStream
Event: 47.565 Loading class sun/net/www/MeteredStream done
Event: 47.565 Loading class sun/net/www/http/KeepAliveStream done
Event: 47.565 Loading class sun/net/www/http/KeepAliveStreamCleaner
Event: 47.565 Loading class sun/net/www/http/KeepAliveStreamCleaner done
Event: 47.567 Loading class sun/net/www/http/KeepAliveStreamCleaner$1
Event: 47.567 Loading class sun/net/www/http/KeepAliveStreamCleaner$1 done
Event: 47.567 Loading class sun/net/www/http/KeepAliveStreamCleaner$2
Event: 47.567 Loading class sun/net/www/http/KeepAliveStreamCleaner$2 done
Event: 47.568 Loading class sun/net/www/protocol/http/HttpURLConnection$HttpInputStream
Event: 47.568 Loading class sun/net/www/protocol/http/HttpURLConnection$HttpInputStream done
Event: 50.965 Loading class sun/net/www/http/KeepAliveCache$1
Event: 50.966 Loading class sun/net/www/http/KeepAliveCache$1 done
Event: 50.966 Loading class sun/net/www/http/KeepAliveCache$ClientVector
Event: 50.966 Loading class sun/net/www/http/KeepAliveCache$ClientVector done
Event: 50.968 Loading class sun/net/www/http/KeepAliveEntry
Event: 50.968 Loading class sun/net/www/http/KeepAliveEntry done
Event: 56.827 Loading class jdk/internal/event/SecurityPropertyModificationEvent
Event: 56.828 Loading class jdk/internal/event/SecurityPropertyModificationEvent done

Classes unloaded (20 events):
Event: 57.728 Thread 0x000001a36741fc10 Unloading class 0x000001a305014800 'java/lang/invoke/LambdaForm$MH+0x000001a305014800'
Event: 57.728 Thread 0x000001a36741fc10 Unloading class 0x000001a305014400 'java/lang/invoke/LambdaForm$MH+0x000001a305014400'
Event: 57.728 Thread 0x000001a36741fc10 Unloading class 0x000001a305011800 'java/lang/invoke/LambdaForm$MH+0x000001a305011800'
Event: 57.728 Thread 0x000001a36741fc10 Unloading class 0x000001a305010800 'java/lang/invoke/LambdaForm$MH+0x000001a305010800'
Event: 57.728 Thread 0x000001a36741fc10 Unloading class 0x000001a305010000 'java/lang/invoke/LambdaForm$MH+0x000001a305010000'
Event: 57.728 Thread 0x000001a36741fc10 Unloading class 0x000001a305008c00 'java/lang/invoke/LambdaForm$MH+0x000001a305008c00'
Event: 57.728 Thread 0x000001a36741fc10 Unloading class 0x000001a305008800 'java/lang/invoke/LambdaForm$MH+0x000001a305008800'
Event: 57.728 Thread 0x000001a36741fc10 Unloading class 0x000001a305008400 'java/lang/invoke/LambdaForm$MH+0x000001a305008400'
Event: 57.728 Thread 0x000001a36741fc10 Unloading class 0x000001a305008000 'java/lang/invoke/LambdaForm$MH+0x000001a305008000'
Event: 57.728 Thread 0x000001a36741fc10 Unloading class 0x000001a305005c00 'java/lang/invoke/LambdaForm$MH+0x000001a305005c00'
Event: 57.728 Thread 0x000001a36741fc10 Unloading class 0x000001a305005800 'java/lang/invoke/LambdaForm$MH+0x000001a305005800'
Event: 57.728 Thread 0x000001a36741fc10 Unloading class 0x000001a305005400 'java/lang/invoke/LambdaForm$MH+0x000001a305005400'
Event: 57.728 Thread 0x000001a36741fc10 Unloading class 0x000001a305005000 'java/lang/invoke/LambdaForm$MH+0x000001a305005000'
Event: 57.728 Thread 0x000001a36741fc10 Unloading class 0x000001a305004c00 'java/lang/invoke/LambdaForm$MH+0x000001a305004c00'
Event: 57.728 Thread 0x000001a36741fc10 Unloading class 0x000001a305004800 'java/lang/invoke/LambdaForm$MH+0x000001a305004800'
Event: 57.728 Thread 0x000001a36741fc10 Unloading class 0x000001a305004400 'java/lang/invoke/LambdaForm$MH+0x000001a305004400'
Event: 57.728 Thread 0x000001a36741fc10 Unloading class 0x000001a305001c00 'java/lang/invoke/LambdaForm$MH+0x000001a305001c00'
Event: 57.728 Thread 0x000001a36741fc10 Unloading class 0x000001a305001800 'java/lang/invoke/LambdaForm$MH+0x000001a305001800'
Event: 57.728 Thread 0x000001a36741fc10 Unloading class 0x000001a305001000 'java/lang/invoke/LambdaForm$MH+0x000001a305001000'
Event: 57.728 Thread 0x000001a36741fc10 Unloading class 0x000001a305000400 'java/lang/invoke/LambdaForm$MH+0x000001a305000400'

Classes redefined (0 events):
No events

Internal exceptions (20 events):
Event: 55.436 Thread 0x000001a36dc712d0 Exception <a 'sun/nio/fs/WindowsException'{0x00000000d62561a8}> (0x00000000d62561a8) 
thrown [s\src\hotspot\share\prims\jni.cpp, line 520]
Event: 55.437 Thread 0x000001a36dc712d0 Exception <a 'sun/nio/fs/WindowsException'{0x00000000d6257148}> (0x00000000d6257148) 
thrown [s\src\hotspot\share\prims\jni.cpp, line 520]
Event: 55.437 Thread 0x000001a36dc712d0 Exception <a 'sun/nio/fs/WindowsException'{0x00000000d6257a68}> (0x00000000d6257a68) 
thrown [s\src\hotspot\share\prims\jni.cpp, line 520]
Event: 55.437 Thread 0x000001a36dc712d0 Exception <a 'sun/nio/fs/WindowsException'{0x00000000d6258d30}> (0x00000000d6258d30) 
thrown [s\src\hotspot\share\prims\jni.cpp, line 520]
Event: 55.438 Thread 0x000001a36dc712d0 Exception <a 'sun/nio/fs/WindowsException'{0x00000000d6259650}> (0x00000000d6259650) 
thrown [s\src\hotspot\share\prims\jni.cpp, line 520]
Event: 55.439 Thread 0x000001a36dc712d0 Exception <a 'sun/nio/fs/WindowsException'{0x00000000d625a908}> (0x00000000d625a908) 
thrown [s\src\hotspot\share\prims\jni.cpp, line 520]
Event: 55.439 Thread 0x000001a36dc712d0 Exception <a 'sun/nio/fs/WindowsException'{0x00000000d625b1f8}> (0x00000000d625b1f8) 
thrown [s\src\hotspot\share\prims\jni.cpp, line 520]
Event: 55.440 Thread 0x000001a36dc712d0 Exception <a 'sun/nio/fs/WindowsException'{0x00000000d625c468}> (0x00000000d625c468) 
thrown [s\src\hotspot\share\prims\jni.cpp, line 520]
Event: 55.440 Thread 0x000001a36dc712d0 Exception <a 'sun/nio/fs/WindowsException'{0x00000000d625cd58}> (0x00000000d625cd58) 
thrown [s\src\hotspot\share\prims\jni.cpp, line 520]
Event: 55.444 Thread 0x000001a36dc712d0 Exception <a 'java/lang/IncompatibleClassChangeError'{0x00000000d62859f0}: Found class java.lang.Object, but interface was expected> (0x00000000d62859f0) 
thrown [s\src\hotspot\share\interpreter\linkResolver.cpp, line 840]
Event: 55.451 Thread 0x000001a36dc712d0 Exception <a 'java/lang/IncompatibleClassChangeError'{0x00000000d62e7168}: Found class java.lang.Object, but interface was expected> (0x00000000d62e7168) 
thrown [s\src\hotspot\share\interpreter\linkResolver.cpp, line 840]
Event: 55.466 Thread 0x000001a36dc712d0 Exception <a 'java/lang/IncompatibleClassChangeError'{0x00000000d636d020}: Found class java.lang.Object, but interface was expected> (0x00000000d636d020) 
thrown [s\src\hotspot\share\interpreter\linkResolver.cpp, line 840]
Event: 55.612 Thread 0x000001a36dc712d0 Exception <a 'java/lang/IncompatibleClassChangeError'{0x00000000d5896040}: Found class java.lang.Object, but interface was expected> (0x00000000d5896040) 
thrown [s\src\hotspot\share\interpreter\linkResolver.cpp, line 840]
Event: 56.377 Thread 0x000001a36dc712d0 Exception <a 'java/lang/IncompatibleClassChangeError'{0x00000000d587a508}: Found class java.lang.Object, but interface was expected> (0x00000000d587a508) 
thrown [s\src\hotspot\share\interpreter\linkResolver.cpp, line 840]
Event: 56.413 Thread 0x000001a36dc6de50 Implicit null exception at 0x000001a35b9d1884 to 0x000001a35b9d26a0
Event: 56.443 Thread 0x000001a36d5feac0 Implicit null exception at 0x000001a35baf7b07 to 0x000001a35baf8184
Event: 57.976 Thread 0x000001a36d5feac0 Implicit null exception at 0x000001a35bb1e892 to 0x000001a35bb1e93d
Event: 58.005 Thread 0x000001a36d5feac0 Exception <a 'java/lang/NoSuchMethodError'{0x00000000d609db58}: 'void java.lang.invoke.DelegatingMethodHandle$Holder.reinvoke_L(java.lang.Object, java.lang.Object, int)'> (0x00000000d609db58) 
thrown [s\src\hotspot\share\interpreter\linkResolver.cpp, line 773]
Event: 58.127 Thread 0x000001a36d5fd710 Implicit null exception at 0x000001a35bb11f89 to 0x000001a35bb120bd
Event: 59.478 Thread 0x000001a36d5fd710 Implicit null exception at 0x000001a35bb13389 to 0x000001a35bb134a0

ZGC Phase Switch (0 events):
No events

VM Operations (20 events):
Event: 57.964 Executing VM operation: ParallelGCFailedAllocation (Allocation Failure) done
Event: 57.994 Executing VM operation: ParallelGCFailedAllocation (Allocation Failure)
Event: 57.999 Executing VM operation: ParallelGCFailedAllocation (Allocation Failure) done
Event: 58.023 Executing VM operation: ParallelGCFailedAllocation (Allocation Failure)
Event: 58.125 Executing VM operation: ParallelGCFailedAllocation (Allocation Failure) done
Event: 58.134 Executing VM operation: HandshakeAllThreads (Deoptimize)
Event: 58.135 Executing VM operation: HandshakeAllThreads (Deoptimize) done
Event: 58.150 Executing VM operation: ParallelGCFailedAllocation (Allocation Failure)
Event: 58.249 Executing VM operation: ParallelGCFailedAllocation (Allocation Failure) done
Event: 58.349 Executing VM operation: ParallelGCFailedAllocation (Allocation Failure)
Event: 58.358 Executing VM operation: ParallelGCFailedAllocation (Allocation Failure) done
Event: 58.403 Executing VM operation: ParallelGCFailedAllocation (Allocation Failure)
Event: 58.417 Executing VM operation: ParallelGCFailedAllocation (Allocation Failure) done
Event: 58.451 Executing VM operation: ParallelGCFailedAllocation (Allocation Failure)
Event: 59.015 Executing VM operation: ParallelGCFailedAllocation (Allocation Failure) done
Event: 59.050 Executing VM operation: ParallelGCFailedAllocation (Allocation Failure)
Event: 59.078 Executing VM operation: ParallelGCFailedAllocation (Allocation Failure) done
Event: 59.140 Executing VM operation: ParallelGCFailedAllocation (Allocation Failure)
Event: 59.478 Executing VM operation: ParallelGCFailedAllocation (Allocation Failure) done
Event: 59.499 Executing VM operation: ParallelGCFailedAllocation (Allocation Failure)

Memory protections (0 events):
No events

Nmethod flushes (20 events):
Event: 59.240 Thread 0x000001a36741fc10 flushing  nmethod 0x000001a3546ab590
Event: 59.240 Thread 0x000001a36741fc10 flushing  nmethod 0x000001a354977190
Event: 59.240 Thread 0x000001a36741fc10 flushing  nmethod 0x000001a3549b6d90
Event: 59.240 Thread 0x000001a36741fc10 flushing  nmethod 0x000001a3549b8810
Event: 59.240 Thread 0x000001a36741fc10 flushing  nmethod 0x000001a354a0ec10
Event: 59.240 Thread 0x000001a36741fc10 flushing  nmethod 0x000001a354a1bb90
Event: 59.240 Thread 0x000001a36741fc10 flushing  nmethod 0x000001a354a1cc90
Event: 59.240 Thread 0x000001a36741fc10 flushing  nmethod 0x000001a354a1f310
Event: 59.240 Thread 0x000001a36741fc10 flushing  nmethod 0x000001a354a20310
Event: 59.240 Thread 0x000001a36741fc10 flushing  nmethod 0x000001a354a20d10
Event: 59.240 Thread 0x000001a36741fc10 flushing  nmethod 0x000001a354a23e90
Event: 59.240 Thread 0x000001a36741fc10 flushing  nmethod 0x000001a354a27190
Event: 59.240 Thread 0x000001a36741fc10 flushing  nmethod 0x000001a354ae0d10
Event: 59.240 Thread 0x000001a36741fc10 flushing  nmethod 0x000001a354ae1710
Event: 59.240 Thread 0x000001a36741fc10 flushing  nmethod 0x000001a354aec310
Event: 59.240 Thread 0x000001a36741fc10 flushing  nmethod 0x000001a354af8f10
Event: 59.240 Thread 0x000001a36741fc10 flushing  nmethod 0x000001a354afad90
Event: 59.240 Thread 0x000001a36741fc10 flushing  nmethod 0x000001a354c7a690
Event: 59.240 Thread 0x000001a36741fc10 flushing  nmethod 0x000001a354da2010
Event: 59.240 Thread 0x000001a36741fc10 flushing  nmethod 0x000001a354daf390

Events (20 events):
Event: 44.817 Thread 0x000001a36d5fd080 Thread added: 0x000001a36d600500
Event: 45.502 Thread 0x000001a36d5fd080 Thread added: 0x000001a36d5fd710
Event: 45.610 Thread 0x000001a36d5fd710 Thread added: 0x000001a36d5feac0
Event: 45.705 Thread 0x000001a34e81bb90 Thread added: 0x000001a36d5fdda0
Event: 45.706 Thread 0x000001a34e81bb90 Thread added: 0x000001a36d5fe430
Event: 45.706 Thread 0x000001a34e81bb90 Thread added: 0x000001a36dc705b0
Event: 45.706 Thread 0x000001a34e81bb90 Thread added: 0x000001a36dc70c40
Event: 45.706 Thread 0x000001a34e81bb90 Thread added: 0x000001a36dc71960
Event: 45.707 Thread 0x000001a34e81bb90 Thread added: 0x000001a36dc6bd80
Event: 45.860 Thread 0x000001a34e81bb90 Thread added: 0x000001a36dc6c410
Event: 46.337 Thread 0x000001a34e81bb90 Thread added: 0x000001a36dc6d130
Event: 46.337 Thread 0x000001a34e81bb90 Thread added: 0x000001a36dc712d0
Event: 47.375 Thread 0x000001a36d5fd080 Thread added: 0x000001a36dc71ff0
Event: 47.378 Thread 0x000001a36dc71ff0 Thread exited: 0x000001a36dc71ff0
Event: 48.873 Thread 0x000001a36d600500 Thread added: 0x000001a36dc6de50
Event: 48.874 Thread 0x000001a36dc6de50 Thread added: 0x000001a36dc6f200
Event: 48.874 Thread 0x000001a36d600500 Thread added: 0x000001a36dc6d7c0
Event: 48.874 Thread 0x000001a36dc6f200 Thread added: 0x000001a36dc6ff20
Event: 50.966 Thread 0x000001a36d5fd080 Thread added: 0x000001a36dc6eb70
Event: 56.898 Thread 0x000001a36dc6de50 Thread added: 0x000001a36dc71ff0


Dynamic libraries:
0x00007ff6da780000 - 0x00007ff6da78e000 	c:\Users\GLOBAL STORE\.vscode\extensions\redhat.java-1.48.2025111408-win32-x64\jre\21.0.9-win32-x86_64\bin\java.exe
0x00007ff8bd450000 - 0x00007ff8bd648000 	C:\WINDOWS\SYSTEM32\ntdll.dll
0x00007ff8bd130000 - 0x00007ff8bd1f2000 	C:\WINDOWS\System32\KERNEL32.DLL
0x00007ff8baf40000 - 0x00007ff8bb236000 	C:\WINDOWS\System32\KERNELBASE.dll
0x00007ff8bb2f0000 - 0x00007ff8bb3f0000 	C:\WINDOWS\System32\ucrtbase.dll
0x00007ff8a6e70000 - 0x00007ff8a6e88000 	c:\Users\GLOBAL STORE\.vscode\extensions\redhat.java-1.48.2025111408-win32-x64\jre\21.0.9-win32-x86_64\bin\jli.dll
0x00007ff8bc400000 - 0x00007ff8bc5a1000 	C:\WINDOWS\System32\USER32.dll
0x00007ff8bab80000 - 0x00007ff8baba2000 	C:\WINDOWS\System32\win32u.dll
0x00007ff8bc6d0000 - 0x00007ff8bc6fb000 	C:\WINDOWS\System32\GDI32.dll
0x00007ff8bac00000 - 0x00007ff8bad19000 	C:\WINDOWS\System32\gdi32full.dll
0x00007ff8baae0000 - 0x00007ff8bab7d000 	C:\WINDOWS\System32\msvcp_win.dll
0x00007ff8b0020000 - 0x00007ff8b003e000 	c:\Users\GLOBAL STORE\.vscode\extensions\redhat.java-1.48.2025111408-win32-x64\jre\21.0.9-win32-x86_64\bin\VCRUNTIME140.dll
0x00007ff8b9e80000 - 0x00007ff8ba11b000 	C:\WINDOWS\WinSxS\amd64_microsoft.windows.common-controls_6595b64144ccf1df_6.0.19041.6456_none_60b8a6cb71f64256\COMCTL32.dll
0x00007ff8bcf50000 - 0x00007ff8bcfee000 	C:\WINDOWS\System32\msvcrt.dll
0x00007ff8bd200000 - 0x00007ff8bd22f000 	C:\WINDOWS\System32\IMM32.DLL
0x00007ff8b3d10000 - 0x00007ff8b3d1c000 	c:\Users\GLOBAL STORE\.vscode\extensions\redhat.java-1.48.2025111408-win32-x64\jre\21.0.9-win32-x86_64\bin\vcruntime140_1.dll
0x00007ff872340000 - 0x00007ff8723cd000 	c:\Users\GLOBAL STORE\.vscode\extensions\redhat.java-1.48.2025111408-win32-x64\jre\21.0.9-win32-x86_64\bin\msvcp140.dll
0x00007ff804770000 - 0x00007ff805510000 	c:\Users\GLOBAL STORE\.vscode\extensions\redhat.java-1.48.2025111408-win32-x64\jre\21.0.9-win32-x86_64\bin\server\jvm.dll
0x00007ff8bd230000 - 0x00007ff8bd2e1000 	C:\WINDOWS\System32\ADVAPI32.dll
0x00007ff8bc630000 - 0x00007ff8bc6cf000 	C:\WINDOWS\System32\sechost.dll
0x00007ff8bc270000 - 0x00007ff8bc390000 	C:\WINDOWS\System32\RPCRT4.dll
0x00007ff8baf10000 - 0x00007ff8baf37000 	C:\WINDOWS\System32\bcrypt.dll
0x00007ff8bc390000 - 0x00007ff8bc3fb000 	C:\WINDOWS\System32\WS2_32.dll
0x00007ff8ba6d0000 - 0x00007ff8ba71b000 	C:\WINDOWS\SYSTEM32\POWRPROF.dll
0x00007ff8ab590000 - 0x00007ff8ab5b7000 	C:\WINDOWS\SYSTEM32\WINMM.dll
0x00007ff8b1cd0000 - 0x00007ff8b1cda000 	C:\WINDOWS\SYSTEM32\VERSION.dll
0x00007ff8ba210000 - 0x00007ff8ba222000 	C:\WINDOWS\SYSTEM32\UMPDC.dll
0x00007ff8b85c0000 - 0x00007ff8b85d2000 	C:\WINDOWS\SYSTEM32\kernel.appcore.dll
0x00007ff8b2760000 - 0x00007ff8b276a000 	c:\Users\GLOBAL STORE\.vscode\extensions\redhat.java-1.48.2025111408-win32-x64\jre\21.0.9-win32-x86_64\bin\jimage.dll
0x00007ff8ba4c0000 - 0x00007ff8ba6c1000 	C:\WINDOWS\SYSTEM32\DBGHELP.DLL
0x00007ff8ba400000 - 0x00007ff8ba434000 	C:\WINDOWS\SYSTEM32\dbgcore.DLL
0x00007ff8bad20000 - 0x00007ff8bada2000 	C:\WINDOWS\System32\bcryptPrimitives.dll
0x00007ff8a6f40000 - 0x00007ff8a6f4f000 	c:\Users\GLOBAL STORE\.vscode\extensions\redhat.java-1.48.2025111408-win32-x64\jre\21.0.9-win32-x86_64\bin\instrument.dll
0x00007ff8972d0000 - 0x00007ff8972f0000 	c:\Users\GLOBAL STORE\.vscode\extensions\redhat.java-1.48.2025111408-win32-x64\jre\21.0.9-win32-x86_64\bin\java.dll
0x00007ff8bc700000 - 0x00007ff8bce70000 	C:\WINDOWS\System32\SHELL32.dll
0x00007ff8b7dd0000 - 0x00007ff8b8575000 	C:\WINDOWS\SYSTEM32\windows.storage.dll
0x00007ff8bbf10000 - 0x00007ff8bc264000 	C:\WINDOWS\System32\combase.dll
0x00007ff8b9de0000 - 0x00007ff8b9e0b000 	C:\WINDOWS\SYSTEM32\Wldp.dll
0x00007ff8bbe40000 - 0x00007ff8bbf0d000 	C:\WINDOWS\System32\OLEAUT32.dll
0x00007ff8bcff0000 - 0x00007ff8bd09d000 	C:\WINDOWS\System32\SHCORE.dll
0x00007ff8bb470000 - 0x00007ff8bb4cb000 	C:\WINDOWS\System32\shlwapi.dll
0x00007ff8baa10000 - 0x00007ff8baa34000 	C:\WINDOWS\SYSTEM32\profapi.dll
0x00007ff88f330000 - 0x00007ff88f348000 	c:\Users\GLOBAL STORE\.vscode\extensions\redhat.java-1.48.2025111408-win32-x64\jre\21.0.9-win32-x86_64\bin\zip.dll
0x00007ff8b2750000 - 0x00007ff8b2760000 	C:\Users\GLOBAL STORE\.vscode\extensions\redhat.java-1.48.2025111408-win32-x64\jre\21.0.9-win32-x86_64\bin\net.dll
0x00007ff8b0cd0000 - 0x00007ff8b0dda000 	C:\WINDOWS\SYSTEM32\WINHTTP.dll
0x00007ff8b9af0000 - 0x00007ff8b9b5a000 	C:\WINDOWS\system32\mswsock.dll
0x00007ff88f220000 - 0x00007ff88f236000 	C:\Users\GLOBAL STORE\.vscode\extensions\redhat.java-1.48.2025111408-win32-x64\jre\21.0.9-win32-x86_64\bin\nio.dll
0x00007ff89d0a0000 - 0x00007ff89d0b0000 	c:\Users\GLOBAL STORE\.vscode\extensions\redhat.java-1.48.2025111408-win32-x64\jre\21.0.9-win32-x86_64\bin\verify.dll
0x00007ff881030000 - 0x00007ff881074000 	C:\Users\GLOBAL STORE\AppData\Roaming\Code\User\globalStorage\redhat.java\1.48.2025111408\config_win\org.eclipse.equinox.launcher\org.eclipse.equinox.launcher.win32.win32.x86_64_1.2.1400.v20250801-0854\eclipse_11916.dll
0x00007ff8bb4d0000 - 0x00007ff8bb5fb000 	C:\WINDOWS\System32\ole32.dll
0x00007ff8ba850000 - 0x00007ff8ba868000 	C:\WINDOWS\SYSTEM32\CRYPTSP.dll
0x00007ff8b94b0000 - 0x00007ff8b94e8000 	C:\WINDOWS\system32\rsaenh.dll
0x00007ff8ba9d0000 - 0x00007ff8ba9fe000 	C:\WINDOWS\SYSTEM32\USERENV.dll
0x00007ff8b9d50000 - 0x00007ff8b9d5c000 	C:\WINDOWS\SYSTEM32\CRYPTBASE.dll
0x00007ff8b9810000 - 0x00007ff8b984b000 	C:\WINDOWS\SYSTEM32\IPHLPAPI.DLL
0x00007ff8bc5b0000 - 0x00007ff8bc5b8000 	C:\WINDOWS\System32\NSI.dll
0x00007ff87ded0000 - 0x00007ff87df19000 	C:\Users\GLOBAL STORE\AppData\Local\Temp\jna--1378626267\jna17376867549548442517.dll
0x00007ff8bc620000 - 0x00007ff8bc628000 	C:\WINDOWS\System32\PSAPI.DLL
0x00007ff8b11c0000 - 0x00007ff8b11d7000 	C:\WINDOWS\SYSTEM32\dhcpcsvc6.DLL
0x00007ff8b1f40000 - 0x00007ff8b1f5d000 	C:\WINDOWS\SYSTEM32\dhcpcsvc.DLL
0x00007ff8afff0000 - 0x00007ff8afffe000 	C:\Users\GLOBAL STORE\.vscode\extensions\redhat.java-1.48.2025111408-win32-x64\jre\21.0.9-win32-x86_64\bin\sunmscapi.dll
0x00007ff8badb0000 - 0x00007ff8baf0d000 	C:\WINDOWS\System32\CRYPT32.dll
0x00007ff8b9e50000 - 0x00007ff8b9e77000 	C:\WINDOWS\SYSTEM32\ncrypt.dll
0x00007ff8b9e10000 - 0x00007ff8b9e4b000 	C:\WINDOWS\SYSTEM32\NTASN1.dll
0x00007ff8b9850000 - 0x00007ff8b991a000 	C:\WINDOWS\SYSTEM32\DNSAPI.dll
0x00007ff8a55d0000 - 0x00007ff8a55da000 	C:\Windows\System32\rasadhlp.dll
0x00007ff8a6840000 - 0x00007ff8a68c0000 	C:\WINDOWS\System32\fwpuclnt.dll
0x00007ff8afef0000 - 0x00007ff8afef9000 	C:\Users\GLOBAL STORE\.vscode\extensions\redhat.java-1.48.2025111408-win32-x64\jre\21.0.9-win32-x86_64\bin\extnet.dll

JVMTI agents:
c:\Users\GLOBAL STORE\.vscode\extensions\redhat.java-1.48.2025111408-win32-x64\lombok\lombok-1.18.39-4050.jar path:c:\Users\GLOBAL STORE\.vscode\extensions\redhat.java-1.48.2025111408-win32-x64\jre\21.0.9-win32-x86_64\bin\instrument.dll, loaded, initialized, instrumentlib options:none

dbghelp: loaded successfully - version: 4.0.5 - missing functions: none
symbol engine: initialized successfully - sym options: 0x614 - pdb path: .;c:\Users\GLOBAL STORE\.vscode\extensions\redhat.java-1.48.2025111408-win32-x64\jre\21.0.9-win32-x86_64\bin;C:\WINDOWS\SYSTEM32;C:\WINDOWS\WinSxS\amd64_microsoft.windows.common-controls_6595b64144ccf1df_6.0.19041.6456_none_60b8a6cb71f64256;c:\Users\GLOBAL STORE\.vscode\extensions\redhat.java-1.48.2025111408-win32-x64\jre\21.0.9-win32-x86_64\bin\server;C:\Users\GLOBAL STORE\AppData\Roaming\Code\User\globalStorage\redhat.java\1.48.2025111408\config_win\org.eclipse.equinox.launcher\org.eclipse.equinox.launcher.win32.win32.x86_64_1.2.1400.v20250801-0854;C:\Users\GLOBAL STORE\AppData\Local\Temp\jna--1378626267

VM Arguments:
jvm_args: --add-modules=ALL-SYSTEM --add-opens=java.base/java.util=ALL-UNNAMED --add-opens=java.base/java.lang=ALL-UNNAMED --add-opens=java.base/sun.nio.fs=ALL-UNNAMED -Declipse.application=org.eclipse.jdt.ls.core.id1 -Dosgi.bundles.defaultStartLevel=4 -Declipse.product=org.eclipse.jdt.ls.core.product -Djava.import.generatesMetadataFilesAtProjectRoot=false -DDetectVMInstallationsJob.disabled=true -Dfile.encoding=utf8 -XX:+UseParallelGC -XX:GCTimeRatio=4 -XX:AdaptiveSizePolicyWeight=90 -Dsun.zip.disableMemoryMapping=true -Xmx2G -Xms100m -Xlog:disable -javaagent:c:\Users\GLOBAL STORE\.vscode\extensions\redhat.java-1.48.2025111408-win32-x64\lombok\lombok-1.18.39-4050.jar -XX:+HeapDumpOnOutOfMemoryError -XX:HeapDumpPath=c:\Users\GLOBAL STORE\AppData\Roaming\Code\User\workspaceStorage\87ef9fe996664560782c56eaaca1d688\redhat.java -Daether.dependencyCollector.impl=bf -XX:+UnlockDiagnosticVMOptions -XX:+AllowArchivingWithJavaAgent -XX:+AutoCreateSharedArchive -XX:SharedArchiveFile=c:\Users\GLOBAL STORE\AppData\Roaming\Code\User\globalStorage\redhat.java\1.48.2025111408\jdtls.jsa 
java_command: c:\Users\GLOBAL STORE\.vscode\extensions\redhat.java-1.48.2025111408-win32-x64\server\plugins\org.eclipse.equinox.launcher_1.7.100.v20251111-0406.jar -configuration c:\Users\GLOBAL STORE\AppData\Roaming\Code\User\globalStorage\redhat.java\1.48.2025111408\config_win -data c:\Users\GLOBAL STORE\AppData\Roaming\Code\User\workspaceStorage\87ef9fe996664560782c56eaaca1d688\redhat.java\jdt_ws --pipe=\\.\pipe\lsp-712c2c134abb573c22825bf4bb321198-sock
java_class_path (initial): c:\Users\GLOBAL STORE\.vscode\extensions\redhat.java-1.48.2025111408-win32-x64\server\plugins\org.eclipse.equinox.launcher_1.7.100.v20251111-0406.jar
Launcher Type: SUN_STANDARD

[Global flags]
    uintx AdaptiveSizePolicyWeight                 = 90                                        {product} {command line}
     bool AllowArchivingWithJavaAgent              = true                             {JVMCI diagnostic} {command line}
     bool AutoCreateSharedArchive                  = false                               {JVMCI product} {command line}
     intx CICompilerCount                          = 3                                         {product} {ergonomic}
    uintx GCTimeRatio                              = 4                                         {product} {command line}
     bool HeapDumpOnOutOfMemoryError               = true                                   {manageable} {command line}
    ccstr HeapDumpPath                             = c:\Users\GLOBAL STORE\AppData\Roaming\Code\User\workspaceStorage\87ef9fe996664560782c56eaaca1d688\redhat.java         {manageable} {command line}
   size_t InitialHeapSize                          = 104857600                                 {product} {command line}
   size_t MaxHeapSize                              = 2147483648                                {product} {command line}
   size_t MaxNewSize                               = 715653120                                 {product} {ergonomic}
   size_t MinHeapDeltaBytes                        = 524288                                    {product} {ergonomic}
   size_t MinHeapSize                              = 104857600                                 {product} {command line}
   size_t NewSize                                  = 34603008                                  {product} {ergonomic}
    uintx NonNMethodCodeHeapSize                   = 5832780                                {pd product} {ergonomic}
    uintx NonProfiledCodeHeapSize                  = 122912730                              {pd product} {ergonomic}
   size_t OldSize                                  = 70254592                                  {product} {ergonomic}
    uintx ProfiledCodeHeapSize                     = 122912730                              {pd product} {ergonomic}
    uintx ReservedCodeCacheSize                    = 251658240                              {pd product} {ergonomic}
     bool SegmentedCodeCache                       = true                                      {product} {ergonomic}
    ccstr SharedArchiveFile                        = c:\Users\GLOBAL STORE\AppData\Roaming\Code\User\globalStorage\redhat.java\1.48.2025111408\jdtls.jsa      {JVMCI product} {command line}
   size_t SoftMaxHeapSize                          = 2147483648                             {manageable} {ergonomic}
     bool UnlockDiagnosticVMOptions                = true                                   {diagnostic} {command line}
     bool UseCompressedOops                        = true                           {product lp64_product} {ergonomic}
     bool UseLargePagesIndividualAllocation        = false                                  {pd product} {ergonomic}
     bool UseParallelGC                            = true                                      {product} {command line}

Logging:
Log output configuration:
 #0: stdout all=off uptime,level,tags foldmultilines=false
 #1: stderr all=off uptime,level,tags foldmultilines=false

Release file:
JAVA_VERSION="21.0.9" 
MODULES="java.base java.compiler java.datatransfer java.xml java.prefs java.desktop java.instrument java.logging java.management java.security.sasl java.naming java.rmi java.management.rmi java.net.http java.scripting java.security.jgss java.transaction.xa java.sql java.sql.rowset java.xml.crypto java.se java.smartcardio jdk.accessibility jdk.internal.jvmstat jdk.attach jdk.charsets jdk.internal.opt jdk.zipfs jdk.compiler jdk.crypto.ec jdk.crypto.cryptoki jdk.crypto.mscapi jdk.dynalink jdk.internal.ed jdk.editpad jdk.hotspot.agent jdk.httpserver jdk.internal.le jdk.internal.vm.ci jdk.internal.vm.compiler jdk.internal.vm.compiler.management jdk.jartool jdk.javadoc jdk.jcmd jdk.management jdk.management.agent jdk.jconsole jdk.jdeps jdk.jdwp.agent jdk.jdi jdk.jfr jdk.jshell jdk.jsobject jdk.jstatd jdk.localedata jdk.management.jfr jdk.naming.dns jdk.naming.rmi jdk.net jdk.nio.mapmode jdk.random jdk.sctp jdk.security.auth jdk.security.jgss jdk.unsupported jdk.unsupported.desktop jdk.xml.dom" 

Environment Variables:
JAVA_HOME=C:\Program Files\BellSoft\LibericaJDK-21\
PATH=C:\Users\GLOBAL STORE\AppData\Local\cloud-code\installer\google-cloud-sdk\bin;C:\Program Files\Common Files\Oracle\Java\javapath;C:\Windows\system32;C:\Windows;C:\Windows\System32\Wbem;C:\Windows\System32\WindowsPowerShell\v1.0\;C:\Windows\System32\OpenSSH\;C:\Program Files (x86)\NVIDIA Corporation\PhysX\Common;C:\Program Files\Microsoft SQL Server\110\Tools\Binn\;C:\Program Files\dotnet\;C:\Program Files\Git\cmd;C:\WINDOWS\system32;C:\WINDOWS;C:\WINDOWS\System32\Wbem;C:\WINDOWS\System32\WindowsPowerShell\v1.0\;C:\WINDOWS\System32\OpenSSH\;C:\Program Files (x86)\Intel\Intel(R) Management Engine Components\DAL;C:\Program Files\Intel\Intel(R) Management Engine Components\DAL;C:\Program Files\Intel\WiFi\bin\;C:\Program Files\Common Files\Intel\WirelessCommon\;C:\Gradle\gradle-8.13\bin;C:\Program Files\nodejs\;C:\Users\GLOBAL STORE\.local\bin;C:\Program Files\Common Files\Oracle\Java\javapath;C:\Windows\system32;C:\Windows;C:\Windows\System32\Wbem;C:\Windows\System32\WindowsPowerShell\v1.0\;C:\Windows\System32\OpenSSH\;C:\Program Files (x86)\NVIDIA Corporation\PhysX\Common;C:\Program Files\Microsoft SQL Server\110\Tools\Binn\;C:\Program Files\dotnet\;C:\Program Files\Git\cmd;C:\WINDOWS\system32;C:\WINDOWS;C:\WINDOWS\System32\Wbem;C:\WINDOWS\System32\WindowsPowerShell\v1.0\;C:\WINDOWS\System32\OpenSSH\;C:\Program Files\nodejs\;C:\Program Files (x86)\Intel\Intel(R) Management Engine Components\DAL;C:\Program Files\Intel\Intel(R) Management Engine Components\DAL;C:\Program Files\Intel\WiFi\bin\;C:\Program Files\Common Files\Intel\WirelessCommon\;C:\Gradle\gradle-8.13\bin;C:\Program Files\BellSoft\LibericaJDK-21\bin\;C:\Program Files\Common Files\Oracle\Java\javapath;C:\Program Files (x86)\Common Files\Oracle\Java\java8path;C:\Program Files (x86)\Common Files\Oracle\Java\javapath;C:\Windows\system32;C:\Windows;C:\Windows\System32\Wbem;C:\Windows\System32\WindowsPowerShell\v1.0\;C:\Windows\System32\OpenSSH\;C:\Program Files (x86)\NVIDIA Corporation\PhysX\Common;C:\Program Files\Microsoft SQL Server\110\Tools\Binn\;C:\Program Files\dotnet\;C:\Program Files\Git\cmd;C:\WINDOWS\system32;C:\WINDOWS;C:\WINDOWS\System32\Wbem;C:\WINDOWS\System32\WindowsPowerShell\v1.0\;C:\WINDOWS\System32\OpenSSH\;C:\Program Files\nodejs\;C:\Program Files (x86)\Intel\Intel(R) Management Engine Components\DAL;C:\Program Files\Intel\Intel(R) Management Engine Components\DAL;C:\Program Files\Intel\WiFi\bin\;C:\Program Files\Common Files\Intel\WirelessCommon\;C:\Users\GLOBAL STORE\AppData\Local\Programs\Python\Python310\Scripts\;C:\Users\GLOBAL STORE\AppData\Local\Programs\Python\Python310\;C:\Users\GLOBAL STORE\AppData\Local\Programs\Python\Python313\Scripts\;C:\Users\GLOBAL STORE\AppData\Local\Programs\Python\Python313\;C:\Users\GLOBAL STORE\AppData\Local\Programs\Python\Launcher\;C:\Users\GLOBAL STORE\AppData\Local\Microsoft\WindowsApps;C:\Users\GLOBAL STORE\AppData\Local\Programs\Microsoft VS Code\bin;C:\Program Files\JetBrains\IntelliJ IDEA 2023.1.3\bin;C:\wamp64\bin\php\php8.3.0;C:\Users\GLOBAL STORE\composer;C:\Users\GLOBAL STORE\AppData\Roaming\Composer\vendor\bin;C:\Users\GLOBAL STORE\AppData\Local\GitHubDesktop\bin;C:\php_imagick-3.7.0-8.3-ts-vs16-x64;C:\Users\GLOBAL STORE\Downloads\php_imagick-3.7.0-8.3-ts-vs16-x64\config;C:\Users\GLOBAL STORE\AppData\Local\Programs\cursor\resources\app\bin;C:\Users\GLOBAL STORE\.local\bin;C:\Users\GLOBAL STORE\AppData\Roaming\npm
USERNAME=GLOBAL_STORE
OS=Windows_NT
PROCESSOR_IDENTIFIER=Intel64 Family 6 Model 158 Stepping 9, GenuineIntel
TMP=C:\Users\GLOBAL STORE\AppData\Local\Temp
TEMP=C:\Users\GLOBAL STORE\AppData\Local\Temp




Periodic native trim disabled

---------------  S Y S T E M  ---------------

OS:
 Windows 10 , 64 bit Build 19041 (10.0.19041.5915)
OS uptime: 0 days 12:28 hours

CPU: total 5 (initial active 5) (4 cores per cpu, 2 threads per core) family 6 model 158 stepping 9 microcode 0xf6, cx8, cmov, fxsr, ht, mmx, 3dnowpref, sse, sse2, sse3, ssse3, sse4.1, sse4.2, popcnt, lzcnt, tsc, tscinvbit, avx, avx2, aes, erms, clmul, bmi1, bmi2, rtm, adx, fma, vzeroupper, clflush, clflushopt, rdtscp, f16c
Processor Information for the first 5 processors :
  Max Mhz: 2904, Current Mhz: 2904, Mhz Limit: 2904

Memory: 4k page, system-wide physical 16244M (112M free)
TotalPageFile size 48314M (AvailPageFile size 0M)
current process WorkingSet (physical memory assigned to process): 318M, peak: 318M
current process commit charge ("private bytes"): 376M, peak: 1648M

vm_info: OpenJDK 64-Bit Server VM (21.0.9+10-LTS) for windows-amd64 JRE (21.0.9+10-LTS), built on 2025-10-21T00:00:00Z by "admin" with unknown MS VC++:1942

END.
