#
# There is insufficient memory for the Java Runtime Environment to continue.
# Native memory allocation (mmap) failed to map 65536 bytes. Error detail: Failed to commit metaspace.
# Possible reasons:
#   The system is out of physical RAM or swap space
#   This process is running with CompressedOops enabled, and the Java Heap may be blocking the growth of the native heap
# Possible solutions:
#   Reduce memory load on the system
#   Increase physical memory or swap space
#   Check if swap backing store is full
#   Decrease Java heap size (-Xmx/-Xms)
#   Decrease number of Java threads
#   Decrease Java thread stack sizes (-Xss)
#   Set larger code cache with -XX:ReservedCodeCacheSize=
#   JVM is running with Unscaled Compressed Oops mode in which the Java heap is
#     placed in the first 4GB address space. The Java Heap base address is the
#     maximum limit for the native heap growth. Please use -XX:HeapBaseMinAddress
#     to set the Java Heap base and to place the Java Heap above 4GB virtual address.
# This output file may be truncated or incomplete.
#
#  Out of Memory Error (virtualSpaceNode.cpp:113), pid=23304, tid=23452
#
# JRE version: OpenJDK Runtime Environment Temurin-21.0.9+10 (21.0.9+10) (build 21.0.9+10-LTS)
# Java VM: OpenJDK 64-Bit Server VM Temurin-21.0.9+10 (21.0.9+10-LTS, mixed mode, sharing, tiered, compressed oops, compressed class ptrs, parallel gc, windows-amd64)
# No core dump will be written. Minidumps are not enabled by default on client versions of Windows
#

---------------  S U M M A R Y ------------

Command Line: --add-modules=ALL-SYSTEM --add-opens=java.base/java.util=ALL-UNNAMED --add-opens=java.base/java.lang=ALL-UNNAMED --add-opens=java.base/sun.nio.fs=ALL-UNNAMED -Declipse.application=org.eclipse.jdt.ls.core.id1 -Dosgi.bundles.defaultStartLevel=4 -Declipse.product=org.eclipse.jdt.ls.core.product -Djava.import.generatesMetadataFilesAtProjectRoot=false -DDetectVMInstallationsJob.disabled=true -Dfile.encoding=utf8 -XX:+UseParallelGC -XX:GCTimeRatio=4 -XX:AdaptiveSizePolicyWeight=90 -Dsun.zip.disableMemoryMapping=true -Xmx2G -Xms100m -Xlog:disable -javaagent:c:\Users\GLOBAL STORE\.vscode\extensions\redhat.java-1.48.2025111408-win32-x64\lombok\lombok-1.18.39-4050.jar c:\Users\GLOBAL STORE\.vscode\extensions\redhat.java-1.48.2025111408-win32-x64\server\plugins\org.eclipse.equinox.launcher_1.7.100.v20251111-0406.jar -configuration c:\Users\GLOBAL STORE\AppData\Roaming\Code\User\globalStorage\redhat.java\1.48.2025111408\config_ss_win -data c:\Users\GLOBAL STORE\AppData\Roaming\Code\User\workspaceStorage\87ef9fe996664560782c56eaaca1d688\redhat.java\ss_ws --pipe=\\.\pipe\lsp-4a50b9172e44881bab0403b5072db7c8-sock

Host: Intel(R) Core(TM) i7-7820HQ CPU @ 2.90GHz, 5 cores, 15G,  Windows 10 , 64 bit Build 19041 (10.0.19041.5915)
Time: Wed Nov 19 13:07:14 2025 Afr. centrale Ouest elapsed time: 4.003101 seconds (0d 0h 0m 4s)

---------------  T H R E A D  ---------------

Current thread (0x0000026d1204af70):  JavaThread "main"             [_thread_in_vm, id=23452, stack(0x00000087fc900000,0x00000087fca00000) (1024K)]

Stack: [0x00000087fc900000,0x00000087fca00000]
Native frames: (J=compiled Java code, j=interpreted, Vv=VM code, C=native code)
V  [jvm.dll+0x6d6e29]
V  [jvm.dll+0x8b4b76]
V  [jvm.dll+0x8b712e]
V  [jvm.dll+0x8b7813]
V  [jvm.dll+0x283d86]
V  [jvm.dll+0x8b08be]
V  [jvm.dll+0x678824]
V  [jvm.dll+0x1e80ab]
V  [jvm.dll+0x1e7e6e]
V  [jvm.dll+0x67b122]
V  [jvm.dll+0x67af52]
V  [jvm.dll+0x6791fe]
V  [jvm.dll+0x26f006]
V  [jvm.dll+0x219d5f]
V  [jvm.dll+0x20f44e]
V  [jvm.dll+0x5b5a0f]
V  [jvm.dll+0x82e05d]
V  [jvm.dll+0x478bae]
V  [jvm.dll+0x48bf16]
C  [java.dll+0x1657]

Java frames: (J=compiled Java code, j=interpreted, Vv=VM code)
j  java.lang.ClassLoader.defineClass0(Ljava/lang/ClassLoader;Ljava/lang/Class;Ljava/lang/String;[BIILjava/security/ProtectionDomain;ZILjava/lang/Object;)Ljava/lang/Class;+0 java.base@21.0.9
j  java.lang.System$2.defineClass(Ljava/lang/ClassLoader;Ljava/lang/Class;Ljava/lang/String;[BLjava/security/ProtectionDomain;ZILjava/lang/Object;)Ljava/lang/Class;+17 java.base@21.0.9
j  java.lang.invoke.MethodHandles$Lookup$ClassDefiner.defineClass(ZLjava/lang/Object;)Ljava/lang/Class;+57 java.base@21.0.9
j  java.lang.invoke.InvokerBytecodeGenerator.loadMethod([B)Ljava/lang/invoke/MemberName;+22 java.base@21.0.9
j  java.lang.invoke.InvokerBytecodeGenerator.generateCustomizedCode(Ljava/lang/invoke/LambdaForm;Ljava/lang/invoke/MethodType;)Ljava/lang/invoke/MemberName;+30 java.base@21.0.9
j  java.lang.invoke.LambdaForm.compileToBytecode()V+69 java.base@21.0.9
J 630 c1 java.lang.invoke.LambdaForm.prepare()V java.base@21.0.9 (108 bytes) @ 0x0000026d1533c5fc [0x0000026d1533c460+0x000000000000019c]
J 629 c1 java.lang.invoke.MethodHandle.<init>(Ljava/lang/invoke/MethodType;Ljava/lang/invoke/LambdaForm;)V java.base@21.0.9 (37 bytes) @ 0x0000026d1533bcc4 [0x0000026d1533baa0+0x0000000000000224]
j  java.lang.invoke.BoundMethodHandle.<init>(Ljava/lang/invoke/MethodType;Ljava/lang/invoke/LambdaForm;)V+3 java.base@21.0.9
j  java.lang.invoke.BoundMethodHandle$Species_L.<init>(Ljava/lang/invoke/MethodType;Ljava/lang/invoke/LambdaForm;Ljava/lang/Object;)V+3 java.base@21.0.9
j  java.lang.invoke.BoundMethodHandle$Species_L.make(Ljava/lang/invoke/MethodType;Ljava/lang/invoke/LambdaForm;Ljava/lang/Object;)Ljava/lang/invoke/BoundMethodHandle;+7 java.base@21.0.9
j  java.lang.invoke.BoundMethodHandle.bindSingle(Ljava/lang/invoke/MethodType;Ljava/lang/invoke/LambdaForm;Ljava/lang/Object;)Ljava/lang/invoke/BoundMethodHandle;+3 java.base@21.0.9
j  java.lang.invoke.SimpleMethodHandle.copyWithExtendL(Ljava/lang/invoke/MethodType;Ljava/lang/invoke/LambdaForm;Ljava/lang/Object;)Ljava/lang/invoke/BoundMethodHandle;+3 java.base@21.0.9
j  java.lang.invoke.MethodHandles.argumentsWithCombiner(ZLjava/lang/invoke/MethodHandle;ILjava/lang/invoke/MethodHandle;[I)Ljava/lang/invoke/MethodHandle;+122 java.base@21.0.9
j  java.lang.invoke.MethodHandles.filterArgumentsWithCombiner(Ljava/lang/invoke/MethodHandle;ILjava/lang/invoke/MethodHandle;[I)Ljava/lang/invoke/MethodHandle;+5 java.base@21.0.9
j  java.lang.invoke.StringConcatFactory.prepender(I[Ljava/lang/String;[Ljava/lang/Class;I)Ljava/lang/invoke/MethodHandle;+109 java.base@21.0.9
j  java.lang.invoke.StringConcatFactory.filterInPrependers(Ljava/lang/invoke/MethodHandle;[Ljava/lang/String;[Ljava/lang/Class;)Ljava/lang/invoke/MethodHandle;+64 java.base@21.0.9
j  java.lang.invoke.StringConcatFactory.generateMHInlineCopy(Ljava/lang/invoke/MethodType;[Ljava/lang/String;)Ljava/lang/invoke/MethodHandle;+388 java.base@21.0.9
j  java.lang.invoke.StringConcatFactory.makeConcatWithConstants(Ljava/lang/invoke/MethodHandles$Lookup;Ljava/lang/String;Ljava/lang/invoke/MethodType;Ljava/lang/String;[Ljava/lang/Object;)Ljava/lang/invoke/CallSite;+227 java.base@21.0.9
j  java.lang.invoke.DirectMethodHandle$Holder.invokeStatic(Ljava/lang/Object;Ljava/lang/Object;Ljava/lang/Object;Ljava/lang/Object;Ljava/lang/Object;Ljava/lang/Object;)Ljava/lang/Object;+18 java.base@21.0.9
j  java.lang.invoke.DelegatingMethodHandle$Holder.delegate(Ljava/lang/Object;Ljava/lang/Object;Ljava/lang/Object;Ljava/lang/Object;Ljava/lang/Object;Ljava/lang/Object;)Ljava/lang/Object;+21 java.base@21.0.9
j  java.lang.invoke.Invokers$Holder.invokeExact_MT(Ljava/lang/Object;Ljava/lang/Object;Ljava/lang/Object;Ljava/lang/Object;Ljava/lang/Object;Ljava/lang/Object;Ljava/lang/Object;)Ljava/lang/Object;+26 java.base@21.0.9
j  java.lang.invoke.BootstrapMethodInvoker.invoke(Ljava/lang/Class;Ljava/lang/invoke/MethodHandle;Ljava/lang/String;Ljava/lang/Object;Ljava/lang/Object;Ljava/lang/Class;)Ljava/lang/Object;+157 java.base@21.0.9
j  java.lang.invoke.CallSite.makeSite(Ljava/lang/invoke/MethodHandle;Ljava/lang/String;Ljava/lang/invoke/MethodType;Ljava/lang/Object;Ljava/lang/Class;)Ljava/lang/invoke/CallSite;+8 java.base@21.0.9
j  java.lang.invoke.MethodHandleNatives.linkCallSiteImpl(Ljava/lang/Class;Ljava/lang/invoke/MethodHandle;Ljava/lang/String;Ljava/lang/invoke/MethodType;Ljava/lang/Object;[Ljava/lang/Object;)Ljava/lang/invoke/MemberName;+6 java.base@21.0.9
j  java.lang.invoke.MethodHandleNatives.linkCallSite(Ljava/lang/Object;Ljava/lang/Object;Ljava/lang/Object;Ljava/lang/Object;Ljava/lang/Object;[Ljava/lang/Object;)Ljava/lang/invoke/MemberName;+45 java.base@21.0.9
v  ~StubRoutines::call_stub 0x0000026d1c78100d
j  org.eclipse.equinox.launcher.Main.readFrameworkExtensions(Ljava/net/URL;Ljava/util/List;)V+337
j  org.eclipse.equinox.launcher.Main.addBaseJars(Ljava/net/URL;Ljava/util/List;)V+13
j  org.eclipse.equinox.launcher.Main.getDevPath(Ljava/net/URL;)Ljava/util/List;+27
j  org.eclipse.equinox.launcher.Main.getBootPath(Ljava/lang/String;)Ljava/util/List;+169
j  org.eclipse.equinox.launcher.Main.basicRun([Ljava/lang/String;)V+121
j  org.eclipse.equinox.launcher.Main.run([Ljava/lang/String;)I+4
j  org.eclipse.equinox.launcher.Main.main([Ljava/lang/String;)V+10
v  ~StubRoutines::call_stub 0x0000026d1c78100d

Compiled method (c1) 4303  630       3       java.lang.invoke.LambdaForm::prepare (108 bytes)
 total in heap  [0x0000026d1533c210,0x0000026d1533ce40] = 3120
 relocation     [0x0000026d1533c370,0x0000026d1533c450] = 224
 main code      [0x0000026d1533c460,0x0000026d1533cb10] = 1712
 stub code      [0x0000026d1533cb10,0x0000026d1533cba8] = 152
 metadata       [0x0000026d1533cba8,0x0000026d1533cbf0] = 72
 scopes data    [0x0000026d1533cbf0,0x0000026d1533cca8] = 184
 scopes pcs     [0x0000026d1533cca8,0x0000026d1533cde8] = 320
 dependencies   [0x0000026d1533cde8,0x0000026d1533ce00] = 24
 nul chk table  [0x0000026d1533ce00,0x0000026d1533ce40] = 64

[Constant Pool (empty)]

[MachCode]
[Entry Point]
  # {method} {0x0000026d290902b0} 'prepare' '()V' in 'java/lang/invoke/LambdaForm'
  #           [sp+0x70]  (sp of caller)
  0x0000026d1533c460: 448b 5208 | 49bb 0000 | 0029 6d02 | 0000 4d03 | d34c 3bd0 

  0x0000026d1533c474: ;   {runtime_call ic_miss_stub}
  0x0000026d1533c474: 0f85 0620 | 4907 660f | 1f44 0000 
[Verified Entry Point]
  0x0000026d1533c480: 8984 2400 | 80ff ff55 | 4883 ec60 | 4181 7f20 | 0100 0000 

  0x0000026d1533c494: ;   {runtime_call StubRoutines (final stubs)}
  0x0000026d1533c494: 7405 e845 | c547 0748 | 8954 2438 

  0x0000026d1533c4a0: ;   {metadata(method data for {method} {0x0000026d290902b0} 'prepare' '()V' in 'java/lang/invoke/LambdaForm')}
  0x0000026d1533c4a0: 48be 7086 | 166b 6d02 | 0000 8bbe | cc00 0000 | 83c7 0289 | becc 0000 | 0081 e7fe | 0700 0085 
  0x0000026d1533c4c0: ff0f 8452 

  0x0000026d1533c4c4: ;   {metadata(method data for {method} {0x0000026d290902b0} 'prepare' '()V' in 'java/lang/invoke/LambdaForm')}
  0x0000026d1533c4c4: 0500 0048 | be70 8616 | 6b6d 0200 | 00ff 8620 | 0100 0048 

  0x0000026d1533c4d8: ;   {metadata(method data for {method} {0x0000026d290902b0} 'prepare' '()V' in 'java/lang/invoke/LambdaForm')}
  0x0000026d1533c4d8: 8bf2 48bf | 7086 166b | 6d02 0000 | 4883 8730 | 0100 0001 

  0x0000026d1533c4ec: ;   {metadata(method data for {method} {0x0000026d293fa028} 'forceInterpretation' '()Z' in 'java/lang/invoke/LambdaForm')}
  0x0000026d1533c4ec: 48be 585f | 096b 6d02 | 0000 8bbe | cc00 0000 | 83c7 0289 | becc 0000 | 0081 e7fe | ff1f 0085 
  0x0000026d1533c50c: ff0f 8427 | 0500 008b | 7214 83fe 

  0x0000026d1533c518: ;   {metadata(method data for {method} {0x0000026d293fa028} 'forceInterpretation' '()Z' in 'java/lang/invoke/LambdaForm')}
  0x0000026d1533c518: ff48 be58 | 5f09 6b6d | 0200 0048 | c7c7 1001 | 0000 7507 | 48c7 c720 | 0100 0048 | 8b1c 3e48 
  0x0000026d1533c538: 8d5b 0148 | 891c 3e0f | 851a 0000 

  0x0000026d1533c544: ;   {metadata(method data for {method} {0x0000026d293fa028} 'forceInterpretation' '()Z' in 'java/lang/invoke/LambdaForm')}
  0x0000026d1533c544: 0048 be58 | 5f09 6b6d | 0200 00ff | 8630 0100 | 00be 0100 | 0000 e905 | 0000 00be | 0000 0000 
  0x0000026d1533c564: 83e6 0185 

  0x0000026d1533c568: ;   {metadata(method data for {method} {0x0000026d290902b0} 'prepare' '()V' in 'java/lang/invoke/LambdaForm')}
  0x0000026d1533c568: f648 be70 | 8616 6b6d | 0200 0048 | c7c7 6801 | 0000 7507 | 48c7 c778 | 0100 0048 | 8b1c 3e48 
  0x0000026d1533c588: 8d5b 0148 | 891c 3e0f | 8574 0000 | 000f be72 

  0x0000026d1533c598: ;   {metadata(method data for {method} {0x0000026d290902b0} 'prepare' '()V' in 'java/lang/invoke/LambdaForm')}
  0x0000026d1533c598: 1985 f648 | be70 8616 | 6b6d 0200 | 0048 c7c7 | 8801 0000 | 7507 48c7 | c798 0100 | 0048 8b1c 
  0x0000026d1533c5b8: 3e48 8d5b | 0148 891c | 3e0f 8542 | 0000 0048 

  0x0000026d1533c5c8: ;   {metadata(method data for {method} {0x0000026d290902b0} 'prepare' '()V' in 'java/lang/invoke/LambdaForm')}
  0x0000026d1533c5c8: 8bf2 48bf | 7086 166b | 6d02 0000 

  0x0000026d1533c5d4: ;   {metadata('java/lang/invoke/LambdaForm')}
  0x0000026d1533c5d4: 49ba f8fb | 0829 6d02 | 0000 4c89 | 97b8 0100 | 0048 8387 | c001 0000 | 0148 8bf2 | 488b d60f 
  0x0000026d1533c5f4: ;   {optimized virtual_call}
  0x0000026d1533c5f4: 1f40 00e8 

  0x0000026d1533c5f8: ; ImmutableOopMap {[56]=Oop }
                      ;*invokevirtual compileToBytecode {reexecute=0 rethrow=0 return_oop=0}
                      ; - java.lang.invoke.LambdaForm::prepare@21
  0x0000026d1533c5f8: 1905 0000 

  0x0000026d1533c5fc: ;   {other}
  0x0000026d1533c5fc: 0f1f 8400 | ec03 0000 | 488b 5424 | 388b 7228 

  0x0000026d1533c60c: ;   {metadata(method data for {method} {0x0000026d290902b0} 'prepare' '()V' in 'java/lang/invoke/LambdaForm')}
  0x0000026d1533c60c: 4885 f648 | be70 8616 | 6b6d 0200 | 0048 c7c7 | f001 0000 | 7507 48c7 | c7e0 0100 | 0048 8b1c 
  0x0000026d1533c62c: 3e48 8d5b | 0148 891c | 3e0f 85cb | 0300 0048 

  0x0000026d1533c63c: ;   {metadata(method data for {method} {0x0000026d290902b0} 'prepare' '()V' in 'java/lang/invoke/LambdaForm')}
  0x0000026d1533c63c: 8bf2 48bf | 7086 166b | 6d02 0000 

  0x0000026d1533c648: ;   {metadata('java/lang/invoke/LambdaForm')}
  0x0000026d1533c648: 49ba f8fb | 0829 6d02 | 0000 4c89 | 9710 0200 | 0048 8387 | 1802 0000 | 0148 8bf2 

  0x0000026d1533c664: ;   {optimized virtual_call}
  0x0000026d1533c664: 488b d6e8 

  0x0000026d1533c668: ; ImmutableOopMap {[56]=Oop }
                      ;*invokevirtual methodType {reexecute=0 rethrow=0 return_oop=0}
                      ; - java.lang.invoke.LambdaForm::prepare@33
  0x0000026d1533c668: 1421 4907 

  0x0000026d1533c66c: ;   {other}
  0x0000026d1533c66c: 0f1f 8400 | 5c04 0001 | 4889 4424 | 4048 3b00 

  0x0000026d1533c67c: ;   {metadata(method data for {method} {0x0000026d290902b0} 'prepare' '()V' in 'java/lang/invoke/LambdaForm')}
  0x0000026d1533c67c: 488b d048 | be70 8616 | 6b6d 0200 | 0048 8386 | 3802 0000 | 018b 5014 

  0x0000026d1533c694: ; implicit exception: dispatches to 0x0000026d1533ca60
  0x0000026d1533c694: 483b 0248 

  0x0000026d1533c698: ;   {metadata(method data for {method} {0x0000026d290902b0} 'prepare' '()V' in 'java/lang/invoke/LambdaForm')}
  0x0000026d1533c698: 8bf2 48bf | 7086 166b | 6d02 0000 | 4883 8770 | 0200 0001 

  0x0000026d1533c6ac: ;   {metadata(method data for {method} {0x0000026d293f8ef8} 'cachedLambdaForm' '(I)Ljava/lang/invoke/LambdaForm;' in 'java/lang/invoke/MethodTypeForm')}
  0x0000026d1533c6ac: 48be 8092 | 166b 6d02 | 0000 8bbe | cc00 0000 | 83c7 0289 | becc 0000 | 0081 e7fe | ff1f 0085 
  0x0000026d1533c6cc: ff0f 8492 | 0300 008b | 521c 8b72 | 0c83 fe06 | 0f86 a903 | 0000 8b52 | 2848 85d2 

  0x0000026d1533c6e8: ;   {metadata(method data for {method} {0x0000026d293f8ef8} 'cachedLambdaForm' '(I)Ljava/lang/invoke/LambdaForm;' in 'java/lang/invoke/MethodTypeForm')}
  0x0000026d1533c6e8: 48be 8092 | 166b 6d02 | 0000 48c7 | c710 0100 | 0074 0748 | c7c7 2001 | 0000 488b | 1c3e 488d 
  0x0000026d1533c708: 5b01 4889 | 1c3e 0f84 | a701 0000 

  0x0000026d1533c714: ; implicit exception: dispatches to 0x0000026d1533ca9d
  0x0000026d1533c714: 483b 0248 

  0x0000026d1533c718: ;   {metadata(method data for {method} {0x0000026d293f8ef8} 'cachedLambdaForm' '(I)Ljava/lang/invoke/LambdaForm;' in 'java/lang/invoke/MethodTypeForm')}
  0x0000026d1533c718: 8bf2 48bf | 8092 166b | 6d02 0000 | 8b76 0849 | ba00 0000 | 296d 0200 | 0049 03f2 | 483b b740 
  0x0000026d1533c738: 0100 0075 | 0d48 8387 | 4801 0000 | 01e9 6000 | 0000 483b | b750 0100 | 0075 0d48 | 8387 5801 
  0x0000026d1533c758: 0000 01e9 | 4a00 0000 | 4883 bf40 | 0100 0000 | 7517 4889 | b740 0100 | 0048 c787 | 4801 0000 
  0x0000026d1533c778: 0100 0000 | e929 0000 | 0048 83bf | 5001 0000 | 0075 1748 | 89b7 5001 | 0000 48c7 | 8758 0100 
  0x0000026d1533c798: 0001 0000 | 00e9 0800 | 0000 4883 | 8730 0100 | 0001 0f1f 

  0x0000026d1533c7ac: ;   {optimized virtual_call}
  0x0000026d1533c7ac: 4400 00e8 

  0x0000026d1533c7b0: ; ImmutableOopMap {[56]=Oop [64]=Oop }
                      ;*invokevirtual get {reexecute=0 rethrow=0 return_oop=0}
                      ; - java.lang.invoke.MethodTypeForm::cachedLambdaForm@12
                      ; - java.lang.invoke.LambdaForm::prepare@43
  0x0000026d1533c7b0: cc1f 4907 

  0x0000026d1533c7b4: ;   {other}
  0x0000026d1533c7b4: 0f1f 8400 | a405 0002 | 4885 c075 

  0x0000026d1533c7c0: ;   {metadata(method data for {method} {0x0000026d293f8ef8} 'cachedLambdaForm' '(I)Ljava/lang/invoke/LambdaForm;' in 'java/lang/invoke/MethodTypeForm')}
  0x0000026d1533c7c0: 1648 bf80 | 9216 6b6d | 0200 0080 | 8f61 0100 | 0001 e9cc 

  0x0000026d1533c7d4: ;   {metadata('java/lang/invoke/LambdaForm')}
  0x0000026d1533c7d4: 0000 0048 | bbf8 fb08 | 296d 0200 | 008b 7008 | 49ba 0000 | 0029 6d02 | 0000 4903 | f248 3bde 
  0x0000026d1533c7f4: 0f85 8d00 

  0x0000026d1533c7f8: ;   {metadata(method data for {method} {0x0000026d293f8ef8} 'cachedLambdaForm' '(I)Ljava/lang/invoke/LambdaForm;' in 'java/lang/invoke/MethodTypeForm')}
  0x0000026d1533c7f8: 0000 48bf | 8092 166b | 6d02 0000 | 8b58 0849 | ba00 0000 | 296d 0200 | 0049 03da | 483b 9f78 
  0x0000026d1533c818: 0100 0075 | 0d48 8387 | 8001 0000 | 01e9 7900 | 0000 483b | 9f88 0100 | 0075 0d48 | 8387 9001 
  0x0000026d1533c838: 0000 01e9 | 6300 0000 | 4883 bf78 | 0100 0000 | 7517 4889 | 9f78 0100 | 0048 c787 | 8001 0000 
  0x0000026d1533c858: 0100 0000 | e942 0000 | 0048 83bf | 8801 0000 | 0075 1748 | 899f 8801 | 0000 48c7 | 8790 0100 
  0x0000026d1533c878: 0001 0000 | 00e9 2100 | 0000 e91c 

  0x0000026d1533c884: ;   {metadata(method data for {method} {0x0000026d293f8ef8} 'cachedLambdaForm' '(I)Ljava/lang/invoke/LambdaForm;' in 'java/lang/invoke/MethodTypeForm')}
  0x0000026d1533c884: 0000 0048 | bf80 9216 | 6b6d 0200 | 0048 83af | 6801 0000 | 01e9 0402 | 0000 e900 | 0000 0048 
  0x0000026d1533c8a4: ;   {metadata(method data for {method} {0x0000026d293f8ef8} 'cachedLambdaForm' '(I)Ljava/lang/invoke/LambdaForm;' in 'java/lang/invoke/MethodTypeForm')}
  0x0000026d1533c8a4: 8bd0 48be | 8092 166b | 6d02 0000 | ff86 a001 | 0000 e90a 

  0x0000026d1533c8b8: ;   {oop(nullptr)}
  0x0000026d1533c8b8: 0000 0048 | ba00 0000 | 0000 0000 | 0048 85d2 

  0x0000026d1533c8c8: ;   {metadata(method data for {method} {0x0000026d290902b0} 'prepare' '()V' in 'java/lang/invoke/LambdaForm')}
  0x0000026d1533c8c8: 48be 7086 | 166b 6d02 | 0000 48c7 | c7a8 0200 | 0075 0748 | c7c7 b802 | 0000 488b | 1c3e 488d 
  0x0000026d1533c8e8: 5b01 4889 | 1c3e 0f85 | db00 0000 

  0x0000026d1533c8f4: ;   {metadata(method data for {method} {0x0000026d290902b0} 'prepare' '()V' in 'java/lang/invoke/LambdaForm')}
  0x0000026d1533c8f4: 48ba 7086 | 166b 6d02 | 0000 ff82 | c802 0000 | 488b 4424 

  0x0000026d1533c908: ;   {metadata(method data for {method} {0x0000026d290902b0} 'prepare' '()V' in 'java/lang/invoke/LambdaForm')}
  0x0000026d1533c908: 4048 ba70 | 8616 6b6d | 0200 0048 | 8382 6003 | 0000 0148 

  0x0000026d1533c91c: ;   {static_call}
  0x0000026d1533c91c: 8bd0 90e8 

  0x0000026d1533c920: ; ImmutableOopMap {[56]=Oop [64]=Oop }
                      ;*invokestatic createBlankForType {reexecute=0 rethrow=0 return_oop=0}
                      ; - java.lang.invoke.LambdaForm::prepare@76
  0x0000026d1533c920: 5c24 4907 

  0x0000026d1533c924: ;   {other}
  0x0000026d1533c924: 0f1f 8400 | 1407 0003 

  0x0000026d1533c92c: ;   {metadata(method data for {method} {0x0000026d290902b0} 'prepare' '()V' in 'java/lang/invoke/LambdaForm')}
  0x0000026d1533c92c: 48ba 7086 | 166b 6d02 | 0000 4883 | 8270 0300 | 0001 488b | 5424 4048 | 8944 2448 | 0f1f 8000 
  0x0000026d1533c94c: ;   {static_call}
  0x0000026d1533c94c: 0000 00e8 

  0x0000026d1533c950: ; ImmutableOopMap {[56]=Oop [64]=Oop [72]=Oop }
                      ;*invokestatic generateLambdaFormInterpreterEntryPoint {reexecute=0 rethrow=0 return_oop=0}
                      ; - java.lang.invoke.LambdaForm::prepare@82
  0x0000026d1533c950: 2c24 4907 

  0x0000026d1533c954: ;   {other}
  0x0000026d1533c954: 0f1f 8400 | 4407 0004 | 4c8b 4c24 | 484c 8bd0 

  0x0000026d1533c964: ; implicit exception: dispatches to 0x0000026d1533caab
  0x0000026d1533c964: 4589 5128 | 4d8d 0149 | c1e8 0948 | ba00 0060 | 116d 0200 | 0041 c604 | 1000 488b 

  0x0000026d1533c980: ;   {metadata(method data for {method} {0x0000026d290902b0} 'prepare' '()V' in 'java/lang/invoke/LambdaForm')}
  0x0000026d1533c980: 4424 4049 | b870 8616 | 6b6d 0200 | 0049 8380 | 8003 0000 | 0148 8b44 | 2440 8b50 | 1448 3b02 
  0x0000026d1533c9a0: ;   {metadata(method data for {method} {0x0000026d290902b0} 'prepare' '()V' in 'java/lang/invoke/LambdaForm')}
  0x0000026d1533c9a0: 4c8b c248 | be70 8616 | 6b6d 0200 | 0048 8386 | b803 0000 | 0141 b806 | 0000 000f 

  0x0000026d1533c9bc: ;   {optimized virtual_call}
  0x0000026d1533c9bc: 1f40 00e8 

  0x0000026d1533c9c0: ; ImmutableOopMap {[56]=Oop }
                      ;*invokevirtual setCachedLambdaForm {reexecute=0 rethrow=0 return_oop=0}
                      ; - java.lang.invoke.LambdaForm::prepare@95
  0x0000026d1533c9c0: bc1d 4907 

  0x0000026d1533c9c4: ;   {other}
  0x0000026d1533c9c4: 0f1f 8400 | b407 0005 | 488b d048 | 8b74 2438 

  0x0000026d1533c9d4: ; implicit exception: dispatches to 0x0000026d1533cab5
  0x0000026d1533c9d4: 8b7a 284c | 8bd7 4489 | 5628 488d | 3648 c1ee | 0948 bf00 | 0060 116d | 0200 00c6 | 043e 0048 
  0x0000026d1533c9f4: 83c4 605d 

  0x0000026d1533c9f8: ;   {poll_return}
  0x0000026d1533c9f8: 493b a748 | 0400 000f | 87b5 0000 | 00c3 4883 

  0x0000026d1533ca08: ;   {poll_return}
  0x0000026d1533ca08: c460 5d49 | 3ba7 4804 | 0000 0f87 | b800 0000 

  0x0000026d1533ca18: ;   {metadata({method} {0x0000026d290902b0} 'prepare' '()V' in 'java/lang/invoke/LambdaForm')}
  0x0000026d1533ca18: c349 baa8 | 0209 296d | 0200 004c | 8954 2408 | 48c7 0424 | ffff ffff 

  0x0000026d1533ca30: ;   {runtime_call counter_overflow Runtime1 stub}
  0x0000026d1533ca30: e8cb 8354 

  0x0000026d1533ca34: ; ImmutableOopMap {rdx=Oop [56]=Oop }
                      ;*synchronization entry
                      ; - java.lang.invoke.LambdaForm::prepare@-1
  0x0000026d1533ca34: 07e9 8dfa 

  0x0000026d1533ca38: ;   {metadata({method} {0x0000026d293fa028} 'forceInterpretation' '()Z' in 'java/lang/invoke/LambdaForm')}
  0x0000026d1533ca38: ffff 49ba | 20a0 3f29 | 6d02 0000 | 4c89 5424 | 0848 c704 | 24ff ffff 

  0x0000026d1533ca50: ;   {runtime_call counter_overflow Runtime1 stub}
  0x0000026d1533ca50: ffe8 aa83 

  0x0000026d1533ca54: ; ImmutableOopMap {rdx=Oop [56]=Oop }
                      ;*synchronization entry
                      ; - java.lang.invoke.LambdaForm::forceInterpretation@-1
                      ; - java.lang.invoke.LambdaForm::prepare@7
  0x0000026d1533ca54: 5407 e9b8 

  0x0000026d1533ca58: ;   {runtime_call throw_null_pointer_exception Runtime1 stub}
  0x0000026d1533ca58: faff ffe8 

  0x0000026d1533ca5c: ; ImmutableOopMap {rax=Oop [56]=Oop [64]=Oop }
                      ;*invokevirtual form {reexecute=0 rethrow=0 return_oop=0}
                      ; - java.lang.invoke.LambdaForm::prepare@38
  0x0000026d1533ca5c: a00d 5407 

  0x0000026d1533ca60: ;   {runtime_call throw_null_pointer_exception Runtime1 stub}
  0x0000026d1533ca60: e89b 0d54 

  0x0000026d1533ca64: ; ImmutableOopMap {rax=Oop rdx=Oop [56]=Oop [64]=Oop }
                      ;*invokevirtual cachedLambdaForm {reexecute=0 rethrow=0 return_oop=0}
                      ; - java.lang.invoke.LambdaForm::prepare@43
                      ;   {metadata({method} {0x0000026d293f8ef8} 'cachedLambdaForm' '(I)Ljava/lang/invoke/LambdaForm;' in 'java/lang/invoke/MethodTypeForm')}
  0x0000026d1533ca64: 0749 baf0 | 8e3f 296d | 0200 004c | 8954 2408 | 48c7 0424 | ffff ffff 

  0x0000026d1533ca7c: ;   {runtime_call counter_overflow Runtime1 stub}
  0x0000026d1533ca7c: e87f 8354 

  0x0000026d1533ca80: ; ImmutableOopMap {rax=Oop rdx=Oop [56]=Oop [64]=Oop }
                      ;*synchronization entry
                      ; - java.lang.invoke.MethodTypeForm::cachedLambdaForm@-1
                      ; - java.lang.invoke.LambdaForm::prepare@43
  0x0000026d1533ca80: 07e9 4dfc 

  0x0000026d1533ca84: ;   {runtime_call throw_null_pointer_exception Runtime1 stub}
  0x0000026d1533ca84: ffff e875 

  0x0000026d1533ca88: ; ImmutableOopMap {rax=Oop rdx=Oop [56]=Oop [64]=Oop }
                      ;*aaload {reexecute=0 rethrow=0 return_oop=0}
                      ; - java.lang.invoke.MethodTypeForm::cachedLambdaForm@5
                      ; - java.lang.invoke.LambdaForm::prepare@43
  0x0000026d1533ca88: 0d54 0748 | c704 2406 | 0000 0048 | 8954 2408 

  0x0000026d1533ca98: ;   {runtime_call throw_range_check_failed Runtime1 stub}
  0x0000026d1533ca98: e863 0454 

  0x0000026d1533ca9c: ; ImmutableOopMap {rax=Oop rdx=Oop [56]=Oop [64]=Oop }
                      ;*aaload {reexecute=0 rethrow=0 return_oop=0}
                      ; - java.lang.invoke.MethodTypeForm::cachedLambdaForm@5
                      ; - java.lang.invoke.LambdaForm::prepare@43
                      ;   {runtime_call throw_null_pointer_exception Runtime1 stub}
  0x0000026d1533ca9c: 07e8 5e0d 

  0x0000026d1533caa0: ; ImmutableOopMap {rdx=Oop [56]=Oop [64]=Oop }
                      ;*invokevirtual get {reexecute=0 rethrow=0 return_oop=0}
                      ; - java.lang.invoke.MethodTypeForm::cachedLambdaForm@12
                      ; - java.lang.invoke.LambdaForm::prepare@43
  0x0000026d1533caa0: 5407 4889 

  0x0000026d1533caa4: ;   {runtime_call throw_class_cast_exception Runtime1 stub}
  0x0000026d1533caa4: 0424 e855 

  0x0000026d1533caa8: ; ImmutableOopMap {[56]=Oop [64]=Oop }
                      ;*checkcast {reexecute=0 rethrow=0 return_oop=0}
                      ; - java.lang.invoke.MethodTypeForm::cachedLambdaForm@15
                      ; - java.lang.invoke.LambdaForm::prepare@43
                      ;   {runtime_call throw_null_pointer_exception Runtime1 stub}
  0x0000026d1533caa8: 4c54 07e8 

  0x0000026d1533caac: ; ImmutableOopMap {r9=Oop [56]=Oop [64]=Oop }
                      ;*putfield vmentry {reexecute=1 rethrow=0 return_oop=0}
                      ; - (reexecute) java.lang.invoke.LambdaForm::prepare@85
  0x0000026d1533caac: 500d 5407 

  0x0000026d1533cab0: ;   {runtime_call throw_null_pointer_exception Runtime1 stub}
  0x0000026d1533cab0: e84b 0d54 

  0x0000026d1533cab4: ; ImmutableOopMap {r9=Oop rdx=Oop [56]=Oop }
                      ;*invokevirtual setCachedLambdaForm {reexecute=0 rethrow=0 return_oop=0}
                      ; - java.lang.invoke.LambdaForm::prepare@95
                      ;   {runtime_call throw_null_pointer_exception Runtime1 stub}
  0x0000026d1533cab4: 07e8 460d 

  0x0000026d1533cab8: ; ImmutableOopMap {rsi=Oop [56]=Oop }
                      ;*getfield vmentry {reexecute=1 rethrow=0 return_oop=0}
                      ; - (reexecute) java.lang.invoke.LambdaForm::prepare@101
                      ;   {internal_word}
  0x0000026d1533cab8: 5407 49ba | f8c9 3315 | 6d02 0000 | 4d89 9760 

  0x0000026d1533cac8: ;   {runtime_call SafepointBlob}
  0x0000026d1533cac8: 0400 00e9 | 3080 4907 

  0x0000026d1533cad0: ;   {internal_word}
  0x0000026d1533cad0: 49ba 0bca | 3315 6d02 | 0000 4d89 | 9760 0400 

  0x0000026d1533cae0: ;   {runtime_call SafepointBlob}
  0x0000026d1533cae0: 00e9 1a80 | 4907 498b | 87f8 0400 | 0049 c787 | f804 0000 | 0000 0000 | 49c7 8700 | 0500 0000 
  0x0000026d1533cb00: 0000 0048 | 83c4 605d 

  0x0000026d1533cb08: ;   {runtime_call unwind_exception Runtime1 stub}
  0x0000026d1533cb08: e9f3 f753 | 07f4 f4f4 
[Stub Code]
  0x0000026d1533cb10: ;   {no_reloc}
  0x0000026d1533cb10: 0f1f 4400 

  0x0000026d1533cb14: ;   {static_stub}
  0x0000026d1533cb14: 0048 bbf8 | 0109 296d 

  0x0000026d1533cb1c: ;   {runtime_call I2C/C2I adapters}
  0x0000026d1533cb1c: 0200 00e9 | bf10 4907 

  0x0000026d1533cb24: ;   {static_stub}
  0x0000026d1533cb24: 9048 bb00 | 0000 0000 

  0x0000026d1533cb2c: ;   {runtime_call nmethod}
  0x0000026d1533cb2c: 0000 00e9 | fbff ffff 

  0x0000026d1533cb34: ;   {static_stub}
  0x0000026d1533cb34: 9048 bb00 | 0000 0000 

  0x0000026d1533cb3c: ;   {runtime_call nmethod}
  0x0000026d1533cb3c: 0000 00e9 | fbff ffff 

  0x0000026d1533cb44: ;   {static_stub}
  0x0000026d1533cb44: 48bb 0000 | 0000 0000 

  0x0000026d1533cb4c: ;   {runtime_call nmethod}
  0x0000026d1533cb4c: 0000 e9fb 

  0x0000026d1533cb50: ;   {static_stub}
  0x0000026d1533cb50: ffff ff48 | bb00 0000 | 0000 0000 

  0x0000026d1533cb5c: ;   {runtime_call nmethod}
  0x0000026d1533cb5c: 00e9 fbff 

  0x0000026d1533cb60: ;   {static_stub}
  0x0000026d1533cb60: ffff 48bb | 0000 0000 | 0000 0000 

  0x0000026d1533cb6c: ;   {runtime_call nmethod}
  0x0000026d1533cb6c: e9fb ffff 

  0x0000026d1533cb70: ;   {runtime_call handle_exception_from_callee Runtime1 stub}
  0x0000026d1533cb70: ffe8 8a42 

  0x0000026d1533cb74: ;   {external_word}
  0x0000026d1533cb74: 5407 48b9 | 2053 1705 | f87f 0000 | 4883 e4f0 

  0x0000026d1533cb84: ;   {runtime_call}
  0x0000026d1533cb84: 48b8 90b7 | d904 f87f | 0000 ffd0 

  0x0000026d1533cb90: ;   {section_word}
  0x0000026d1533cb90: f449 ba91 | cb33 156d | 0200 0041 

  0x0000026d1533cb9c: ;   {runtime_call DeoptimizationBlob}
  0x0000026d1533cb9c: 52e9 fe71 | 4907 f4f4 | f4f4 f4f4 
[/MachCode]


Compiled method (c1) 4403  629       3       java.lang.invoke.MethodHandle::<init> (37 bytes)
 total in heap  [0x0000026d1533b890,0x0000026d1533c1b0] = 2336
 relocation     [0x0000026d1533b9f0,0x0000026d1533ba90] = 160
 main code      [0x0000026d1533baa0,0x0000026d1533bf30] = 1168
 stub code      [0x0000026d1533bf30,0x0000026d1533bf98] = 104
 metadata       [0x0000026d1533bf98,0x0000026d1533bfd0] = 56
 scopes data    [0x0000026d1533bfd0,0x0000026d1533c080] = 176
 scopes pcs     [0x0000026d1533c080,0x0000026d1533c180] = 256
 dependencies   [0x0000026d1533c180,0x0000026d1533c198] = 24
 nul chk table  [0x0000026d1533c198,0x0000026d1533c1b0] = 24

[Constant Pool (empty)]

[MachCode]
[Entry Point]
  # {method} {0x0000026d29409c20} '<init>' '(Ljava/lang/invoke/MethodType;Ljava/lang/invoke/LambdaForm;)V' in 'java/lang/invoke/MethodHandle'
  # this:     rdx:rdx   = 'java/lang/invoke/MethodHandle'
  # parm0:    r8:r8     = 'java/lang/invoke/MethodType'
  # parm1:    r9:r9     = 'java/lang/invoke/LambdaForm'
  #           [sp+0x70]  (sp of caller)
  0x0000026d1533baa0: 448b 5208 | 49bb 0000 | 0029 6d02 | 0000 4d03 | d34c 3bd0 

  0x0000026d1533bab4: ;   {runtime_call ic_miss_stub}
  0x0000026d1533bab4: 0f85 c629 | 4907 660f | 1f44 0000 
[Verified Entry Point]
  0x0000026d1533bac0: 8984 2400 | 80ff ff55 | 4883 ec60 | 4181 7f20 | 0100 0000 

  0x0000026d1533bad4: ;   {runtime_call StubRoutines (final stubs)}
  0x0000026d1533bad4: 7405 e805 | cf47 0748 | 8954 2430 

  0x0000026d1533bae0: ;   {metadata(method data for {method} {0x0000026d29409c20} '<init>' '(Ljava/lang/invoke/MethodType;Ljava/lang/invoke/LambdaForm;)V' in 'java/lang/invoke/MethodHandle')}
  0x0000026d1533bae0: 48be 6081 | 166b 6d02 | 0000 8bbe | cc00 0000 | 83c7 0289 | becc 0000 | 0081 e7fe | 0700 0085 
  0x0000026d1533bb00: ff0f 840f | 0300 0048 

  0x0000026d1533bb08: ;   {metadata(method data for {method} {0x0000026d29409c20} '<init>' '(Ljava/lang/invoke/MethodType;Ljava/lang/invoke/LambdaForm;)V' in 'java/lang/invoke/MethodHandle')}
  0x0000026d1533bb08: 8bf2 48bf | 6081 166b | 6d02 0000 | 4883 8710 | 0100 0001 

  0x0000026d1533bb1c: ;   {metadata(method data for {method} {0x0000026d29476568} '<init>' '()V' in 'java/lang/Object')}
  0x0000026d1533bb1c: 48be 6067 | 006b 6d02 | 0000 8bbe | cc00 0000 | 83c7 0289 | becc 0000 | 0081 e7fe | ff1f 0085 
  0x0000026d1533bb3c: ff0f 84f4 

  0x0000026d1533bb40: ;   {metadata(method data for {method} {0x0000026d29409c20} '<init>' '(Ljava/lang/invoke/MethodType;Ljava/lang/invoke/LambdaForm;)V' in 'java/lang/invoke/MethodHandle')}
  0x0000026d1533bb40: 0200 0048 | be60 8116 | 6b6d 0200 | 0048 8386 | 2001 0000 

  0x0000026d1533bb54: ;   {metadata(method data for {method} {0x0000026d29056f70} 'requireNonNull' '(Ljava/lang/Object;)Ljava/lang/Object;' in 'java/util/Objects')}
  0x0000026d1533bb54: 0148 bed8 | de00 6b6d | 0200 008b | becc 0000 | 0083 c702 | 89be cc00 | 0000 81e7 | feff 1f00 
  0x0000026d1533bb74: 85ff 0f84 | dc02 0000 

  0x0000026d1533bb7c: ;   {metadata(method data for {method} {0x0000026d29056f70} 'requireNonNull' '(Ljava/lang/Object;)Ljava/lang/Object;' in 'java/util/Objects')}
  0x0000026d1533bb7c: 4d85 c048 | bed8 de00 | 6b6d 0200 | 0048 c7c7 | 2001 0000 | 7407 48c7 | c710 0100 | 0048 8b1c 
  0x0000026d1533bb9c: 3e48 8d5b | 0148 891c | 3e0f 84cb | 0100 004d | 8bd0 4489 | 5210 488d | 3248 c1ee | 0948 bf00 
  0x0000026d1533bbbc: 0060 116d | 0200 00c6 

  0x0000026d1533bbc4: ;   {metadata(method data for {method} {0x0000026d29409c20} '<init>' '(Ljava/lang/invoke/MethodType;Ljava/lang/invoke/LambdaForm;)V' in 'java/lang/invoke/MethodHandle')}
  0x0000026d1533bbc4: 043e 0048 | be60 8116 | 6b6d 0200 | 0048 8386 | 6801 0000 

  0x0000026d1533bbd8: ;   {metadata(method data for {method} {0x0000026d29056f70} 'requireNonNull' '(Ljava/lang/Object;)Ljava/lang/Object;' in 'java/util/Objects')}
  0x0000026d1533bbd8: 0148 bed8 | de00 6b6d | 0200 008b | becc 0000 | 0083 c702 | 89be cc00 | 0000 81e7 | feff 1f00 
  0x0000026d1533bbf8: 85ff 0f84 | 7902 0000 

  0x0000026d1533bc00: ;   {metadata(method data for {method} {0x0000026d29056f70} 'requireNonNull' '(Ljava/lang/Object;)Ljava/lang/Object;' in 'java/util/Objects')}
  0x0000026d1533bc00: 4d85 c948 | bed8 de00 | 6b6d 0200 | 0048 c7c7 | 2001 0000 | 7407 48c7 | c710 0100 | 0048 8b1c 
  0x0000026d1533bc20: 3e48 8d5b | 0148 891c | 3e0f 84b0 | 0000 0049 | 3b01 498b 

  0x0000026d1533bc34: ;   {metadata(method data for {method} {0x0000026d29409c20} '<init>' '(Ljava/lang/invoke/MethodType;Ljava/lang/invoke/LambdaForm;)V' in 'java/lang/invoke/MethodHandle')}
  0x0000026d1533bc34: f148 bf60 | 8116 6b6d 

  0x0000026d1533bc3c: ;   {metadata('java/lang/invoke/LambdaForm')}
  0x0000026d1533bc3c: 0200 0049 | baf8 fb08 | 296d 0200 | 004c 8997 | c001 0000 | 4883 87c8 | 0100 0001 | 498b d10f 
  0x0000026d1533bc5c: ;   {optimized virtual_call}
  0x0000026d1533bc5c: 1f40 00e8 

  0x0000026d1533bc60: ; ImmutableOopMap {[48]=Oop }
                      ;*invokevirtual uncustomize {reexecute=0 rethrow=0 return_oop=0}
                      ; - java.lang.invoke.MethodHandle::<init>@23
  0x0000026d1533bc60: 9c93 0300 

  0x0000026d1533bc64: ;   {other}
  0x0000026d1533bc64: 0f1f 8400 | d403 0000 | 488b 5424 | 304c 8bd0 | 4489 5214 | 488d 1248 | c1ea 0948 | be00 0060 
  0x0000026d1533bc84: 116d 0200 | 00c6 0432 | 0048 3b00 

  0x0000026d1533bc90: ;   {metadata(method data for {method} {0x0000026d29409c20} '<init>' '(Ljava/lang/invoke/MethodType;Ljava/lang/invoke/LambdaForm;)V' in 'java/lang/invoke/MethodHandle')}
  0x0000026d1533bc90: 488b d048 | be60 8116 | 6b6d 0200 

  0x0000026d1533bc9c: ;   {metadata('java/lang/invoke/LambdaForm')}
  0x0000026d1533bc9c: 0049 baf8 | fb08 296d | 0200 004c | 8996 f801 | 0000 4883 | 8600 0200 | 0001 488b | d066 0f1f 
  0x0000026d1533bcbc: ;   {optimized virtual_call}
  0x0000026d1533bcbc: 4400 00e8 

  0x0000026d1533bcc0: ; ImmutableOopMap {}
                      ;*invokevirtual prepare {reexecute=0 rethrow=0 return_oop=0}
                      ; - java.lang.invoke.MethodHandle::<init>@33
  0x0000026d1533bcc0: bc07 0000 

  0x0000026d1533bcc4: ;   {other}
  0x0000026d1533bcc4: 0f1f 8400 | 3404 0001 | 4883 c460 

  0x0000026d1533bcd0: ;   {poll_return}
  0x0000026d1533bcd0: 5d49 3ba7 | 4804 0000 | 0f87 c601 | 0000 c390 

  0x0000026d1533bce0: ;   {no_reloc}
  0x0000026d1533bce0: e9e4 0100 | 0000 0000 | 0000 498b | 87b8 0100 | 0048 8d78 | 3049 3bbf | c801 0000 | 0f87 d101 
  0x0000026d1533bd00: 0000 4989 | bfb8 0100 | 0048 c700 | 0100 0000 | 488b ca49 | ba00 0000 | 296d 0200 | 0049 2bca 
  0x0000026d1533bd20: 8948 0848 | 33c9 8948 | 0c48 33c9 | 4889 4810 | 4889 4818 | 4889 4820 | 4889 4828 

  0x0000026d1533bd3c: ;   {metadata(method data for {method} {0x0000026d29056f70} 'requireNonNull' '(Ljava/lang/Object;)Ljava/lang/Object;' in 'java/util/Objects')}
  0x0000026d1533bd3c: 488b d048 | bed8 de00 | 6b6d 0200 | 0048 8386 | 3001 0000 | 0148 8bd0 | 4889 4424 | 3866 0f1f 
  0x0000026d1533bd5c: ;   {optimized virtual_call}
  0x0000026d1533bd5c: 4400 00e8 

  0x0000026d1533bd60: ; ImmutableOopMap {[48]=Oop [56]=Oop }
                      ;*invokespecial <init> {reexecute=0 rethrow=0 return_oop=0}
                      ; - java.util.Objects::requireNonNull@8
                      ; - java.lang.invoke.MethodHandle::<init>@17
  0x0000026d1533bd60: 1c2a 4907 

  0x0000026d1533bd64: ;   {other}
  0x0000026d1533bd64: 0f1f 8400 | d404 0002 | 488b 4424 | 38e9 ad01 | 0000 4c89 | 4c24 480f | 1f44 0000 

  0x0000026d1533bd80: ;   {no_reloc}
  0x0000026d1533bd80: e96a 0100 | 0000 0000 | 0000 498b | 87b8 0100 | 0048 8d78 | 3049 3bbf | c801 0000 | 0f87 5701 
  0x0000026d1533bda0: 0000 4989 | bfb8 0100 | 0048 c700 | 0100 0000 | 488b ca49 | ba00 0000 | 296d 0200 | 0049 2bca 
  0x0000026d1533bdc0: 8948 0848 | 33c9 8948 | 0c48 33c9 | 4889 4810 | 4889 4818 | 4889 4820 | 4889 4828 

  0x0000026d1533bddc: ;   {metadata(method data for {method} {0x0000026d29056f70} 'requireNonNull' '(Ljava/lang/Object;)Ljava/lang/Object;' in 'java/util/Objects')}
  0x0000026d1533bddc: 488b d048 | bed8 de00 | 6b6d 0200 | 0048 8386 | 3001 0000 | 0148 8bd0 | 4889 4424 | 4066 0f1f 
  0x0000026d1533bdfc: ;   {optimized virtual_call}
  0x0000026d1533bdfc: 4400 00e8 

  0x0000026d1533be00: ; ImmutableOopMap {[48]=Oop [64]=Oop [72]=Oop }
                      ;*invokespecial <init> {reexecute=0 rethrow=0 return_oop=0}
                      ; - java.util.Objects::requireNonNull@8
                      ; - java.lang.invoke.MethodHandle::<init>@6
  0x0000026d1533be00: 7c29 4907 

  0x0000026d1533be04: ;   {other}
  0x0000026d1533be04: 0f1f 8400 | 7405 0003 | 488b 4424 | 40e9 0d01 

  0x0000026d1533be14: ;   {metadata({method} {0x0000026d29409c20} '<init>' '(Ljava/lang/invoke/MethodType;Ljava/lang/invoke/LambdaForm;)V' in 'java/lang/invoke/MethodHandle')}
  0x0000026d1533be14: 0000 49ba | 189c 4029 | 6d02 0000 | 4c89 5424 | 0848 c704 | 24ff ffff 

  0x0000026d1533be2c: ;   {runtime_call counter_overflow Runtime1 stub}
  0x0000026d1533be2c: ffe8 ce8f 

  0x0000026d1533be30: ; ImmutableOopMap {rdx=Oop r8=Oop r9=Oop [48]=Oop }
                      ;*synchronization entry
                      ; - java.lang.invoke.MethodHandle::<init>@-1
  0x0000026d1533be30: 5407 e9d0 

  0x0000026d1533be34: ;   {metadata({method} {0x0000026d29476568} '<init>' '()V' in 'java/lang/Object')}
  0x0000026d1533be34: fcff ff49 | ba60 6547 | 296d 0200 | 004c 8954 | 2408 48c7 | 0424 ffff 

  0x0000026d1533be4c: ;   {runtime_call counter_overflow Runtime1 stub}
  0x0000026d1533be4c: ffff e8ad 

  0x0000026d1533be50: ; ImmutableOopMap {rdx=Oop r8=Oop r9=Oop [48]=Oop }
                      ;*synchronization entry
                      ; - java.lang.Object::<init>@-1
                      ; - java.lang.invoke.MethodHandle::<init>@1
  0x0000026d1533be50: 8f54 07e9 | ebfc ffff 

  0x0000026d1533be58: ;   {metadata({method} {0x0000026d29056f70} 'requireNonNull' '(Ljava/lang/Object;)Ljava/lang/Object;' in 'java/util/Objects')}
  0x0000026d1533be58: 49ba 686f | 0529 6d02 | 0000 4c89 | 5424 0848 | c704 24ff 

  0x0000026d1533be6c: ;   {runtime_call counter_overflow Runtime1 stub}
  0x0000026d1533be6c: ffff ffe8 

  0x0000026d1533be70: ; ImmutableOopMap {rdx=Oop r8=Oop r9=Oop [48]=Oop }
                      ;*synchronization entry
                      ; - java.util.Objects::requireNonNull@-1
                      ; - java.lang.invoke.MethodHandle::<init>@6
  0x0000026d1533be70: 8c8f 5407 | e903 fdff 

  0x0000026d1533be78: ;   {metadata({method} {0x0000026d29056f70} 'requireNonNull' '(Ljava/lang/Object;)Ljava/lang/Object;' in 'java/util/Objects')}
  0x0000026d1533be78: ff49 ba68 | 6f05 296d | 0200 004c | 8954 2408 | 48c7 0424 | ffff ffff 

  0x0000026d1533be90: ;   {runtime_call counter_overflow Runtime1 stub}
  0x0000026d1533be90: e86b 8f54 

  0x0000026d1533be94: ; ImmutableOopMap {rdx=Oop r9=Oop [48]=Oop }
                      ;*synchronization entry
                      ; - java.util.Objects::requireNonNull@-1
                      ; - java.lang.invoke.MethodHandle::<init>@17
  0x0000026d1533be94: 07e9 66fd 

  0x0000026d1533be98: ;   {runtime_call throw_null_pointer_exception Runtime1 stub}
  0x0000026d1533be98: ffff e861 

  0x0000026d1533be9c: ; ImmutableOopMap {r9=Oop [48]=Oop }
                      ;*invokevirtual uncustomize {reexecute=0 rethrow=0 return_oop=0}
                      ; - java.lang.invoke.MethodHandle::<init>@23
                      ;   {runtime_call throw_null_pointer_exception Runtime1 stub}
  0x0000026d1533be9c: 1954 07e8 

  0x0000026d1533bea0: ; ImmutableOopMap {rax=Oop }
                      ;*invokevirtual prepare {reexecute=0 rethrow=0 return_oop=0}
                      ; - java.lang.invoke.MethodHandle::<init>@33
  0x0000026d1533bea0: 5c19 5407 

  0x0000026d1533bea4: ;   {internal_word}
  0x0000026d1533bea4: 49ba d1bc | 3315 6d02 | 0000 4d89 | 9760 0400 

  0x0000026d1533beb4: ;   {runtime_call SafepointBlob}
  0x0000026d1533beb4: 00e9 468c 

  0x0000026d1533beb8: ;   {metadata(nullptr)}
  0x0000026d1533beb8: 4907 48ba | 0000 0000 | 0000 0000 | b800 0f05 

  0x0000026d1533bec8: ;   {runtime_call load_klass_patching Runtime1 stub}
  0x0000026d1533bec8: 0ae8 327b 

  0x0000026d1533becc: ; ImmutableOopMap {[48]=Oop }
                      ;*new {reexecute=1 rethrow=0 return_oop=0}
                      ; - (reexecute) java.util.Objects::requireNonNull@4
                      ; - java.lang.invoke.MethodHandle::<init>@17
  0x0000026d1533becc: 5407 e90d | feff ff48 

  0x0000026d1533bed4: ;   {runtime_call fast_new_instance Runtime1 stub}
  0x0000026d1533bed4: 8bd2 e825 

  0x0000026d1533bed8: ; ImmutableOopMap {[48]=Oop }
                      ;*new {reexecute=0 rethrow=0 return_oop=0}
                      ; - java.util.Objects::requireNonNull@4
                      ; - java.lang.invoke.MethodHandle::<init>@17
  0x0000026d1533bed8: 2e54 07e9 | 5cfe ffff 

  0x0000026d1533bee0: ;   {metadata(nullptr)}
  0x0000026d1533bee0: 48ba 0000 | 0000 0000 | 0000 b800 

  0x0000026d1533beec: ;   {runtime_call load_klass_patching Runtime1 stub}
  0x0000026d1533beec: 0f05 0ae8 

  0x0000026d1533bef0: ; ImmutableOopMap {[48]=Oop [72]=Oop }
                      ;*new {reexecute=1 rethrow=0 return_oop=0}
                      ; - (reexecute) java.util.Objects::requireNonNull@4
                      ; - java.lang.invoke.MethodHandle::<init>@6
  0x0000026d1533bef0: 0c7b 5407 | e987 feff | ff48 8bd2 

  0x0000026d1533befc: ;   {runtime_call fast_new_instance Runtime1 stub}
  0x0000026d1533befc: e8ff 2d54 

  0x0000026d1533bf00: ; ImmutableOopMap {[48]=Oop [72]=Oop }
                      ;*new {reexecute=0 rethrow=0 return_oop=0}
                      ; - java.util.Objects::requireNonNull@4
                      ; - java.lang.invoke.MethodHandle::<init>@6
  0x0000026d1533bf00: 07e9 d6fe | ffff 498b | 87f8 0400 | 0049 c787 | f804 0000 | 0000 0000 | 49c7 8700 | 0500 0000 
  0x0000026d1533bf20: 0000 0048 | 83c4 605d 

  0x0000026d1533bf28: ;   {runtime_call unwind_exception Runtime1 stub}
  0x0000026d1533bf28: e9d3 0354 | 07f4 f4f4 
[Stub Code]
  0x0000026d1533bf30: ;   {no_reloc}
  0x0000026d1533bf30: 0f1f 4400 

  0x0000026d1533bf34: ;   {static_stub}
  0x0000026d1533bf34: 0048 bb50 | 0209 296d 

  0x0000026d1533bf3c: ;   {runtime_call I2C/C2I adapters}
  0x0000026d1533bf3c: 0200 00e9 | 9f1c 4907 

  0x0000026d1533bf44: ;   {static_stub}
  0x0000026d1533bf44: 9048 bb00 | 0000 0000 

  0x0000026d1533bf4c: ;   {runtime_call nmethod}
  0x0000026d1533bf4c: 0000 00e9 | fbff ffff 

  0x0000026d1533bf54: ;   {static_stub}
  0x0000026d1533bf54: 48bb 0000 | 0000 0000 

  0x0000026d1533bf5c: ;   {runtime_call nmethod}
  0x0000026d1533bf5c: 0000 e9fb 

  0x0000026d1533bf60: ;   {runtime_call handle_exception_from_callee Runtime1 stub}
  0x0000026d1533bf60: ffff ffe8 | 984e 5407 

  0x0000026d1533bf68: ;   {external_word}
  0x0000026d1533bf68: 48b9 2053 | 1705 f87f | 0000 4883 

  0x0000026d1533bf74: ;   {runtime_call}
  0x0000026d1533bf74: e4f0 48b8 | 90b7 d904 | f87f 0000 

  0x0000026d1533bf80: ;   {section_word}
  0x0000026d1533bf80: ffd0 f449 | ba83 bf33 | 156d 0200 

  0x0000026d1533bf8c: ;   {runtime_call DeoptimizationBlob}
  0x0000026d1533bf8c: 0041 52e9 | 0c7e 4907 | f4f4 f4f4 
[/MachCode]


---------------  P R O C E S S  ---------------

Threads class SMR info:
_java_thread_list=0x0000026d6ad45330, length=11, elements={
0x0000026d1204af70, 0x0000026d28a517a0, 0x0000026d28a52b40, 0x0000026d28a56f00,
0x0000026d28a57950, 0x0000026d28a58620, 0x0000026d28a59070, 0x0000026d28a59ea0,
0x0000026d28a742a0, 0x0000026d6ac75f40, 0x0000026d6ad92220
}

Java Threads: ( => current thread )
=>0x0000026d1204af70 JavaThread "main"                              [_thread_in_vm, id=23452, stack(0x00000087fc900000,0x00000087fca00000) (1024K)]
  0x0000026d28a517a0 JavaThread "Reference Handler"          daemon [_thread_blocked, id=20056, stack(0x00000087fcd00000,0x00000087fce00000) (1024K)]
  0x0000026d28a52b40 JavaThread "Finalizer"                  daemon [_thread_blocked, id=24968, stack(0x00000087fce00000,0x00000087fcf00000) (1024K)]
  0x0000026d28a56f00 JavaThread "Signal Dispatcher"          daemon [_thread_blocked, id=23964, stack(0x00000087fcf00000,0x00000087fd000000) (1024K)]
  0x0000026d28a57950 JavaThread "Attach Listener"            daemon [_thread_blocked, id=20524, stack(0x00000087fd000000,0x00000087fd100000) (1024K)]
  0x0000026d28a58620 JavaThread "Service Thread"             daemon [_thread_blocked, id=3264, stack(0x00000087fd100000,0x00000087fd200000) (1024K)]
  0x0000026d28a59070 JavaThread "Monitor Deflation Thread"   daemon [_thread_blocked, id=15548, stack(0x00000087fd200000,0x00000087fd300000) (1024K)]
  0x0000026d28a59ea0 JavaThread "C2 CompilerThread0"         daemon [_thread_blocked, id=12136, stack(0x00000087fd300000,0x00000087fd400000) (1024K)]
  0x0000026d28a742a0 JavaThread "C1 CompilerThread0"         daemon [_thread_blocked, id=16500, stack(0x00000087fd400000,0x00000087fd500000) (1024K)]
  0x0000026d6ac75f40 JavaThread "Common-Cleaner"             daemon [_thread_blocked, id=16924, stack(0x00000087fd500000,0x00000087fd600000) (1024K)]
  0x0000026d6ad92220 JavaThread "Notification Thread"        daemon [_thread_blocked, id=19248, stack(0x00000087fd600000,0x00000087fd700000) (1024K)]
Total: 11

Other Threads:
  0x0000026d28a3ef10 VMThread "VM Thread"                           [id=18476, stack(0x00000087fcc00000,0x00000087fcd00000) (1024K)]
  0x0000026d120b64b0 WatcherThread "VM Periodic Task Thread"        [id=8976, stack(0x00000087fcb00000,0x00000087fcc00000) (1024K)]
  0x0000026d12068c50 WorkerThread "GC Thread#0"                     [id=21844, stack(0x00000087fca00000,0x00000087fcb00000) (1024K)]
Total: 3

Threads with active compile tasks:
Total: 0

VM state: not at safepoint (normal execution)

VM Mutex/Monitor currently owned by a thread:  ([mutex/lock_event])
[0x00007ff80542b4f0] Metaspace_lock - owner thread: 0x0000026d1204af70

Heap address: 0x0000000080000000, size: 2048 MB, Compressed Oops mode: 32-bit

CDS archive(s) mapped at: [0x0000026d29000000-0x0000026d29ba0000-0x0000026d29ba0000), size 12189696, SharedBaseAddress: 0x0000026d29000000, ArchiveRelocationMode: 1.
Compressed class space mapped at: 0x0000026d2a000000-0x0000026d6a000000, reserved size: 1073741824
Narrow klass base: 0x0000026d29000000, Narrow klass shift: 0, Narrow klass range: 0x100000000

GC Precious Log:
 CardTable entry size: 512
 CPUs: 5 total, 5 available
 Memory: 16244M
 Large Page Support: Disabled
 NUMA Support: Disabled
 Compressed Oops: Enabled (32-bit)
 Alignments: Space 512K, Generation 512K, Heap 2M
 Heap Min Capacity: 100M
 Heap Initial Capacity: 100M
 Heap Max Capacity: 2G
 Pre-touch: Disabled
 Parallel Workers: 5

Heap:
 PSYoungGen      total 29696K, used 16787K [0x00000000d5580000, 0x00000000d7680000, 0x0000000100000000)
  eden space 25600K, 65% used [0x00000000d5580000,0x00000000d65e4db8,0x00000000d6e80000)
  from space 4096K, 0% used [0x00000000d7280000,0x00000000d7280000,0x00000000d7680000)
  to   space 4096K, 0% used [0x00000000d6e80000,0x00000000d6e80000,0x00000000d7280000)
 ParOldGen       total 68608K, used 0K [0x0000000080000000, 0x0000000084300000, 0x00000000d5580000)
  object space 68608K, 0% used [0x0000000080000000,0x0000000080000000,0x0000000084300000)
 Metaspace       used 3293K, committed 3520K, reserved 1114112K
  class space    used 350K, committed 512K, reserved 1048576K

Card table byte_map: [0x0000026d11a00000,0x0000026d11e10000] _byte_map_base: 0x0000026d11600000

Marking Bits: (ParMarkBitMap*) 0x00007ff805432460
 Begin Bits: [0x0000026d24500000, 0x0000026d26500000)
 End Bits:   [0x0000026d26500000, 0x0000026d28500000)

Polling page: 0x0000026d0ff10000

Metaspace:

Usage:
  Non-class:      2.87 MB used.
      Class:    350.62 KB used.
       Both:      3.22 MB used.

Virtual space:
  Non-class space:       64.00 MB reserved,       2.94 MB (  5%) committed,  1 nodes.
      Class space:        1.00 GB reserved,     512.00 KB ( <1%) committed,  1 nodes.
             Both:        1.06 GB reserved,       3.44 MB ( <1%) committed. 

Chunk freelists:
   Non-Class:  11.50 MB
       Class:  15.50 MB
        Both:  27.00 MB

MaxMetaspaceSize: unlimited
CompressedClassSpaceSize: 1.00 GB
Initial GC threshold: 21.00 MB
Current GC threshold: 21.00 MB
CDS: on
 - commit_granule_bytes: 65536.
 - commit_granule_words: 8192.
 - virtual_space_node_default_size: 8388608.
 - enlarge_chunks_in_place: 1.
 - use_allocation_guard: 0.


Internal statistics:

num_allocs_failed_limit: 0.
num_arena_births: 152.
num_arena_deaths: 0.
num_vsnodes_births: 2.
num_vsnodes_deaths: 0.
num_space_committed: 55.
num_space_uncommitted: 0.
num_chunks_returned_to_freelist: 0.
num_chunks_taken_from_freelist: 191.
num_chunk_merges: 0.
num_chunk_splits: 125.
num_chunks_enlarged: 67.
num_inconsistent_stats: 0.

CodeHeap 'non-profiled nmethods': size=120000Kb used=353Kb max_used=353Kb free=119646Kb
 bounds [0x0000026d1cd20000, 0x0000026d1cf90000, 0x0000026d24250000]
CodeHeap 'profiled nmethods': size=120000Kb used=1351Kb max_used=1351Kb free=118648Kb
 bounds [0x0000026d15250000, 0x0000026d154c0000, 0x0000026d1c780000]
CodeHeap 'non-nmethods': size=5760Kb used=1187Kb max_used=1206Kb free=4572Kb
 bounds [0x0000026d1c780000, 0x0000026d1c9f0000, 0x0000026d1cd20000]
CodeCache: size=245760Kb, used=2891Kb, max_used=2910Kb, free=242866Kb
 total_blobs=1326, nmethods=879, adapters=354, full_count=0
Compilation: enabled, stopped_count=0, restarted_count=0

Compilation events (20 events):
Event: 3.924 Thread 0x0000026d28a742a0  870       3       java.lang.reflect.Modifier::isPrivate (12 bytes)
Event: 3.924 Thread 0x0000026d28a742a0 nmethod 870 0x0000026d1539a990 code [0x0000026d1539ab20, 0x0000026d1539ac60]
Event: 3.924 Thread 0x0000026d28a742a0  871       3       java.lang.invoke.LambdaForm$NamedFunction::member (26 bytes)
Event: 3.925 Thread 0x0000026d28a742a0 nmethod 871 0x0000026d1539ad10 code [0x0000026d1539aea0, 0x0000026d1539afc0]
Event: 3.925 Thread 0x0000026d28a742a0  872       3       java.lang.invoke.InvokerBytecodeGenerator::isStaticallyInvocable (165 bytes)
Event: 3.928 Thread 0x0000026d28a742a0 nmethod 872 0x0000026d1539b090 code [0x0000026d1539b440, 0x0000026d1539c7c0]
Event: 3.928 Thread 0x0000026d28a742a0  874       3       java.util.ImmutableCollections$ListN::size (6 bytes)
Event: 3.928 Thread 0x0000026d28a742a0 nmethod 874 0x0000026d1539cd10 code [0x0000026d1539cea0, 0x0000026d1539cfb8]
Event: 3.928 Thread 0x0000026d28a742a0  873       3       java.lang.invoke.InvokerBytecodeGenerator::refKindOpcode (112 bytes)
Event: 3.929 Thread 0x0000026d28a742a0 nmethod 873 0x0000026d1539d090 code [0x0000026d1539d300, 0x0000026d1539db08]
Event: 3.930 Thread 0x0000026d28a742a0  877       3       java.lang.invoke.MethodType::toMethodDescriptorString (28 bytes)
Event: 3.930 Thread 0x0000026d28a742a0 nmethod 877 0x0000026d1539dd90 code [0x0000026d1539df40, 0x0000026d1539e0e8]
Event: 3.931 Thread 0x0000026d28a742a0  878       3       java.lang.invoke.InvokerBytecodeGenerator::emitStoreInsn (21 bytes)
Event: 3.931 Thread 0x0000026d28a742a0 nmethod 878 0x0000026d1539e190 code [0x0000026d1539e360, 0x0000026d1539e5b8]
Event: 3.931 Thread 0x0000026d28a742a0  879       3       java.lang.invoke.InvokerBytecodeGenerator::storeInsnOpcode (98 bytes)
Event: 3.932 Thread 0x0000026d28a742a0 nmethod 879 0x0000026d1539e710 code [0x0000026d1539e980, 0x0000026d1539f2c8]
Event: 3.991 Thread 0x0000026d28a742a0  880       3       jdk.internal.org.objectweb.asm.Frame::pop (53 bytes)
Event: 3.992 Thread 0x0000026d28a742a0 nmethod 880 0x0000026d1539f610 code [0x0000026d1539f860, 0x0000026d1539ffb8]
Event: 3.993 Thread 0x0000026d28a742a0  881       3       jdk.internal.org.objectweb.asm.Type::getTypeInternal (218 bytes)
Event: 3.994 Thread 0x0000026d28a742a0 nmethod 881 0x0000026d153a0310 code [0x0000026d153a0660, 0x0000026d153a1800]

GC Heap History (0 events):
No events

Dll operation events (8 events):
Event: 0.234 Loaded shared library c:\Users\GLOBAL STORE\.vscode\extensions\redhat.java-1.48.2025111408-win32-x64\jre\21.0.9-win32-x86_64\bin\java.dll
Event: 0.692 Loaded shared library c:\Users\GLOBAL STORE\.vscode\extensions\redhat.java-1.48.2025111408-win32-x64\jre\21.0.9-win32-x86_64\bin\zip.dll
Event: 0.791 Loaded shared library C:\Users\GLOBAL STORE\.vscode\extensions\redhat.java-1.48.2025111408-win32-x64\jre\21.0.9-win32-x86_64\bin\instrument.dll
Event: 0.826 Loaded shared library C:\Users\GLOBAL STORE\.vscode\extensions\redhat.java-1.48.2025111408-win32-x64\jre\21.0.9-win32-x86_64\bin\net.dll
Event: 0.837 Loaded shared library C:\Users\GLOBAL STORE\.vscode\extensions\redhat.java-1.48.2025111408-win32-x64\jre\21.0.9-win32-x86_64\bin\nio.dll
Event: 0.842 Loaded shared library C:\Users\GLOBAL STORE\.vscode\extensions\redhat.java-1.48.2025111408-win32-x64\jre\21.0.9-win32-x86_64\bin\zip.dll
Event: 0.891 Loaded shared library C:\Users\GLOBAL STORE\.vscode\extensions\redhat.java-1.48.2025111408-win32-x64\jre\21.0.9-win32-x86_64\bin\jimage.dll
Event: 1.174 Loaded shared library c:\Users\GLOBAL STORE\.vscode\extensions\redhat.java-1.48.2025111408-win32-x64\jre\21.0.9-win32-x86_64\bin\verify.dll

Deoptimization events (20 events):
Event: 3.387 Thread 0x0000026d1204af70 DEOPT PACKING pc=0x0000026d15351a04 sp=0x00000087fc9fd7a0
Event: 3.387 Thread 0x0000026d1204af70 DEOPT UNPACKING pc=0x0000026d1c7d4242 sp=0x00000087fc9fcbf8 mode 0
Event: 3.388 Thread 0x0000026d1204af70 Uncommon trap: trap_request=0xffffff6e fr.pc=0x0000026d1cd646ac relative=0x000000000000020c
Event: 3.388 Thread 0x0000026d1204af70 Uncommon trap: reason=loop_limit_check action=maybe_recompile pc=0x0000026d1cd646ac method=java.math.BigInteger.implMulAdd([I[IIII)I @ 26 c2
Event: 3.388 Thread 0x0000026d1204af70 DEOPT PACKING pc=0x0000026d1cd646ac sp=0x00000087fc9fd720
Event: 3.388 Thread 0x0000026d1204af70 DEOPT UNPACKING pc=0x0000026d1c7d3aa2 sp=0x00000087fc9fd670 mode 2
Event: 3.763 Thread 0x0000026d1204af70 Uncommon trap: trap_request=0xffffff45 fr.pc=0x0000026d1cd4e960 relative=0x0000000000000500
Event: 3.763 Thread 0x0000026d1204af70 Uncommon trap: reason=unstable_if action=reinterpret pc=0x0000026d1cd4e960 method=java.lang.AbstractStringBuilder.inflateIfNeededFor(Ljava/lang/String;)V @ 14 c2
Event: 3.763 Thread 0x0000026d1204af70 DEOPT PACKING pc=0x0000026d1cd4e960 sp=0x00000087fc9fe4f0
Event: 3.763 Thread 0x0000026d1204af70 DEOPT UNPACKING pc=0x0000026d1c7d3aa2 sp=0x00000087fc9fe3a0 mode 2
Event: 3.763 Thread 0x0000026d1204af70 Uncommon trap: trap_request=0xffffff45 fr.pc=0x0000026d1cd4f198 relative=0x00000000000000f8
Event: 3.763 Thread 0x0000026d1204af70 Uncommon trap: reason=unstable_if action=reinterpret pc=0x0000026d1cd4f198 method=java.lang.String.getBytes([BIB)V @ 5 c2
Event: 3.763 Thread 0x0000026d1204af70 DEOPT PACKING pc=0x0000026d1cd4f198 sp=0x00000087fc9fe420
Event: 3.763 Thread 0x0000026d1204af70 DEOPT UNPACKING pc=0x0000026d1c7d3aa2 sp=0x00000087fc9fe3c8 mode 2
Event: 3.770 Thread 0x0000026d1204af70 Uncommon trap: trap_request=0xffffff45 fr.pc=0x0000026d1cd6a62c relative=0x000000000000008c
Event: 3.770 Thread 0x0000026d1204af70 Uncommon trap: reason=unstable_if action=reinterpret pc=0x0000026d1cd6a62c method=jdk.internal.misc.Unsafe.convEndian(ZI)I @ 4 c2
Event: 3.770 Thread 0x0000026d1204af70 DEOPT PACKING pc=0x0000026d1cd6a62c sp=0x00000087fc9fda80
Event: 3.770 Thread 0x0000026d1204af70 DEOPT UNPACKING pc=0x0000026d1c7d3aa2 sp=0x00000087fc9fd9b0 mode 2
Event: 3.859 Thread 0x0000026d1204af70 DEOPT PACKING pc=0x0000026d15368c7b sp=0x00000087fc9fd2c0
Event: 3.859 Thread 0x0000026d1204af70 DEOPT UNPACKING pc=0x0000026d1c7d4242 sp=0x00000087fc9fc738 mode 0

Classes loaded (20 events):
Event: 3.826 Loading class java/util/regex/Pattern$1MatcherIterator
Event: 3.827 Loading class java/util/regex/Pattern$1MatcherIterator done
Event: 3.830 Loading class java/util/ImmutableCollections$Access
Event: 3.831 Loading class java/util/ImmutableCollections$Access done
Event: 3.831 Loading class java/util/ImmutableCollections$Access$1
Event: 3.831 Loading class jdk/internal/access/JavaUtilCollectionAccess
Event: 3.831 Loading class jdk/internal/access/JavaUtilCollectionAccess done
Event: 3.831 Loading class java/util/ImmutableCollections$Access$1 done
Event: 3.835 Loading class java/util/stream/Nodes$SpinedNodeBuilder
Event: 3.836 Loading class java/util/stream/SpinedBuffer
Event: 3.838 Loading class java/util/stream/AbstractSpinedBuffer
Event: 3.839 Loading class java/util/stream/AbstractSpinedBuffer done
Event: 3.839 Loading class java/util/stream/SpinedBuffer done
Event: 3.839 Loading class java/util/stream/Nodes$SpinedNodeBuilder done
Event: 3.851 Loading class java/lang/invoke/DirectMethodHandle$Special
Event: 3.851 Loading class java/lang/invoke/DirectMethodHandle$Special done
Event: 3.882 Loading class java/util/stream/ReduceOps$2
Event: 3.882 Loading class java/util/stream/ReduceOps$2 done
Event: 3.882 Loading class java/util/stream/ReduceOps$2ReducingSink
Event: 3.882 Loading class java/util/stream/ReduceOps$2ReducingSink done

Classes unloaded (0 events):
No events

Classes redefined (0 events):
No events

Internal exceptions (20 events):
Event: 0.958 Thread 0x0000026d1204af70 Exception <a 'java/lang/NoSuchMethodError'{0x00000000d59d2420}: 'int java.lang.invoke.DirectMethodHandle$Holder.invokeSpecial(java.lang.Object, java.lang.Object, java.lang.Object, int)'> (0x00000000d59d2420) 
thrown [s\src\hotspot\share\interpreter\linkResolver.cpp, line 773]
Event: 0.961 Thread 0x0000026d1204af70 Exception <a 'java/lang/NoSuchMethodError'{0x00000000d59e4e08}: 'java.lang.Object java.lang.invoke.DirectMethodHandle$Holder.invokeStatic(java.lang.Object, java.lang.Object, java.lang.Object, java.lang.Object, int)'> (0x00000000d59e4e08) 
thrown [s\src\hotspot\share\interpreter\linkResolver.cpp, line 773]
Event: 0.963 Thread 0x0000026d1204af70 Exception <a 'java/lang/NoSuchMethodError'{0x00000000d59f0248}: 'void java.lang.invoke.DelegatingMethodHandle$Holder.reinvoke_L(java.lang.Object, java.lang.Object, java.lang.Object, int, java.lang.Object)'> (0x00000000d59f0248) 
thrown [s\src\hotspot\share\interpreter\linkResolver.cpp, line 773]
Event: 0.964 Thread 0x0000026d1204af70 Exception <a 'java/lang/NoSuchMethodError'{0x00000000d59f3c80}: 'int java.lang.invoke.DirectMethodHandle$Holder.invokeSpecial(java.lang.Object, java.lang.Object, java.lang.Object)'> (0x00000000d59f3c80) 
thrown [s\src\hotspot\share\interpreter\linkResolver.cpp, line 773]
Event: 0.972 Thread 0x0000026d1204af70 Exception <a 'java/lang/NoSuchMethodError'{0x00000000d5a0c970}: 'java.lang.Object java.lang.invoke.DirectMethodHandle$Holder.invokeStatic(java.lang.Object, java.lang.Object, int)'> (0x00000000d5a0c970) 
thrown [s\src\hotspot\share\interpreter\linkResolver.cpp, line 773]
Event: 0.973 Thread 0x0000026d1204af70 Exception <a 'java/lang/NoSuchMethodError'{0x00000000d5a11508}: 'void java.lang.invoke.DirectMethodHandle$Holder.invokeStatic(java.lang.Object, java.lang.Object, int, java.lang.Object)'> (0x00000000d5a11508) 
thrown [s\src\hotspot\share\interpreter\linkResolver.cpp, line 773]
Event: 0.973 Thread 0x0000026d1204af70 Exception <a 'java/lang/NoSuchMethodError'{0x00000000d5a15098}: 'void java.lang.invoke.DirectMethodHandle$Holder.invokeSpecial(java.lang.Object, java.lang.Object, java.lang.Object, int, java.lang.Object)'> (0x00000000d5a15098) 
thrown [s\src\hotspot\share\interpreter\linkResolver.cpp, line 773]
Event: 0.976 Thread 0x0000026d1204af70 Exception <a 'java/lang/NoSuchMethodError'{0x00000000d5a18508}: 'void java.lang.invoke.DelegatingMethodHandle$Holder.delegate(java.lang.Object, java.lang.Object, int, java.lang.Object)'> (0x00000000d5a18508) 
thrown [s\src\hotspot\share\interpreter\linkResolver.cpp, line 773]
Event: 1.233 Thread 0x0000026d1204af70 Exception <a 'java/lang/NoSuchMethodError'{0x00000000d5be5d28}: 'void java.lang.invoke.DelegatingMethodHandle$Holder.reinvoke_L(java.lang.Object, java.lang.Object, java.lang.Object, int)'> (0x00000000d5be5d28) 
thrown [s\src\hotspot\share\interpreter\linkResolver.cpp, line 773]
Event: 2.545 Thread 0x0000026d1204af70 Exception <a 'java/lang/NoSuchMethodError'{0x00000000d6085d38}: 'void java.lang.invoke.DirectMethodHandle$Holder.invokeVirtual(java.lang.Object, java.lang.Object)'> (0x00000000d6085d38) 
thrown [s\src\hotspot\share\interpreter\linkResolver.cpp, line 773]
Event: 3.597 Thread 0x0000026d1204af70 Exception <a 'java/lang/NoSuchMethodError'{0x00000000d644da08}: 'void java.lang.invoke.DirectMethodHandle$Holder.invokeStatic(java.lang.Object, java.lang.Object)'> (0x00000000d644da08) 
thrown [s\src\hotspot\share\interpreter\linkResolver.cpp, line 773]
Event: 3.645 Thread 0x0000026d1204af70 Exception <a 'java/lang/ClassNotFoundException'{0x00000000d6473d30}: sun/net/www/protocol/c/Handler> (0x00000000d6473d30) 
thrown [s\src\hotspot\share\classfile\systemDictionary.cpp, line 312]
Event: 3.763 Thread 0x0000026d1204af70 Exception <a 'java/io/FileNotFoundException'{0x00000000d64cd2a0}> (0x00000000d64cd2a0) 
thrown [s\src\hotspot\share\prims\jni.cpp, line 520]
Event: 3.764 Thread 0x0000026d1204af70 Exception <a 'java/io/FileNotFoundException'{0x00000000d64ce9f0}> (0x00000000d64ce9f0) 
thrown [s\src\hotspot\share\prims\jni.cpp, line 520]
Event: 3.764 Thread 0x0000026d1204af70 Exception <a 'java/io/FileNotFoundException'{0x00000000d64cfaa8}> (0x00000000d64cfaa8) 
thrown [s\src\hotspot\share\prims\jni.cpp, line 520]
Event: 3.765 Thread 0x0000026d1204af70 Exception <a 'java/io/FileNotFoundException'{0x00000000d64d0a08}> (0x00000000d64d0a08) 
thrown [s\src\hotspot\share\prims\jni.cpp, line 520]
Event: 3.782 Thread 0x0000026d1204af70 Exception <a 'java/io/FileNotFoundException'{0x00000000d6509f88}> (0x00000000d6509f88) 
thrown [s\src\hotspot\share\prims\jni.cpp, line 520]
Event: 3.852 Thread 0x0000026d1204af70 Exception <a 'java/lang/NoSuchMethodError'{0x00000000d6542590}: 'java.lang.Object java.lang.invoke.DirectMethodHandle$Holder.invokeInterface(java.lang.Object, java.lang.Object)'> (0x00000000d6542590) 
thrown [s\src\hotspot\share\interpreter\linkResolver.cpp, line 773]
Event: 3.863 Thread 0x0000026d1204af70 Exception <a 'java/lang/NoSuchMethodError'{0x00000000d6555ba8}: 'java.lang.Object java.lang.invoke.Invokers$Holder.invokeExact_MT(java.lang.Object, java.lang.Object, java.lang.Object, java.lang.Object, java.lang.Object, java.lang.Object)'> (0x00000000d6555ba8) 
thrown [s\src\hotspot\share\interpreter\linkResolver.cpp, line 773]
Event: 3.878 Thread 0x0000026d1204af70 Exception <a 'java/lang/NoSuchMethodError'{0x00000000d656cec8}: 'int java.lang.invoke.DirectMethodHandle$Holder.invokeStatic(java.lang.Object, java.lang.Object, java.lang.Object, java.lang.Object, java.lang.Object)'> (0x00000000d656cec8) 
thrown [s\src\hotspot\share\interpreter\linkResolver.cpp, line 773]

ZGC Phase Switch (0 events):
No events

VM Operations (12 events):
Event: 0.678 Executing VM operation: HandshakeAllThreads (Deoptimize)
Event: 0.678 Executing VM operation: HandshakeAllThreads (Deoptimize) done
Event: 0.920 Executing VM operation: HandshakeAllThreads (Deoptimize)
Event: 0.920 Executing VM operation: HandshakeAllThreads (Deoptimize) done
Event: 1.921 Executing VM operation: Cleanup
Event: 2.021 Executing VM operation: Cleanup done
Event: 3.021 Executing VM operation: Cleanup
Event: 3.021 Executing VM operation: Cleanup done
Event: 3.402 Executing VM operation: HandshakeAllThreads (Deoptimize)
Event: 3.402 Executing VM operation: HandshakeAllThreads (Deoptimize) done
Event: 3.577 Executing VM operation: HandshakeAllThreads (Deoptimize)
Event: 3.577 Executing VM operation: HandshakeAllThreads (Deoptimize) done

Memory protections (0 events):
No events

Nmethod flushes (0 events):
No events

Events (11 events):
Event: 0.551 Thread 0x0000026d1204af70 Thread added: 0x0000026d1204af70
Event: 0.583 Thread 0x0000026d1204af70 Thread added: 0x0000026d28a517a0
Event: 0.583 Thread 0x0000026d1204af70 Thread added: 0x0000026d28a52b40
Event: 0.583 Thread 0x0000026d1204af70 Thread added: 0x0000026d28a56f00
Event: 0.583 Thread 0x0000026d1204af70 Thread added: 0x0000026d28a57950
Event: 0.584 Thread 0x0000026d1204af70 Thread added: 0x0000026d28a58620
Event: 0.584 Thread 0x0000026d1204af70 Thread added: 0x0000026d28a59070
Event: 0.584 Thread 0x0000026d1204af70 Thread added: 0x0000026d28a59ea0
Event: 0.584 Thread 0x0000026d1204af70 Thread added: 0x0000026d28a742a0
Event: 0.805 Thread 0x0000026d1204af70 Thread added: 0x0000026d6ac75f40
Event: 1.707 Thread 0x0000026d1204af70 Thread added: 0x0000026d6ad92220


Dynamic libraries:
0x00007ff6da780000 - 0x00007ff6da78e000 	c:\Users\GLOBAL STORE\.vscode\extensions\redhat.java-1.48.2025111408-win32-x64\jre\21.0.9-win32-x86_64\bin\java.exe
0x00007ff8bd450000 - 0x00007ff8bd648000 	C:\WINDOWS\SYSTEM32\ntdll.dll
0x00007ff8bd130000 - 0x00007ff8bd1f2000 	C:\WINDOWS\System32\KERNEL32.DLL
0x00007ff8baf40000 - 0x00007ff8bb236000 	C:\WINDOWS\System32\KERNELBASE.dll
0x00007ff8bb2f0000 - 0x00007ff8bb3f0000 	C:\WINDOWS\System32\ucrtbase.dll
0x00007ff8a6e70000 - 0x00007ff8a6e88000 	c:\Users\GLOBAL STORE\.vscode\extensions\redhat.java-1.48.2025111408-win32-x64\jre\21.0.9-win32-x86_64\bin\jli.dll
0x00007ff8bc400000 - 0x00007ff8bc5a1000 	C:\WINDOWS\System32\USER32.dll
0x00007ff8bab80000 - 0x00007ff8baba2000 	C:\WINDOWS\System32\win32u.dll
0x00007ff8bc6d0000 - 0x00007ff8bc6fb000 	C:\WINDOWS\System32\GDI32.dll
0x00007ff8bac00000 - 0x00007ff8bad19000 	C:\WINDOWS\System32\gdi32full.dll
0x00007ff8baae0000 - 0x00007ff8bab7d000 	C:\WINDOWS\System32\msvcp_win.dll
0x00007ff8b0020000 - 0x00007ff8b003e000 	c:\Users\GLOBAL STORE\.vscode\extensions\redhat.java-1.48.2025111408-win32-x64\jre\21.0.9-win32-x86_64\bin\VCRUNTIME140.dll
0x00007ff8b9e80000 - 0x00007ff8ba11b000 	C:\WINDOWS\WinSxS\amd64_microsoft.windows.common-controls_6595b64144ccf1df_6.0.19041.6456_none_60b8a6cb71f64256\COMCTL32.dll
0x00007ff8bcf50000 - 0x00007ff8bcfee000 	C:\WINDOWS\System32\msvcrt.dll
0x00007ff8bd200000 - 0x00007ff8bd22f000 	C:\WINDOWS\System32\IMM32.DLL
0x00007ff8b3d10000 - 0x00007ff8b3d1c000 	c:\Users\GLOBAL STORE\.vscode\extensions\redhat.java-1.48.2025111408-win32-x64\jre\21.0.9-win32-x86_64\bin\vcruntime140_1.dll
0x00007ff872340000 - 0x00007ff8723cd000 	c:\Users\GLOBAL STORE\.vscode\extensions\redhat.java-1.48.2025111408-win32-x64\jre\21.0.9-win32-x86_64\bin\msvcp140.dll
0x00007ff804770000 - 0x00007ff805510000 	c:\Users\GLOBAL STORE\.vscode\extensions\redhat.java-1.48.2025111408-win32-x64\jre\21.0.9-win32-x86_64\bin\server\jvm.dll
0x00007ff8bd230000 - 0x00007ff8bd2e1000 	C:\WINDOWS\System32\ADVAPI32.dll
0x00007ff8bc630000 - 0x00007ff8bc6cf000 	C:\WINDOWS\System32\sechost.dll
0x00007ff8bc270000 - 0x00007ff8bc390000 	C:\WINDOWS\System32\RPCRT4.dll
0x00007ff8baf10000 - 0x00007ff8baf37000 	C:\WINDOWS\System32\bcrypt.dll
0x00007ff8bc390000 - 0x00007ff8bc3fb000 	C:\WINDOWS\System32\WS2_32.dll
0x00007ff8ba6d0000 - 0x00007ff8ba71b000 	C:\WINDOWS\SYSTEM32\POWRPROF.dll
0x00007ff8ab590000 - 0x00007ff8ab5b7000 	C:\WINDOWS\SYSTEM32\WINMM.dll
0x00007ff8b1cd0000 - 0x00007ff8b1cda000 	C:\WINDOWS\SYSTEM32\VERSION.dll
0x00007ff8ba210000 - 0x00007ff8ba222000 	C:\WINDOWS\SYSTEM32\UMPDC.dll
0x00007ff8b85c0000 - 0x00007ff8b85d2000 	C:\WINDOWS\SYSTEM32\kernel.appcore.dll
0x00007ff8b2760000 - 0x00007ff8b276a000 	c:\Users\GLOBAL STORE\.vscode\extensions\redhat.java-1.48.2025111408-win32-x64\jre\21.0.9-win32-x86_64\bin\jimage.dll
0x00007ff8ba4c0000 - 0x00007ff8ba6c1000 	C:\WINDOWS\SYSTEM32\DBGHELP.DLL
0x00007ff8ba400000 - 0x00007ff8ba434000 	C:\WINDOWS\SYSTEM32\dbgcore.DLL
0x00007ff8bad20000 - 0x00007ff8bada2000 	C:\WINDOWS\System32\bcryptPrimitives.dll
0x00007ff8a6f40000 - 0x00007ff8a6f4f000 	c:\Users\GLOBAL STORE\.vscode\extensions\redhat.java-1.48.2025111408-win32-x64\jre\21.0.9-win32-x86_64\bin\instrument.dll
0x00007ff8972d0000 - 0x00007ff8972f0000 	c:\Users\GLOBAL STORE\.vscode\extensions\redhat.java-1.48.2025111408-win32-x64\jre\21.0.9-win32-x86_64\bin\java.dll
0x00007ff8bc700000 - 0x00007ff8bce70000 	C:\WINDOWS\System32\SHELL32.dll
0x00007ff8b7dd0000 - 0x00007ff8b8575000 	C:\WINDOWS\SYSTEM32\windows.storage.dll
0x00007ff8bbf10000 - 0x00007ff8bc264000 	C:\WINDOWS\System32\combase.dll
0x00007ff8b9de0000 - 0x00007ff8b9e0b000 	C:\WINDOWS\SYSTEM32\Wldp.dll
0x00007ff8bbe40000 - 0x00007ff8bbf0d000 	C:\WINDOWS\System32\OLEAUT32.dll
0x00007ff8bcff0000 - 0x00007ff8bd09d000 	C:\WINDOWS\System32\SHCORE.dll
0x00007ff8bb470000 - 0x00007ff8bb4cb000 	C:\WINDOWS\System32\shlwapi.dll
0x00007ff8baa10000 - 0x00007ff8baa34000 	C:\WINDOWS\SYSTEM32\profapi.dll
0x00007ff88f330000 - 0x00007ff88f348000 	c:\Users\GLOBAL STORE\.vscode\extensions\redhat.java-1.48.2025111408-win32-x64\jre\21.0.9-win32-x86_64\bin\zip.dll
0x00007ff8b2750000 - 0x00007ff8b2760000 	C:\Users\GLOBAL STORE\.vscode\extensions\redhat.java-1.48.2025111408-win32-x64\jre\21.0.9-win32-x86_64\bin\net.dll
0x00007ff8b0cd0000 - 0x00007ff8b0dda000 	C:\WINDOWS\SYSTEM32\WINHTTP.dll
0x00007ff8b9af0000 - 0x00007ff8b9b5a000 	C:\WINDOWS\system32\mswsock.dll
0x00007ff88f220000 - 0x00007ff88f236000 	C:\Users\GLOBAL STORE\.vscode\extensions\redhat.java-1.48.2025111408-win32-x64\jre\21.0.9-win32-x86_64\bin\nio.dll
0x00007ff89d0a0000 - 0x00007ff89d0b0000 	c:\Users\GLOBAL STORE\.vscode\extensions\redhat.java-1.48.2025111408-win32-x64\jre\21.0.9-win32-x86_64\bin\verify.dll

JVMTI agents:
c:\Users\GLOBAL STORE\.vscode\extensions\redhat.java-1.48.2025111408-win32-x64\lombok\lombok-1.18.39-4050.jar path:c:\Users\GLOBAL STORE\.vscode\extensions\redhat.java-1.48.2025111408-win32-x64\jre\21.0.9-win32-x86_64\bin\instrument.dll, loaded, initialized, instrumentlib options:none

dbghelp: loaded successfully - version: 4.0.5 - missing functions: none
symbol engine: initialized successfully - sym options: 0x614 - pdb path: .;c:\Users\GLOBAL STORE\.vscode\extensions\redhat.java-1.48.2025111408-win32-x64\jre\21.0.9-win32-x86_64\bin;C:\WINDOWS\SYSTEM32;C:\WINDOWS\WinSxS\amd64_microsoft.windows.common-controls_6595b64144ccf1df_6.0.19041.6456_none_60b8a6cb71f64256;c:\Users\GLOBAL STORE\.vscode\extensions\redhat.java-1.48.2025111408-win32-x64\jre\21.0.9-win32-x86_64\bin\server

VM Arguments:
jvm_args: --add-modules=ALL-SYSTEM --add-opens=java.base/java.util=ALL-UNNAMED --add-opens=java.base/java.lang=ALL-UNNAMED --add-opens=java.base/sun.nio.fs=ALL-UNNAMED -Declipse.application=org.eclipse.jdt.ls.core.id1 -Dosgi.bundles.defaultStartLevel=4 -Declipse.product=org.eclipse.jdt.ls.core.product -Djava.import.generatesMetadataFilesAtProjectRoot=false -DDetectVMInstallationsJob.disabled=true -Dfile.encoding=utf8 -XX:+UseParallelGC -XX:GCTimeRatio=4 -XX:AdaptiveSizePolicyWeight=90 -Dsun.zip.disableMemoryMapping=true -Xmx2G -Xms100m -Xlog:disable -javaagent:c:\Users\GLOBAL STORE\.vscode\extensions\redhat.java-1.48.2025111408-win32-x64\lombok\lombok-1.18.39-4050.jar 
java_command: c:\Users\GLOBAL STORE\.vscode\extensions\redhat.java-1.48.2025111408-win32-x64\server\plugins\org.eclipse.equinox.launcher_1.7.100.v20251111-0406.jar -configuration c:\Users\GLOBAL STORE\AppData\Roaming\Code\User\globalStorage\redhat.java\1.48.2025111408\config_ss_win -data c:\Users\GLOBAL STORE\AppData\Roaming\Code\User\workspaceStorage\87ef9fe996664560782c56eaaca1d688\redhat.java\ss_ws --pipe=\\.\pipe\lsp-4a50b9172e44881bab0403b5072db7c8-sock
java_class_path (initial): c:\Users\GLOBAL STORE\.vscode\extensions\redhat.java-1.48.2025111408-win32-x64\server\plugins\org.eclipse.equinox.launcher_1.7.100.v20251111-0406.jar
Launcher Type: SUN_STANDARD

[Global flags]
    uintx AdaptiveSizePolicyWeight                 = 90                                        {product} {command line}
     intx CICompilerCount                          = 3                                         {product} {ergonomic}
    uintx GCTimeRatio                              = 4                                         {product} {command line}
   size_t InitialHeapSize                          = 104857600                                 {product} {command line}
   size_t MaxHeapSize                              = 2147483648                                {product} {command line}
   size_t MaxNewSize                               = 715653120                                 {product} {ergonomic}
   size_t MinHeapDeltaBytes                        = 524288                                    {product} {ergonomic}
   size_t MinHeapSize                              = 104857600                                 {product} {command line}
   size_t NewSize                                  = 34603008                                  {product} {ergonomic}
    uintx NonNMethodCodeHeapSize                   = 5832780                                {pd product} {ergonomic}
    uintx NonProfiledCodeHeapSize                  = 122912730                              {pd product} {ergonomic}
   size_t OldSize                                  = 70254592                                  {product} {ergonomic}
    uintx ProfiledCodeHeapSize                     = 122912730                              {pd product} {ergonomic}
    uintx ReservedCodeCacheSize                    = 251658240                              {pd product} {ergonomic}
     bool SegmentedCodeCache                       = true                                      {product} {ergonomic}
   size_t SoftMaxHeapSize                          = 2147483648                             {manageable} {ergonomic}
     bool UseCompressedOops                        = true                           {product lp64_product} {ergonomic}
     bool UseLargePagesIndividualAllocation        = false                                  {pd product} {ergonomic}
     bool UseParallelGC                            = true                                      {product} {command line}

Logging:
Log output configuration:
 #0: stdout all=off uptime,level,tags foldmultilines=false
 #1: stderr all=off uptime,level,tags foldmultilines=false

Release file:
JAVA_VERSION="21.0.9" 
MODULES="java.base java.compiler java.datatransfer java.xml java.prefs java.desktop java.instrument java.logging java.management java.security.sasl java.naming java.rmi java.management.rmi java.net.http java.scripting java.security.jgss java.transaction.xa java.sql java.sql.rowset java.xml.crypto java.se java.smartcardio jdk.accessibility jdk.internal.jvmstat jdk.attach jdk.charsets jdk.internal.opt jdk.zipfs jdk.compiler jdk.crypto.ec jdk.crypto.cryptoki jdk.crypto.mscapi jdk.dynalink jdk.internal.ed jdk.editpad jdk.hotspot.agent jdk.httpserver jdk.internal.le jdk.internal.vm.ci jdk.internal.vm.compiler jdk.internal.vm.compiler.management jdk.jartool jdk.javadoc jdk.jcmd jdk.management jdk.management.agent jdk.jconsole jdk.jdeps jdk.jdwp.agent jdk.jdi jdk.jfr jdk.jshell jdk.jsobject jdk.jstatd jdk.localedata jdk.management.jfr jdk.naming.dns jdk.naming.rmi jdk.net jdk.nio.mapmode jdk.random jdk.sctp jdk.security.auth jdk.security.jgss jdk.unsupported jdk.unsupported.desktop jdk.xml.dom" 

Environment Variables:
JAVA_HOME=C:\Program Files\BellSoft\LibericaJDK-21\
PATH=C:\Users\GLOBAL STORE\AppData\Local\cloud-code\installer\google-cloud-sdk\bin;C:\Program Files\Common Files\Oracle\Java\javapath;C:\Windows\system32;C:\Windows;C:\Windows\System32\Wbem;C:\Windows\System32\WindowsPowerShell\v1.0\;C:\Windows\System32\OpenSSH\;C:\Program Files (x86)\NVIDIA Corporation\PhysX\Common;C:\Program Files\Microsoft SQL Server\110\Tools\Binn\;C:\Program Files\dotnet\;C:\Program Files\Git\cmd;C:\WINDOWS\system32;C:\WINDOWS;C:\WINDOWS\System32\Wbem;C:\WINDOWS\System32\WindowsPowerShell\v1.0\;C:\WINDOWS\System32\OpenSSH\;C:\Program Files (x86)\Intel\Intel(R) Management Engine Components\DAL;C:\Program Files\Intel\Intel(R) Management Engine Components\DAL;C:\Program Files\Intel\WiFi\bin\;C:\Program Files\Common Files\Intel\WirelessCommon\;C:\Gradle\gradle-8.13\bin;C:\Program Files\nodejs\;C:\Users\GLOBAL STORE\.local\bin;C:\Program Files\Common Files\Oracle\Java\javapath;C:\Windows\system32;C:\Windows;C:\Windows\System32\Wbem;C:\Windows\System32\WindowsPowerShell\v1.0\;C:\Windows\System32\OpenSSH\;C:\Program Files (x86)\NVIDIA Corporation\PhysX\Common;C:\Program Files\Microsoft SQL Server\110\Tools\Binn\;C:\Program Files\dotnet\;C:\Program Files\Git\cmd;C:\WINDOWS\system32;C:\WINDOWS;C:\WINDOWS\System32\Wbem;C:\WINDOWS\System32\WindowsPowerShell\v1.0\;C:\WINDOWS\System32\OpenSSH\;C:\Program Files\nodejs\;C:\Program Files (x86)\Intel\Intel(R) Management Engine Components\DAL;C:\Program Files\Intel\Intel(R) Management Engine Components\DAL;C:\Program Files\Intel\WiFi\bin\;C:\Program Files\Common Files\Intel\WirelessCommon\;C:\Gradle\gradle-8.13\bin;C:\Program Files\BellSoft\LibericaJDK-21\bin\;C:\Program Files\Common Files\Oracle\Java\javapath;C:\Program Files (x86)\Common Files\Oracle\Java\java8path;C:\Program Files (x86)\Common Files\Oracle\Java\javapath;C:\Windows\system32;C:\Windows;C:\Windows\System32\Wbem;C:\Windows\System32\WindowsPowerShell\v1.0\;C:\Windows\System32\OpenSSH\;C:\Program Files (x86)\NVIDIA Corporation\PhysX\Common;C:\Program Files\Microsoft SQL Server\110\Tools\Binn\;C:\Program Files\dotnet\;C:\Program Files\Git\cmd;C:\WINDOWS\system32;C:\WINDOWS;C:\WINDOWS\System32\Wbem;C:\WINDOWS\System32\WindowsPowerShell\v1.0\;C:\WINDOWS\System32\OpenSSH\;C:\Program Files\nodejs\;C:\Program Files (x86)\Intel\Intel(R) Management Engine Components\DAL;C:\Program Files\Intel\Intel(R) Management Engine Components\DAL;C:\Program Files\Intel\WiFi\bin\;C:\Program Files\Common Files\Intel\WirelessCommon\;C:\Users\GLOBAL STORE\AppData\Local\Programs\Python\Python310\Scripts\;C:\Users\GLOBAL STORE\AppData\Local\Programs\Python\Python310\;C:\Users\GLOBAL STORE\AppData\Local\Programs\Python\Python313\Scripts\;C:\Users\GLOBAL STORE\AppData\Local\Programs\Python\Python313\;C:\Users\GLOBAL STORE\AppData\Local\Programs\Python\Launcher\;C:\Users\GLOBAL STORE\AppData\Local\Microsoft\WindowsApps;C:\Users\GLOBAL STORE\AppData\Local\Programs\Microsoft VS Code\bin;C:\Program Files\JetBrains\IntelliJ IDEA 2023.1.3\bin;C:\wamp64\bin\php\php8.3.0;C:\Users\GLOBAL STORE\composer;C:\Users\GLOBAL STORE\AppData\Roaming\Composer\vendor\bin;C:\Users\GLOBAL STORE\AppData\Local\GitHubDesktop\bin;C:\php_imagick-3.7.0-8.3-ts-vs16-x64;C:\Users\GLOBAL STORE\Downloads\php_imagick-3.7.0-8.3-ts-vs16-x64\config;C:\Users\GLOBAL STORE\AppData\Local\Programs\cursor\resources\app\bin;C:\Users\GLOBAL STORE\.local\bin;C:\Users\GLOBAL STORE\AppData\Roaming\npm
USERNAME=GLOBAL_STORE
OS=Windows_NT
PROCESSOR_IDENTIFIER=Intel64 Family 6 Model 158 Stepping 9, GenuineIntel
TMP=C:\Users\GLOBAL STORE\AppData\Local\Temp
TEMP=C:\Users\GLOBAL STORE\AppData\Local\Temp




Periodic native trim disabled

---------------  S Y S T E M  ---------------

OS:
 Windows 10 , 64 bit Build 19041 (10.0.19041.5915)
OS uptime: 0 days 12:27 hours

CPU: total 5 (initial active 5) (4 cores per cpu, 2 threads per core) family 6 model 158 stepping 9 microcode 0xf6, cx8, cmov, fxsr, ht, mmx, 3dnowpref, sse, sse2, sse3, ssse3, sse4.1, sse4.2, popcnt, lzcnt, tsc, tscinvbit, avx, avx2, aes, erms, clmul, bmi1, bmi2, rtm, adx, fma, vzeroupper, clflush, clflushopt, rdtscp, f16c
Processor Information for the first 5 processors :
  Max Mhz: 2904, Current Mhz: 2904, Mhz Limit: 2904

Memory: 4k page, system-wide physical 16244M (189M free)
TotalPageFile size 48314M (AvailPageFile size 7M)
current process WorkingSet (physical memory assigned to process): 58M, peak: 58M
current process commit charge ("private bytes"): 219M, peak: 219M

vm_info: OpenJDK 64-Bit Server VM (21.0.9+10-LTS) for windows-amd64 JRE (21.0.9+10-LTS), built on 2025-10-21T00:00:00Z by "admin" with unknown MS VC++:1942

END.
