#
# There is insufficient memory for the Java Runtime Environment to continue.
# Native memory allocation (malloc) failed to allocate 670496 bytes. Error detail: Chunk::new
# Possible reasons:
#   The system is out of physical RAM or swap space
#   This process is running with CompressedOops enabled, and the Java Heap may be blocking the growth of the native heap
# Possible solutions:
#   Reduce memory load on the system
#   Increase physical memory or swap space
#   Check if swap backing store is full
#   Decrease Java heap size (-Xmx/-Xms)
#   Decrease number of Java threads
#   Decrease Java thread stack sizes (-Xss)
#   Set larger code cache with -XX:ReservedCodeCacheSize=
#   JVM is running with Unscaled Compressed Oops mode in which the Java heap is
#     placed in the first 4GB address space. The Java Heap base address is the
#     maximum limit for the native heap growth. Please use -XX:HeapBaseMinAddress
#     to set the Java Heap base and to place the Java Heap above 4GB virtual address.
# This output file may be truncated or incomplete.
#
#  Out of Memory Error (arena.cpp:168), pid=18988, tid=16060
#
# JRE version: OpenJDK Runtime Environment Temurin-21.0.9+10 (21.0.9+10) (build 21.0.9+10-LTS)
# Java VM: OpenJDK 64-Bit Server VM Temurin-21.0.9+10 (21.0.9+10-LTS, mixed mode, sharing, tiered, compressed oops, compressed class ptrs, parallel gc, windows-amd64)
# No core dump will be written. Minidumps are not enabled by default on client versions of Windows
#

---------------  S U M M A R Y ------------

Command Line: --add-modules=ALL-SYSTEM --add-opens=java.base/java.util=ALL-UNNAMED --add-opens=java.base/java.lang=ALL-UNNAMED --add-opens=java.base/sun.nio.fs=ALL-UNNAMED -Declipse.application=org.eclipse.jdt.ls.core.id1 -Dosgi.bundles.defaultStartLevel=4 -Declipse.product=org.eclipse.jdt.ls.core.product -Djava.import.generatesMetadataFilesAtProjectRoot=false -DDetectVMInstallationsJob.disabled=true -Dfile.encoding=utf8 -XX:+UseParallelGC -XX:GCTimeRatio=4 -XX:AdaptiveSizePolicyWeight=90 -Dsun.zip.disableMemoryMapping=true -Xmx2G -Xms100m -Xlog:disable -javaagent:c:\Users\GLOBAL STORE\.vscode\extensions\redhat.java-1.48.2025111408-win32-x64\lombok\lombok-1.18.39-4050.jar -XX:+HeapDumpOnOutOfMemoryError -XX:HeapDumpPath=c:\Users\GLOBAL STORE\AppData\Roaming\Code\User\workspaceStorage\87ef9fe996664560782c56eaaca1d688\redhat.java -Daether.dependencyCollector.impl=bf -XX:+UnlockDiagnosticVMOptions -XX:+AllowArchivingWithJavaAgent -XX:+AutoCreateSharedArchive -XX:SharedArchiveFile=c:\Users\GLOBAL STORE\AppData\Roaming\Code\User\globalStorage\redhat.java\1.48.2025111408\jdtls.jsa c:\Users\GLOBAL STORE\.vscode\extensions\redhat.java-1.48.2025111408-win32-x64\server\plugins\org.eclipse.equinox.launcher_1.7.100.v20251111-0406.jar -configuration c:\Users\GLOBAL STORE\AppData\Roaming\Code\User\globalStorage\redhat.java\1.48.2025111408\config_win -data c:\Users\GLOBAL STORE\AppData\Roaming\Code\User\workspaceStorage\87ef9fe996664560782c56eaaca1d688\redhat.java\jdt_ws --pipe=\\.\pipe\lsp-5734d5397960e3029a45e62270272d22-sock

Host: Intel(R) Core(TM) i7-7820HQ CPU @ 2.90GHz, 5 cores, 15G,  Windows 10 , 64 bit Build 19041 (10.0.19041.5915)
Time: Wed Nov 19 13:08:26 2025 Afr. centrale Ouest elapsed time: 14.342153 seconds (0d 0h 0m 14s)

---------------  T H R E A D  ---------------

Current thread (0x0000022bb4a93d90):  JavaThread "C2 CompilerThread0" daemon [_thread_in_native, id=16060, stack(0x000000c00f200000,0x000000c00f300000) (1024K)]


Current CompileTask:
C2:14342 6533   !   4       org.eclipse.osgi.internal.loader.classpath.ClasspathManager::findLocalClass (210 bytes)

Stack: [0x000000c00f200000,0x000000c00f300000]
Native frames: (J=compiled Java code, j=interpreted, Vv=VM code, C=native code)
V  [jvm.dll+0x6d6e29]
V  [jvm.dll+0x8b4b76]
V  [jvm.dll+0x8b712e]
V  [jvm.dll+0x8b7813]
V  [jvm.dll+0x283d86]
V  [jvm.dll+0xc66ed]
V  [jvm.dll+0xc6c31]
V  [jvm.dll+0x2facee]
V  [jvm.dll+0x5fde44]
V  [jvm.dll+0x255557]
V  [jvm.dll+0x24dc5f]
V  [jvm.dll+0x24b482]
V  [jvm.dll+0x1cb13e]
V  [jvm.dll+0x25b29d]
V  [jvm.dll+0x25982a]
V  [jvm.dll+0x3f7ea6]
V  [jvm.dll+0x85e9ad]
V  [jvm.dll+0x6d565d]
C  [ucrtbase.dll+0x21bb2]
C  [KERNEL32.DLL+0x17374]
C  [ntdll.dll+0x4cc91]


---------------  P R O C E S S  ---------------

Threads class SMR info:
_java_thread_list=0x0000022b80d14180, length=39, elements={
0x0000022b9c13c4b0, 0x0000022bb4a73d60, 0x0000022bb4a759d0, 0x0000022bb4a772b0,
0x0000022bb4a77fc0, 0x0000022bb4a7e640, 0x0000022bb4a86f40, 0x0000022bb4a93d90,
0x0000022bb4a964f0, 0x0000022bb4a868b0, 0x0000022bb4a87c60, 0x0000022bb4a896a0,
0x0000022bb4a875d0, 0x0000022bb4a88980, 0x0000022bb4a882f0, 0x0000022bb4a89010,
0x0000022bb4a89d30, 0x0000022b804f30e0, 0x0000022b804eef40, 0x0000022b804ee8b0,
0x0000022b804efc60, 0x0000022b804f02f0, 0x0000022b804ee220, 0x0000022b804f1010,
0x0000022b804f0980, 0x0000022b804f16a0, 0x0000022b804ec150, 0x0000022b804ef5d0,
0x0000022b804f1d30, 0x0000022b804f23c0, 0x0000022b804f2a50, 0x0000022b804edb90,
0x0000022b804f3770, 0x0000022b804ec7e0, 0x0000022b804ece70, 0x0000022b804ed500,
0x0000022b81dfadc0, 0x0000022b81dfc800, 0x0000022b81df7fd0
}

Java Threads: ( => current thread )
  0x0000022b9c13c4b0 JavaThread "main"                              [_thread_blocked, id=12460, stack(0x000000c00e800000,0x000000c00e900000) (1024K)]
  0x0000022bb4a73d60 JavaThread "Reference Handler"          daemon [_thread_blocked, id=20380, stack(0x000000c00ec00000,0x000000c00ed00000) (1024K)]
  0x0000022bb4a759d0 JavaThread "Finalizer"                  daemon [_thread_blocked, id=15472, stack(0x000000c00ed00000,0x000000c00ee00000) (1024K)]
  0x0000022bb4a772b0 JavaThread "Signal Dispatcher"          daemon [_thread_blocked, id=23952, stack(0x000000c00ee00000,0x000000c00ef00000) (1024K)]
  0x0000022bb4a77fc0 JavaThread "Attach Listener"            daemon [_thread_blocked, id=25288, stack(0x000000c00ef00000,0x000000c00f000000) (1024K)]
  0x0000022bb4a7e640 JavaThread "Service Thread"             daemon [_thread_blocked, id=24248, stack(0x000000c00f000000,0x000000c00f100000) (1024K)]
  0x0000022bb4a86f40 JavaThread "Monitor Deflation Thread"   daemon [_thread_blocked, id=17264, stack(0x000000c00f100000,0x000000c00f200000) (1024K)]
=>0x0000022bb4a93d90 JavaThread "C2 CompilerThread0"         daemon [_thread_in_native, id=16060, stack(0x000000c00f200000,0x000000c00f300000) (1024K)]
  0x0000022bb4a964f0 JavaThread "C1 CompilerThread0"         daemon [_thread_blocked, id=5772, stack(0x000000c00f300000,0x000000c00f400000) (1024K)]
  0x0000022bb4a868b0 JavaThread "Common-Cleaner"             daemon [_thread_blocked, id=4772, stack(0x000000c00f400000,0x000000c00f500000) (1024K)]
  0x0000022bb4a87c60 JavaThread "Notification Thread"        daemon [_thread_blocked, id=24616, stack(0x000000c00f500000,0x000000c00f600000) (1024K)]
  0x0000022bb4a896a0 JavaThread "Active Thread: Equinox Container: b0e67914-4400-4026-9542-ee69ab4dce42"        [_thread_blocked, id=22412, stack(0x000000c00fa00000,0x000000c00fb00000) (1024K)]
  0x0000022bb4a875d0 JavaThread "Refresh Thread: Equinox Container: b0e67914-4400-4026-9542-ee69ab4dce42" daemon [_thread_blocked, id=17296, stack(0x000000c00fb00000,0x000000c00fc00000) (1024K)]
  0x0000022bb4a88980 JavaThread "Framework Event Dispatcher: Equinox Container: b0e67914-4400-4026-9542-ee69ab4dce42" daemon [_thread_blocked, id=23292, stack(0x000000c00fc00000,0x000000c00fd00000) (1024K)]
  0x0000022bb4a882f0 JavaThread "Start Level: Equinox Container: b0e67914-4400-4026-9542-ee69ab4dce42" daemon [_thread_blocked, id=9276, stack(0x000000c00fd00000,0x000000c00fe00000) (1024K)]
  0x0000022bb4a89010 JavaThread "Bundle File Closer"         daemon [_thread_blocked, id=20456, stack(0x000000c00fe00000,0x000000c00ff00000) (1024K)]
  0x0000022bb4a89d30 JavaThread "SCR Component Actor"        daemon [_thread_blocked, id=23588, stack(0x000000c00ff00000,0x000000c010000000) (1024K)]
  0x0000022b804f30e0 JavaThread "Worker-JM"                         [_thread_blocked, id=18972, stack(0x000000c010000000,0x000000c010100000) (1024K)]
  0x0000022b804eef40 JavaThread "JNA Cleaner"                daemon [_thread_blocked, id=25688, stack(0x000000c010100000,0x000000c010200000) (1024K)]
  0x0000022b804ee8b0 JavaThread "Worker-0"                          [_thread_blocked, id=228, stack(0x000000c010200000,0x000000c010300000) (1024K)]
  0x0000022b804efc60 JavaThread "Worker-1: Initialize Workspace"        [_thread_blocked, id=22556, stack(0x000000c010300000,0x000000c010400000) (1024K)]
  0x0000022b804f02f0 JavaThread "Worker-2"                          [_thread_blocked, id=24964, stack(0x000000c010400000,0x000000c010500000) (1024K)]
  0x0000022b804ee220 JavaThread "Java indexing"              daemon [_thread_blocked, id=26476, stack(0x000000c010500000,0x000000c010600000) (1024K)]
  0x0000022b804f1010 JavaThread "Worker-3"                          [_thread_blocked, id=26192, stack(0x000000c010600000,0x000000c010700000) (1024K)]
  0x0000022b804f0980 JavaThread "Worker-4"                          [_thread_blocked, id=8312, stack(0x000000c010900000,0x000000c010a00000) (1024K)]
  0x0000022b804f16a0 JavaThread "Worker-5"                          [_thread_blocked, id=21748, stack(0x000000c010a00000,0x000000c010b00000) (1024K)]
  0x0000022b804ec150 JavaThread "Thread-1"                   daemon [_thread_in_native, id=14696, stack(0x000000c010b00000,0x000000c010c00000) (1024K)]
  0x0000022b804ef5d0 JavaThread "Thread-2"                   daemon [_thread_in_native, id=11540, stack(0x000000c010c00000,0x000000c010d00000) (1024K)]
  0x0000022b804f1d30 JavaThread "Thread-3"                   daemon [_thread_in_native, id=24728, stack(0x000000c010d00000,0x000000c010e00000) (1024K)]
  0x0000022b804f23c0 JavaThread "Thread-4"                   daemon [_thread_in_native, id=25080, stack(0x000000c010e00000,0x000000c010f00000) (1024K)]
  0x0000022b804f2a50 JavaThread "Thread-5"                   daemon [_thread_in_native, id=15272, stack(0x000000c010f00000,0x000000c011000000) (1024K)]
  0x0000022b804edb90 JavaThread "Thread-6"                   daemon [_thread_in_native, id=9528, stack(0x000000c011000000,0x000000c011100000) (1024K)]
  0x0000022b804f3770 JavaThread "pool-2-thread-1"                   [_thread_blocked, id=25776, stack(0x000000c011100000,0x000000c011200000) (1024K)]
  0x0000022b804ec7e0 JavaThread "WorkspaceEventsHandler"            [_thread_blocked, id=21312, stack(0x000000c011200000,0x000000c011300000) (1024K)]
  0x0000022b804ece70 JavaThread "pool-1-thread-1"                   [_thread_blocked, id=23912, stack(0x000000c011300000,0x000000c011400000) (1024K)]
  0x0000022b804ed500 JavaThread "ForkJoinPool.commonPool-worker-1" daemon [_thread_blocked, id=4244, stack(0x000000c011400000,0x000000c011500000) (1024K)]
  0x0000022b81dfadc0 JavaThread "ForkJoinPool.commonPool-worker-2" daemon [_thread_blocked, id=15004, stack(0x000000c011500000,0x000000c011600000) (1024K)]
  0x0000022b81dfc800 JavaThread "ForkJoinPool.commonPool-worker-3" daemon [_thread_blocked, id=3848, stack(0x000000c011600000,0x000000c011700000) (1024K)]
  0x0000022b81df7fd0 JavaThread "ForkJoinPool.commonPool-worker-4" daemon [_thread_blocked, id=18664, stack(0x000000c011700000,0x000000c011800000) (1024K)]
Total: 39

Other Threads:
  0x0000022bb4a5f3b0 VMThread "VM Thread"                           [id=15848, stack(0x000000c00eb00000,0x000000c00ec00000) (1024K)]
  0x0000022b9c1a9310 WatcherThread "VM Periodic Task Thread"        [id=15588, stack(0x000000c00ea00000,0x000000c00eb00000) (1024K)]
  0x0000022b9c15b460 WorkerThread "GC Thread#0"                     [id=25432, stack(0x000000c00e900000,0x000000c00ea00000) (1024K)]
  0x0000022bff084640 WorkerThread "GC Thread#1"                     [id=16760, stack(0x000000c00f600000,0x000000c00f700000) (1024K)]
  0x0000022bff085200 WorkerThread "GC Thread#2"                     [id=11136, stack(0x000000c00f700000,0x000000c00f800000) (1024K)]
  0x0000022bff0855a0 WorkerThread "GC Thread#3"                     [id=24932, stack(0x000000c00f800000,0x000000c00f900000) (1024K)]
  0x0000022bff170a60 WorkerThread "GC Thread#4"                     [id=23820, stack(0x000000c00f900000,0x000000c00fa00000) (1024K)]
Total: 7

Threads with active compile tasks:
C2 CompilerThread0  14426 6533   !   4       org.eclipse.osgi.internal.loader.classpath.ClasspathManager::findLocalClass (210 bytes)
Total: 1

VM state: not at safepoint (normal execution)

VM Mutex/Monitor currently owned by a thread: None

Heap address: 0x0000000080000000, size: 2048 MB, Compressed Oops mode: 32-bit

CDS archive(s) mapped at: [0x0000022bb5000000-0x0000022bb5ba0000-0x0000022bb9c70000), size 80150528, SharedBaseAddress: 0x0000022bb5000000, ArchiveRelocationMode: 1.
Compressed class space mapped at: 0x0000022bba000000-0x0000022bfa000000, reserved size: 1073741824
Narrow klass base: 0x0000022bb5000000, Narrow klass shift: 0, Narrow klass range: 0x100000000

GC Precious Log:
 CardTable entry size: 512
 CPUs: 5 total, 5 available
 Memory: 16244M
 Large Page Support: Disabled
 NUMA Support: Disabled
 Compressed Oops: Enabled (32-bit)
 Alignments: Space 512K, Generation 512K, Heap 2M
 Heap Min Capacity: 100M
 Heap Initial Capacity: 100M
 Heap Max Capacity: 2G
 Pre-touch: Disabled
 Parallel Workers: 5

Heap:
 PSYoungGen      total 24576K, used 12722K [0x00000000d5580000, 0x00000000d9580000, 0x0000000100000000)
  eden space 20480K, 42% used [0x00000000d5580000,0x00000000d5defb70,0x00000000d6980000)
  from space 4096K, 99% used [0x00000000d6980000,0x00000000d6d7cfa0,0x00000000d6d80000)
  to   space 22528K, 0% used [0x00000000d7f80000,0x00000000d7f80000,0x00000000d9580000)
 ParOldGen       total 68608K, used 42954K [0x0000000080000000, 0x0000000084300000, 0x00000000d5580000)
  object space 68608K, 62% used [0x0000000080000000,0x00000000829f2a40,0x0000000084300000)
 Metaspace       used 15291K, committed 16064K, reserved 1114112K
  class space    used 1355K, committed 1664K, reserved 1048576K

Card table byte_map: [0x0000022bafe30000,0x0000022bb0240000] _byte_map_base: 0x0000022bafa30000

Marking Bits: (ParMarkBitMap*) 0x00007ff805432460
 Begin Bits: [0x0000022bb04f0000, 0x0000022bb24f0000)
 End Bits:   [0x0000022bb24f0000, 0x0000022bb44f0000)

Polling page: 0x0000022ba0c20000

Metaspace:

Usage:
  Non-class:     13.61 MB used.
      Class:      1.32 MB used.
       Both:     14.93 MB used.

Virtual space:
  Non-class space:       64.00 MB reserved,      14.06 MB ( 22%) committed,  1 nodes.
      Class space:        1.00 GB reserved,       1.62 MB ( <1%) committed,  1 nodes.
             Both:        1.06 GB reserved,      15.69 MB (  1%) committed. 

Chunk freelists:
   Non-Class:  1.36 MB
       Class:  14.27 MB
        Both:  15.63 MB

MaxMetaspaceSize: unlimited
CompressedClassSpaceSize: 1.00 GB
Initial GC threshold: 21.00 MB
Current GC threshold: 21.00 MB
CDS: on
 - commit_granule_bytes: 65536.
 - commit_granule_words: 8192.
 - virtual_space_node_default_size: 8388608.
 - enlarge_chunks_in_place: 1.
 - use_allocation_guard: 0.


Internal statistics:

num_allocs_failed_limit: 0.
num_arena_births: 548.
num_arena_deaths: 0.
num_vsnodes_births: 2.
num_vsnodes_deaths: 0.
num_space_committed: 251.
num_space_uncommitted: 0.
num_chunks_returned_to_freelist: 0.
num_chunks_taken_from_freelist: 1263.
num_chunk_merges: 0.
num_chunk_splits: 798.
num_chunks_enlarged: 458.
num_inconsistent_stats: 0.

CodeHeap 'non-profiled nmethods': size=120000Kb used=2548Kb max_used=2548Kb free=117451Kb
 bounds [0x0000022ba8710000, 0x0000022ba8990000, 0x0000022bafc40000]
CodeHeap 'profiled nmethods': size=120000Kb used=12907Kb max_used=12907Kb free=107093Kb
 bounds [0x0000022ba0c40000, 0x0000022ba18e0000, 0x0000022ba8170000]
CodeHeap 'non-nmethods': size=5760Kb used=1371Kb max_used=1451Kb free=4388Kb
 bounds [0x0000022ba8170000, 0x0000022ba83e0000, 0x0000022ba8710000]
CodeCache: size=245760Kb, used=16826Kb, max_used=16906Kb, free=228932Kb
 total_blobs=7221, nmethods=6546, adapters=579, full_count=0
Compilation: enabled, stopped_count=0, restarted_count=0

Compilation events (20 events):
Event: 14.246 Thread 0x0000022bb4a964f0 6552       3       com.google.gson.internal.ReflectionAccessFilterHelper::getFilterResult (53 bytes)
Event: 14.246 Thread 0x0000022bb4a964f0 nmethod 6552 0x0000022ba18d6690 code [0x0000022ba18d68a0, 0x0000022ba18d6e50]
Event: 14.246 Thread 0x0000022bb4a964f0 6553       3       com.google.gson.internal.bind.TypeAdapters$32::create (28 bytes)
Event: 14.246 Thread 0x0000022bb4a964f0 nmethod 6553 0x0000022ba18d7010 code [0x0000022ba18d71e0, 0x0000022ba18d7568]
Event: 14.249 Thread 0x0000022bb4a964f0 6555       3       com.google.gson.internal.bind.TypeAdapters$29::create (20 bytes)
Event: 14.249 Thread 0x0000022bb4a964f0 nmethod 6555 0x0000022ba18d7710 code [0x0000022ba18d78c0, 0x0000022ba18d7a68]
Event: 14.286 Thread 0x0000022bb4a964f0 6557       3       java.lang.reflect.Constructor::setAccessible (21 bytes)
Event: 14.287 Thread 0x0000022bb4a964f0 nmethod 6557 0x0000022ba18d7b10 code [0x0000022ba18d7d20, 0x0000022ba18d8300]
Event: 14.287 Thread 0x0000022bb4a964f0 6558       3       java.lang.reflect.Constructor::checkCanSetAccessible (29 bytes)
Event: 14.288 Thread 0x0000022bb4a964f0 nmethod 6558 0x0000022ba18d8510 code [0x0000022ba18d86e0, 0x0000022ba18d89b8]
Event: 14.288 Thread 0x0000022bb4a964f0 6559       3       java.lang.Class::getDeclaringClass (31 bytes)
Event: 14.288 Thread 0x0000022bb4a964f0 nmethod 6559 0x0000022ba18d8b10 code [0x0000022ba18d8ce0, 0x0000022ba18d8f28]
Event: 14.296 Thread 0x0000022bb4a964f0 6560       3       java.util.Locale::getDefault (63 bytes)
Event: 14.297 Thread 0x0000022bb4a964f0 nmethod 6560 0x0000022ba18d9010 code [0x0000022ba18d9240, 0x0000022ba18d9970]
Event: 14.300 Thread 0x0000022bb4a964f0 6561       3       org.eclipse.lsp4j.jsonrpc.json.adapters.TypeUtils::isEither (39 bytes)
Event: 14.301 Thread 0x0000022bb4a964f0 nmethod 6561 0x0000022ba18d9b90 code [0x0000022ba18d9da0, 0x0000022ba18da488]
Event: 14.325 Thread 0x0000022bb4a964f0 6562       3       com.google.gson.reflect.TypeToken::equals (30 bytes)
Event: 14.325 Thread 0x0000022bb4a964f0 nmethod 6562 0x0000022ba18da590 code [0x0000022ba18da760, 0x0000022ba18dab10]
Event: 14.332 Thread 0x0000022bb4a964f0 6563       1       com.google.gson.internal.GsonTypes$ParameterizedTypeImpl::getOwnerType (5 bytes)
Event: 14.332 Thread 0x0000022bb4a964f0 nmethod 6563 0x0000022ba898d090 code [0x0000022ba898d220, 0x0000022ba898d2e8]

GC Heap History (20 events):
Event: 8.439 GC heap before
{Heap before GC invocations=10 (full 0):
 PSYoungGen      total 27136K, used 27129K [0x00000000d5580000, 0x00000000d7500000, 0x0000000100000000)
  eden space 23040K, 100% used [0x00000000d5580000,0x00000000d6c00000,0x00000000d6c00000)
  from space 4096K, 99% used [0x00000000d6d00000,0x00000000d70fe558,0x00000000d7100000)
  to   space 4096K, 0% used [0x00000000d7100000,0x00000000d7100000,0x00000000d7500000)
 ParOldGen       total 68608K, used 12266K [0x0000000080000000, 0x0000000084300000, 0x00000000d5580000)
  object space 68608K, 17% used [0x0000000080000000,0x0000000080bfa888,0x0000000084300000)
 Metaspace       used 11682K, committed 12416K, reserved 1114112K
  class space    used 1036K, committed 1344K, reserved 1048576K
}
Event: 8.445 GC heap after
{Heap after GC invocations=10 (full 0):
 PSYoungGen      total 26112K, used 3208K [0x00000000d5580000, 0x00000000d7480000, 0x0000000100000000)
  eden space 22528K, 0% used [0x00000000d5580000,0x00000000d5580000,0x00000000d6b80000)
  from space 3584K, 89% used [0x00000000d7100000,0x00000000d74222b0,0x00000000d7480000)
  to   space 4096K, 0% used [0x00000000d6c80000,0x00000000d6c80000,0x00000000d7080000)
 ParOldGen       total 68608K, used 14406K [0x0000000080000000, 0x0000000084300000, 0x00000000d5580000)
  object space 68608K, 20% used [0x0000000080000000,0x0000000080e11a08,0x0000000084300000)
 Metaspace       used 11682K, committed 12416K, reserved 1114112K
  class space    used 1036K, committed 1344K, reserved 1048576K
}
Event: 8.699 GC heap before
{Heap before GC invocations=11 (full 0):
 PSYoungGen      total 26112K, used 25736K [0x00000000d5580000, 0x00000000d7480000, 0x0000000100000000)
  eden space 22528K, 100% used [0x00000000d5580000,0x00000000d6b80000,0x00000000d6b80000)
  from space 3584K, 89% used [0x00000000d7100000,0x00000000d74222b0,0x00000000d7480000)
  to   space 4096K, 0% used [0x00000000d6c80000,0x00000000d6c80000,0x00000000d7080000)
 ParOldGen       total 68608K, used 14406K [0x0000000080000000, 0x0000000084300000, 0x00000000d5580000)
  object space 68608K, 20% used [0x0000000080000000,0x0000000080e11a08,0x0000000084300000)
 Metaspace       used 11952K, committed 12608K, reserved 1114112K
  class space    used 1075K, committed 1344K, reserved 1048576K
}
Event: 8.705 GC heap after
{Heap after GC invocations=11 (full 0):
 PSYoungGen      total 23552K, used 1400K [0x00000000d5580000, 0x00000000d7180000, 0x0000000100000000)
  eden space 22016K, 0% used [0x00000000d5580000,0x00000000d5580000,0x00000000d6b00000)
  from space 1536K, 91% used [0x00000000d6c80000,0x00000000d6dde1e8,0x00000000d6e00000)
  to   space 2560K, 0% used [0x00000000d6f00000,0x00000000d6f00000,0x00000000d7180000)
 ParOldGen       total 68608K, used 17505K [0x0000000080000000, 0x0000000084300000, 0x00000000d5580000)
  object space 68608K, 25% used [0x0000000080000000,0x00000000811184e0,0x0000000084300000)
 Metaspace       used 11952K, committed 12608K, reserved 1114112K
  class space    used 1075K, committed 1344K, reserved 1048576K
}
Event: 8.903 GC heap before
{Heap before GC invocations=12 (full 0):
 PSYoungGen      total 23552K, used 23387K [0x00000000d5580000, 0x00000000d7180000, 0x0000000100000000)
  eden space 22016K, 99% used [0x00000000d5580000,0x00000000d6af8dc8,0x00000000d6b00000)
  from space 1536K, 91% used [0x00000000d6c80000,0x00000000d6dde1e8,0x00000000d6e00000)
  to   space 2560K, 0% used [0x00000000d6f00000,0x00000000d6f00000,0x00000000d7180000)
 ParOldGen       total 68608K, used 17505K [0x0000000080000000, 0x0000000084300000, 0x00000000d5580000)
  object space 68608K, 25% used [0x0000000080000000,0x00000000811184e0,0x0000000084300000)
 Metaspace       used 12258K, committed 12992K, reserved 1114112K
  class space    used 1096K, committed 1408K, reserved 1048576K
}
Event: 8.908 GC heap after
{Heap after GC invocations=12 (full 0):
 PSYoungGen      total 23552K, used 1512K [0x00000000d5580000, 0x00000000d7080000, 0x0000000100000000)
  eden space 22016K, 0% used [0x00000000d5580000,0x00000000d5580000,0x00000000d6b00000)
  from space 1536K, 98% used [0x00000000d6f00000,0x00000000d707a1a0,0x00000000d7080000)
  to   space 2048K, 0% used [0x00000000d6c80000,0x00000000d6c80000,0x00000000d6e80000)
 ParOldGen       total 68608K, used 18605K [0x0000000080000000, 0x0000000084300000, 0x00000000d5580000)
  object space 68608K, 27% used [0x0000000080000000,0x000000008122b468,0x0000000084300000)
 Metaspace       used 12258K, committed 12992K, reserved 1114112K
  class space    used 1096K, committed 1408K, reserved 1048576K
}
Event: 9.057 GC heap before
{Heap before GC invocations=13 (full 0):
 PSYoungGen      total 23552K, used 23526K [0x00000000d5580000, 0x00000000d7080000, 0x0000000100000000)
  eden space 22016K, 99% used [0x00000000d5580000,0x00000000d6aff8a8,0x00000000d6b00000)
  from space 1536K, 98% used [0x00000000d6f00000,0x00000000d707a1a0,0x00000000d7080000)
  to   space 2048K, 0% used [0x00000000d6c80000,0x00000000d6c80000,0x00000000d6e80000)
 ParOldGen       total 68608K, used 18605K [0x0000000080000000, 0x0000000084300000, 0x00000000d5580000)
  object space 68608K, 27% used [0x0000000080000000,0x000000008122b468,0x0000000084300000)
 Metaspace       used 12571K, committed 13312K, reserved 1114112K
  class space    used 1110K, committed 1408K, reserved 1048576K
}
Event: 9.060 GC heap after
{Heap after GC invocations=13 (full 0):
 PSYoungGen      total 23552K, used 1025K [0x00000000d5580000, 0x00000000d6f80000, 0x0000000100000000)
  eden space 22016K, 0% used [0x00000000d5580000,0x00000000d5580000,0x00000000d6b00000)
  from space 1536K, 66% used [0x00000000d6c80000,0x00000000d6d80448,0x00000000d6e00000)
  to   space 1536K, 0% used [0x00000000d6e00000,0x00000000d6e00000,0x00000000d6f80000)
 ParOldGen       total 68608K, used 19899K [0x0000000080000000, 0x0000000084300000, 0x00000000d5580000)
  object space 68608K, 29% used [0x0000000080000000,0x000000008136ef00,0x0000000084300000)
 Metaspace       used 12571K, committed 13312K, reserved 1114112K
  class space    used 1110K, committed 1408K, reserved 1048576K
}
Event: 9.260 GC heap before
{Heap before GC invocations=14 (full 0):
 PSYoungGen      total 23552K, used 23041K [0x00000000d5580000, 0x00000000d6f80000, 0x0000000100000000)
  eden space 22016K, 100% used [0x00000000d5580000,0x00000000d6b00000,0x00000000d6b00000)
  from space 1536K, 66% used [0x00000000d6c80000,0x00000000d6d80448,0x00000000d6e00000)
  to   space 1536K, 0% used [0x00000000d6e00000,0x00000000d6e00000,0x00000000d6f80000)
 ParOldGen       total 68608K, used 19899K [0x0000000080000000, 0x0000000084300000, 0x00000000d5580000)
  object space 68608K, 29% used [0x0000000080000000,0x000000008136ef00,0x0000000084300000)
 Metaspace       used 12940K, committed 13696K, reserved 1114112K
  class space    used 1132K, committed 1408K, reserved 1048576K
}
Event: 9.266 GC heap after
{Heap after GC invocations=14 (full 0):
 PSYoungGen      total 23552K, used 1524K [0x00000000d5580000, 0x00000000d6f80000, 0x0000000100000000)
  eden space 22016K, 0% used [0x00000000d5580000,0x00000000d5580000,0x00000000d6b00000)
  from space 1536K, 99% used [0x00000000d6e00000,0x00000000d6f7d070,0x00000000d6f80000)
  to   space 2048K, 0% used [0x00000000d6b80000,0x00000000d6b80000,0x00000000d6d80000)
 ParOldGen       total 68608K, used 20755K [0x0000000080000000, 0x0000000084300000, 0x00000000d5580000)
  object space 68608K, 30% used [0x0000000080000000,0x0000000081444fd8,0x0000000084300000)
 Metaspace       used 12940K, committed 13696K, reserved 1114112K
  class space    used 1132K, committed 1408K, reserved 1048576K
}
Event: 9.459 GC heap before
{Heap before GC invocations=15 (full 0):
 PSYoungGen      total 23552K, used 23540K [0x00000000d5580000, 0x00000000d6f80000, 0x0000000100000000)
  eden space 22016K, 100% used [0x00000000d5580000,0x00000000d6b00000,0x00000000d6b00000)
  from space 1536K, 99% used [0x00000000d6e00000,0x00000000d6f7d070,0x00000000d6f80000)
  to   space 2048K, 0% used [0x00000000d6b80000,0x00000000d6b80000,0x00000000d6d80000)
 ParOldGen       total 68608K, used 20755K [0x0000000080000000, 0x0000000084300000, 0x00000000d5580000)
  object space 68608K, 30% used [0x0000000080000000,0x0000000081444fd8,0x0000000084300000)
 Metaspace       used 13155K, committed 13888K, reserved 1114112K
  class space    used 1139K, committed 1408K, reserved 1048576K
}
Event: 9.464 GC heap after
{Heap after GC invocations=15 (full 0):
 PSYoungGen      total 24064K, used 1888K [0x00000000d5580000, 0x00000000d6f00000, 0x0000000100000000)
  eden space 22016K, 0% used [0x00000000d5580000,0x00000000d5580000,0x00000000d6b00000)
  from space 2048K, 92% used [0x00000000d6b80000,0x00000000d6d58000,0x00000000d6d80000)
  to   space 1536K, 0% used [0x00000000d6d80000,0x00000000d6d80000,0x00000000d6f00000)
 ParOldGen       total 68608K, used 22136K [0x0000000080000000, 0x0000000084300000, 0x00000000d5580000)
  object space 68608K, 32% used [0x0000000080000000,0x000000008159e068,0x0000000084300000)
 Metaspace       used 13155K, committed 13888K, reserved 1114112K
  class space    used 1139K, committed 1408K, reserved 1048576K
}
Event: 9.693 GC heap before
{Heap before GC invocations=16 (full 0):
 PSYoungGen      total 24064K, used 23904K [0x00000000d5580000, 0x00000000d6f00000, 0x0000000100000000)
  eden space 22016K, 100% used [0x00000000d5580000,0x00000000d6b00000,0x00000000d6b00000)
  from space 2048K, 92% used [0x00000000d6b80000,0x00000000d6d58000,0x00000000d6d80000)
  to   space 1536K, 0% used [0x00000000d6d80000,0x00000000d6d80000,0x00000000d6f00000)
 ParOldGen       total 68608K, used 22136K [0x0000000080000000, 0x0000000084300000, 0x00000000d5580000)
  object space 68608K, 32% used [0x0000000080000000,0x000000008159e068,0x0000000084300000)
 Metaspace       used 13530K, committed 14336K, reserved 1114112K
  class space    used 1185K, committed 1472K, reserved 1048576K
}
Event: 9.698 GC heap after
{Heap after GC invocations=16 (full 0):
 PSYoungGen      total 23552K, used 1152K [0x00000000d5580000, 0x00000000d6f00000, 0x0000000100000000)
  eden space 22016K, 0% used [0x00000000d5580000,0x00000000d5580000,0x00000000d6b00000)
  from space 1536K, 75% used [0x00000000d6d80000,0x00000000d6ea0000,0x00000000d6f00000)
  to   space 1536K, 0% used [0x00000000d6c00000,0x00000000d6c00000,0x00000000d6d80000)
 ParOldGen       total 68608K, used 23867K [0x0000000080000000, 0x0000000084300000, 0x00000000d5580000)
  object space 68608K, 34% used [0x0000000080000000,0x000000008174ed78,0x0000000084300000)
 Metaspace       used 13530K, committed 14336K, reserved 1114112K
  class space    used 1185K, committed 1472K, reserved 1048576K
}
Event: 10.458 GC heap before
{Heap before GC invocations=17 (full 0):
 PSYoungGen      total 23552K, used 23168K [0x00000000d5580000, 0x00000000d6f00000, 0x0000000100000000)
  eden space 22016K, 100% used [0x00000000d5580000,0x00000000d6b00000,0x00000000d6b00000)
  from space 1536K, 75% used [0x00000000d6d80000,0x00000000d6ea0000,0x00000000d6f00000)
  to   space 1536K, 0% used [0x00000000d6c00000,0x00000000d6c00000,0x00000000d6d80000)
 ParOldGen       total 68608K, used 23867K [0x0000000080000000, 0x0000000084300000, 0x00000000d5580000)
  object space 68608K, 34% used [0x0000000080000000,0x000000008174ed78,0x0000000084300000)
 Metaspace       used 14500K, committed 15296K, reserved 1114112K
  class space    used 1290K, committed 1600K, reserved 1048576K
}
Event: 10.464 GC heap after
{Heap after GC invocations=17 (full 0):
 PSYoungGen      total 23552K, used 1152K [0x00000000d5580000, 0x00000000d6e00000, 0x0000000100000000)
  eden space 22016K, 0% used [0x00000000d5580000,0x00000000d5580000,0x00000000d6b00000)
  from space 1536K, 75% used [0x00000000d6c00000,0x00000000d6d20000,0x00000000d6d80000)
  to   space 512K, 0% used [0x00000000d6d80000,0x00000000d6d80000,0x00000000d6e00000)
 ParOldGen       total 68608K, used 24911K [0x0000000080000000, 0x0000000084300000, 0x00000000d5580000)
  object space 68608K, 36% used [0x0000000080000000,0x0000000081853d88,0x0000000084300000)
 Metaspace       used 14500K, committed 15296K, reserved 1114112K
  class space    used 1290K, committed 1600K, reserved 1048576K
}
Event: 12.708 GC heap before
{Heap before GC invocations=18 (full 0):
 PSYoungGen      total 23552K, used 23168K [0x00000000d5580000, 0x00000000d6e00000, 0x0000000100000000)
  eden space 22016K, 100% used [0x00000000d5580000,0x00000000d6b00000,0x00000000d6b00000)
  from space 1536K, 75% used [0x00000000d6c00000,0x00000000d6d20000,0x00000000d6d80000)
  to   space 512K, 0% used [0x00000000d6d80000,0x00000000d6d80000,0x00000000d6e00000)
 ParOldGen       total 68608K, used 24911K [0x0000000080000000, 0x0000000084300000, 0x00000000d5580000)
  object space 68608K, 36% used [0x0000000080000000,0x0000000081853d88,0x0000000084300000)
 Metaspace       used 15091K, committed 15872K, reserved 1114112K
  class space    used 1340K, committed 1664K, reserved 1048576K
}
Event: 12.717 GC heap after
{Heap after GC invocations=18 (full 0):
 PSYoungGen      total 20992K, used 512K [0x00000000d5580000, 0x00000000d7300000, 0x0000000100000000)
  eden space 20480K, 0% used [0x00000000d5580000,0x00000000d5580000,0x00000000d6980000)
  from space 512K, 100% used [0x00000000d6d80000,0x00000000d6e00000,0x00000000d6e00000)
  to   space 4096K, 0% used [0x00000000d6980000,0x00000000d6980000,0x00000000d6d80000)
 ParOldGen       total 68608K, used 27676K [0x0000000080000000, 0x0000000084300000, 0x00000000d5580000)
  object space 68608K, 40% used [0x0000000080000000,0x0000000081b073a0,0x0000000084300000)
 Metaspace       used 15091K, committed 15872K, reserved 1114112K
  class space    used 1340K, committed 1664K, reserved 1048576K
}
Event: 13.749 GC heap before
{Heap before GC invocations=19 (full 0):
 PSYoungGen      total 20992K, used 20992K [0x00000000d5580000, 0x00000000d7300000, 0x0000000100000000)
  eden space 20480K, 100% used [0x00000000d5580000,0x00000000d6980000,0x00000000d6980000)
  from space 512K, 100% used [0x00000000d6d80000,0x00000000d6e00000,0x00000000d6e00000)
  to   space 4096K, 0% used [0x00000000d6980000,0x00000000d6980000,0x00000000d6d80000)
 ParOldGen       total 68608K, used 27676K [0x0000000080000000, 0x0000000084300000, 0x00000000d5580000)
  object space 68608K, 40% used [0x0000000080000000,0x0000000081b073a0,0x0000000084300000)
 Metaspace       used 15153K, committed 16000K, reserved 1114112K
  class space    used 1342K, committed 1664K, reserved 1048576K
}
Event: 13.764 GC heap after
{Heap after GC invocations=19 (full 0):
 PSYoungGen      total 24576K, used 4083K [0x00000000d5580000, 0x00000000d9580000, 0x0000000100000000)
  eden space 20480K, 0% used [0x00000000d5580000,0x00000000d5580000,0x00000000d6980000)
  from space 4096K, 99% used [0x00000000d6980000,0x00000000d6d7cfa0,0x00000000d6d80000)
  to   space 22528K, 0% used [0x00000000d7f80000,0x00000000d7f80000,0x00000000d9580000)
 ParOldGen       total 68608K, used 42954K [0x0000000080000000, 0x0000000084300000, 0x00000000d5580000)
  object space 68608K, 62% used [0x0000000080000000,0x00000000829f2a40,0x0000000084300000)
 Metaspace       used 15153K, committed 16000K, reserved 1114112K
  class space    used 1342K, committed 1664K, reserved 1048576K
}

Dll operation events (10 events):
Event: 0.017 Loaded shared library c:\Users\GLOBAL STORE\.vscode\extensions\redhat.java-1.48.2025111408-win32-x64\jre\21.0.9-win32-x86_64\bin\java.dll
Event: 1.137 Loaded shared library c:\Users\GLOBAL STORE\.vscode\extensions\redhat.java-1.48.2025111408-win32-x64\jre\21.0.9-win32-x86_64\bin\zip.dll
Event: 1.143 Loaded shared library C:\Users\GLOBAL STORE\.vscode\extensions\redhat.java-1.48.2025111408-win32-x64\jre\21.0.9-win32-x86_64\bin\instrument.dll
Event: 1.151 Loaded shared library C:\Users\GLOBAL STORE\.vscode\extensions\redhat.java-1.48.2025111408-win32-x64\jre\21.0.9-win32-x86_64\bin\net.dll
Event: 1.156 Loaded shared library C:\Users\GLOBAL STORE\.vscode\extensions\redhat.java-1.48.2025111408-win32-x64\jre\21.0.9-win32-x86_64\bin\nio.dll
Event: 1.161 Loaded shared library C:\Users\GLOBAL STORE\.vscode\extensions\redhat.java-1.48.2025111408-win32-x64\jre\21.0.9-win32-x86_64\bin\zip.dll
Event: 1.184 Loaded shared library C:\Users\GLOBAL STORE\.vscode\extensions\redhat.java-1.48.2025111408-win32-x64\jre\21.0.9-win32-x86_64\bin\jimage.dll
Event: 1.296 Loaded shared library c:\Users\GLOBAL STORE\.vscode\extensions\redhat.java-1.48.2025111408-win32-x64\jre\21.0.9-win32-x86_64\bin\verify.dll
Event: 3.335 Loaded shared library C:\Users\GLOBAL STORE\AppData\Roaming\Code\User\globalStorage\redhat.java\1.48.2025111408\config_win\org.eclipse.equinox.launcher\org.eclipse.equinox.launcher.win32.win32.x86_64_1.2.1400.v20250801-0854\eclipse_11916.dll
Event: 6.476 Loaded shared library C:\Users\GLOBAL STORE\AppData\Local\Temp\jna--1378626267\jna9899971510422395593.dll

Deoptimization events (20 events):
Event: 11.173 Thread 0x0000022b804f1010 DEOPT PACKING pc=0x0000022ba18206b0 sp=0x000000c0106fec80
Event: 11.173 Thread 0x0000022b804f1010 DEOPT UNPACKING pc=0x0000022ba81c4242 sp=0x000000c0106fe1d8 mode 0
Event: 11.916 Thread 0x0000022b804f1010 DEOPT PACKING pc=0x0000022ba1652e3c sp=0x000000c0106f89d0
Event: 11.916 Thread 0x0000022b804f1010 DEOPT UNPACKING pc=0x0000022ba81c4242 sp=0x000000c0106f7ef0 mode 0
Event: 11.980 Thread 0x0000022b804f1010 Uncommon trap: trap_request=0xffffff45 fr.pc=0x0000022ba894e3b8 relative=0x0000000000001238
Event: 11.980 Thread 0x0000022b804f1010 Uncommon trap: reason=unstable_if action=reinterpret pc=0x0000022ba894e3b8 method=org.eclipse.core.runtime.Path.toOSString()Ljava/lang/String; @ 28 c2
Event: 11.980 Thread 0x0000022b804f1010 DEOPT PACKING pc=0x0000022ba894e3b8 sp=0x000000c0106fe890
Event: 11.980 Thread 0x0000022b804f1010 DEOPT UNPACKING pc=0x0000022ba81c3aa2 sp=0x000000c0106fe850 mode 2
Event: 12.087 Thread 0x0000022b804f1010 Uncommon trap: trap_request=0xffffff45 fr.pc=0x0000022ba894b544 relative=0x0000000000000204
Event: 12.087 Thread 0x0000022b804f1010 Uncommon trap: reason=unstable_if action=reinterpret pc=0x0000022ba894b544 method=org.eclipse.core.runtime.Path.equals(Ljava/lang/Object;)Z @ 78 c2
Event: 12.087 Thread 0x0000022b804f1010 DEOPT PACKING pc=0x0000022ba894b544 sp=0x000000c0106fe850
Event: 12.087 Thread 0x0000022b804f1010 DEOPT UNPACKING pc=0x0000022ba81c3aa2 sp=0x000000c0106fe7e0 mode 2
Event: 13.679 Thread 0x0000022b81dfc800 DEOPT PACKING pc=0x0000022ba189696e sp=0x000000c0116febf0
Event: 13.679 Thread 0x0000022b81dfc800 DEOPT UNPACKING pc=0x0000022ba81c4242 sp=0x000000c0116fe170 mode 0
Event: 13.922 Thread 0x0000022b804ece70 DEOPT PACKING pc=0x0000022ba0f40b46 sp=0x000000c0113fe000
Event: 13.922 Thread 0x0000022b804ece70 DEOPT UNPACKING pc=0x0000022ba81c4242 sp=0x000000c0113fd580 mode 0
Event: 14.000 Thread 0x0000022b804ece70 Uncommon trap: trap_request=0xffffff76 fr.pc=0x0000022ba892f670 relative=0x0000000000000b10
Event: 14.000 Thread 0x0000022b804ece70 Uncommon trap: reason=predicate action=maybe_recompile pc=0x0000022ba892f670 method=java.util.TreeMap.put(Ljava/lang/Object;Ljava/lang/Object;Z)Ljava/lang/Object; @ 123 c2
Event: 14.000 Thread 0x0000022b804ece70 DEOPT PACKING pc=0x0000022ba892f670 sp=0x000000c0113fe060
Event: 14.000 Thread 0x0000022b804ece70 DEOPT UNPACKING pc=0x0000022ba81c3aa2 sp=0x000000c0113fdfe8 mode 2

Classes loaded (20 events):
Event: 8.382 Loading class com/sun/org/apache/xerces/internal/impl/msg/XMLMessages_fr_CM
Event: 8.383 Loading class com/sun/org/apache/xerces/internal/impl/msg/XMLMessages_fr_CM done
Event: 8.384 Loading class com/sun/org/apache/xerces/internal/impl/msg/XMLMessages_fr_CM
Event: 8.384 Loading class com/sun/org/apache/xerces/internal/impl/msg/XMLMessages_fr_CM done
Event: 8.594 Loading class com/sun/org/apache/xml/internal/serializer/XMLEntities
Event: 8.594 Loading class com/sun/org/apache/xml/internal/serializer/XMLEntities done
Event: 8.594 Loading class com/sun/org/apache/xml/internal/serializer/XMLEntities
Event: 8.594 Loading class com/sun/org/apache/xml/internal/serializer/XMLEntities done
Event: 8.596 Loading class com/sun/org/apache/xml/internal/serializer/XMLEntities_fr
Event: 8.596 Loading class com/sun/org/apache/xml/internal/serializer/XMLEntities_fr done
Event: 8.596 Loading class com/sun/org/apache/xml/internal/serializer/XMLEntities_fr
Event: 8.596 Loading class com/sun/org/apache/xml/internal/serializer/XMLEntities_fr done
Event: 8.597 Loading class com/sun/org/apache/xml/internal/serializer/XMLEntities_fr_CM
Event: 8.597 Loading class com/sun/org/apache/xml/internal/serializer/XMLEntities_fr_CM done
Event: 8.597 Loading class com/sun/org/apache/xml/internal/serializer/XMLEntities_fr_CM
Event: 8.597 Loading class com/sun/org/apache/xml/internal/serializer/XMLEntities_fr_CM done
Event: 8.837 Loading class sun/util/resources/cldr/TimeZoneNames_en_US
Event: 8.837 Loading class sun/util/resources/cldr/TimeZoneNames_en_US done
Event: 9.665 Loading class jdk/internal/event/ThreadSleepEvent
Event: 9.665 Loading class jdk/internal/event/ThreadSleepEvent done

Classes unloaded (0 events):
No events

Classes redefined (0 events):
No events

Internal exceptions (20 events):
Event: 10.705 Thread 0x0000022b804f1010 Exception <a 'sun/nio/fs/WindowsException'{0x00000000d5bc8908}> (0x00000000d5bc8908) 
thrown [s\src\hotspot\share\prims\jni.cpp, line 520]
Event: 10.706 Thread 0x0000022b804f1010 Exception <a 'sun/nio/fs/WindowsException'{0x00000000d5bc91f8}> (0x00000000d5bc91f8) 
thrown [s\src\hotspot\share\prims\jni.cpp, line 520]
Event: 10.800 Thread 0x0000022b804f1010 Exception <a 'sun/nio/fs/WindowsException'{0x00000000d5dad330}> (0x00000000d5dad330) 
thrown [s\src\hotspot\share\prims\jni.cpp, line 520]
Event: 10.801 Thread 0x0000022b804f1010 Exception <a 'sun/nio/fs/WindowsException'{0x00000000d5dad9b8}> (0x00000000d5dad9b8) 
thrown [s\src\hotspot\share\prims\jni.cpp, line 520]
Event: 10.802 Thread 0x0000022b804f1010 Exception <a 'sun/nio/fs/WindowsException'{0x00000000d5db72e0}> (0x00000000d5db72e0) 
thrown [s\src\hotspot\share\prims\jni.cpp, line 520]
Event: 10.802 Thread 0x0000022b804f1010 Exception <a 'sun/nio/fs/WindowsException'{0x00000000d5db7930}> (0x00000000d5db7930) 
thrown [s\src\hotspot\share\prims\jni.cpp, line 520]
Event: 10.804 Thread 0x0000022b804f1010 Exception <a 'sun/nio/fs/WindowsException'{0x00000000d5db9290}> (0x00000000d5db9290) 
thrown [s\src\hotspot\share\prims\jni.cpp, line 520]
Event: 10.805 Thread 0x0000022b804f1010 Exception <a 'sun/nio/fs/WindowsException'{0x00000000d5db98c0}> (0x00000000d5db98c0) 
thrown [s\src\hotspot\share\prims\jni.cpp, line 520]
Event: 10.806 Thread 0x0000022b804f1010 Exception <a 'sun/nio/fs/WindowsException'{0x00000000d5dbbba8}> (0x00000000d5dbbba8) 
thrown [s\src\hotspot\share\prims\jni.cpp, line 520]
Event: 10.806 Thread 0x0000022b804f1010 Exception <a 'sun/nio/fs/WindowsException'{0x00000000d5dbc4c8}> (0x00000000d5dbc4c8) 
thrown [s\src\hotspot\share\prims\jni.cpp, line 520]
Event: 10.806 Thread 0x0000022b804f1010 Exception <a 'sun/nio/fs/WindowsException'{0x00000000d5dbff18}> (0x00000000d5dbff18) 
thrown [s\src\hotspot\share\prims\jni.cpp, line 520]
Event: 10.807 Thread 0x0000022b804f1010 Exception <a 'sun/nio/fs/WindowsException'{0x00000000d5dc0808}> (0x00000000d5dc0808) 
thrown [s\src\hotspot\share\prims\jni.cpp, line 520]
Event: 10.832 Thread 0x0000022b804f1010 Exception <a 'sun/nio/fs/WindowsException'{0x00000000d5e487b0}> (0x00000000d5e487b0) 
thrown [s\src\hotspot\share\prims\jni.cpp, line 520]
Event: 10.832 Thread 0x0000022b804f1010 Exception <a 'sun/nio/fs/WindowsException'{0x00000000d5e48e38}> (0x00000000d5e48e38) 
thrown [s\src\hotspot\share\prims\jni.cpp, line 520]
Event: 11.980 Thread 0x0000022b804f1010 Implicit null exception at 0x0000022ba894d47b to 0x0000022ba894e39c
Event: 12.083 Thread 0x0000022b804f1010 Exception <a 'sun/nio/fs/WindowsException'{0x00000000d67cd818}> (0x00000000d67cd818) 
thrown [s\src\hotspot\share\prims\jni.cpp, line 520]
Event: 12.249 Thread 0x0000022b804f1010 Exception <a 'java/io/FileNotFoundException'{0x00000000d69fcdf0}> (0x00000000d69fcdf0) 
thrown [s\src\hotspot\share\prims\jni.cpp, line 520]
Event: 12.249 Thread 0x0000022b804f1010 Exception <a 'java/io/FileNotFoundException'{0x00000000d69fe0a8}> (0x00000000d69fe0a8) 
thrown [s\src\hotspot\share\prims\jni.cpp, line 520]
Event: 13.432 Thread 0x0000022b804f1010 Exception <a 'java/io/FileNotFoundException'{0x00000000d568a5d0}> (0x00000000d568a5d0) 
thrown [s\src\hotspot\share\prims\jni.cpp, line 520]
Event: 13.434 Thread 0x0000022b804f1010 Exception <a 'java/io/FileNotFoundException'{0x00000000d568b798}> (0x00000000d568b798) 
thrown [s\src\hotspot\share\prims\jni.cpp, line 520]

ZGC Phase Switch (0 events):
No events

VM Operations (20 events):
Event: 9.459 Executing VM operation: ParallelGCFailedAllocation (Allocation Failure)
Event: 9.464 Executing VM operation: ParallelGCFailedAllocation (Allocation Failure) done
Event: 9.567 Executing VM operation: HandshakeAllThreads (Deoptimize)
Event: 9.567 Executing VM operation: HandshakeAllThreads (Deoptimize) done
Event: 9.681 Executing VM operation: ParallelGCFailedAllocation (Allocation Failure)
Event: 9.699 Executing VM operation: ParallelGCFailedAllocation (Allocation Failure) done
Event: 10.428 Executing VM operation: ICBufferFull
Event: 10.428 Executing VM operation: ICBufferFull done
Event: 10.458 Executing VM operation: ParallelGCFailedAllocation (Allocation Failure)
Event: 10.464 Executing VM operation: ParallelGCFailedAllocation (Allocation Failure) done
Event: 12.465 Executing VM operation: Cleanup
Event: 12.465 Executing VM operation: Cleanup done
Event: 12.708 Executing VM operation: ParallelGCFailedAllocation (Allocation Failure)
Event: 12.717 Executing VM operation: ParallelGCFailedAllocation (Allocation Failure) done
Event: 13.717 Executing VM operation: Cleanup
Event: 13.717 Executing VM operation: Cleanup done
Event: 13.749 Executing VM operation: ParallelGCFailedAllocation (Allocation Failure)
Event: 13.764 Executing VM operation: ParallelGCFailedAllocation (Allocation Failure) done
Event: 13.812 Executing VM operation: HandshakeAllThreads (Deoptimize)
Event: 13.812 Executing VM operation: HandshakeAllThreads (Deoptimize) done

Memory protections (0 events):
No events

Nmethod flushes (0 events):
No events

Events (20 events):
Event: 6.564 Thread 0x0000022bb4a882f0 Thread added: 0x0000022b804ee8b0
Event: 6.598 Thread 0x0000022bb4a882f0 Thread added: 0x0000022b804efc60
Event: 8.307 Thread 0x0000022b804ee8b0 Thread added: 0x0000022b804f02f0
Event: 8.448 Thread 0x0000022bb4a882f0 Thread added: 0x0000022b804ee220
Event: 8.449 Thread 0x0000022b804f02f0 Thread added: 0x0000022b804f1010
Event: 8.887 Thread 0x0000022b804f02f0 Thread added: 0x0000022b804f0980
Event: 9.049 Thread 0x0000022b804f0980 Thread added: 0x0000022b804f16a0
Event: 9.162 Thread 0x0000022b9c13c4b0 Thread added: 0x0000022b804ec150
Event: 9.163 Thread 0x0000022b9c13c4b0 Thread added: 0x0000022b804ef5d0
Event: 9.163 Thread 0x0000022b9c13c4b0 Thread added: 0x0000022b804f1d30
Event: 9.164 Thread 0x0000022b9c13c4b0 Thread added: 0x0000022b804f23c0
Event: 9.164 Thread 0x0000022b9c13c4b0 Thread added: 0x0000022b804f2a50
Event: 9.165 Thread 0x0000022b9c13c4b0 Thread added: 0x0000022b804edb90
Event: 9.322 Thread 0x0000022b9c13c4b0 Thread added: 0x0000022b804f3770
Event: 9.657 Thread 0x0000022b9c13c4b0 Thread added: 0x0000022b804ec7e0
Event: 9.657 Thread 0x0000022b9c13c4b0 Thread added: 0x0000022b804ece70
Event: 13.436 Thread 0x0000022b804f1010 Thread added: 0x0000022b804ed500
Event: 13.437 Thread 0x0000022b804f1010 Thread added: 0x0000022b81dfadc0
Event: 13.438 Thread 0x0000022b804f1010 Thread added: 0x0000022b81dfc800
Event: 13.451 Thread 0x0000022b804ed500 Thread added: 0x0000022b81df7fd0


Dynamic libraries:
0x00007ff6da780000 - 0x00007ff6da78e000 	c:\Users\GLOBAL STORE\.vscode\extensions\redhat.java-1.48.2025111408-win32-x64\jre\21.0.9-win32-x86_64\bin\java.exe
0x00007ff8bd450000 - 0x00007ff8bd648000 	C:\WINDOWS\SYSTEM32\ntdll.dll
0x00007ff8bd130000 - 0x00007ff8bd1f2000 	C:\WINDOWS\System32\KERNEL32.DLL
0x00007ff8baf40000 - 0x00007ff8bb236000 	C:\WINDOWS\System32\KERNELBASE.dll
0x00007ff8bb2f0000 - 0x00007ff8bb3f0000 	C:\WINDOWS\System32\ucrtbase.dll
0x00007ff8a6e70000 - 0x00007ff8a6e88000 	c:\Users\GLOBAL STORE\.vscode\extensions\redhat.java-1.48.2025111408-win32-x64\jre\21.0.9-win32-x86_64\bin\jli.dll
0x00007ff8b0020000 - 0x00007ff8b003e000 	c:\Users\GLOBAL STORE\.vscode\extensions\redhat.java-1.48.2025111408-win32-x64\jre\21.0.9-win32-x86_64\bin\VCRUNTIME140.dll
0x00007ff8bc400000 - 0x00007ff8bc5a1000 	C:\WINDOWS\System32\USER32.dll
0x00007ff8bab80000 - 0x00007ff8baba2000 	C:\WINDOWS\System32\win32u.dll
0x00007ff8b9e80000 - 0x00007ff8ba11b000 	C:\WINDOWS\WinSxS\amd64_microsoft.windows.common-controls_6595b64144ccf1df_6.0.19041.6456_none_60b8a6cb71f64256\COMCTL32.dll
0x00007ff8bc6d0000 - 0x00007ff8bc6fb000 	C:\WINDOWS\System32\GDI32.dll
0x00007ff8bcf50000 - 0x00007ff8bcfee000 	C:\WINDOWS\System32\msvcrt.dll
0x00007ff8bac00000 - 0x00007ff8bad19000 	C:\WINDOWS\System32\gdi32full.dll
0x00007ff8baae0000 - 0x00007ff8bab7d000 	C:\WINDOWS\System32\msvcp_win.dll
0x00007ff8bd200000 - 0x00007ff8bd22f000 	C:\WINDOWS\System32\IMM32.DLL
0x00007ff8b3d10000 - 0x00007ff8b3d1c000 	c:\Users\GLOBAL STORE\.vscode\extensions\redhat.java-1.48.2025111408-win32-x64\jre\21.0.9-win32-x86_64\bin\vcruntime140_1.dll
0x00007ff872340000 - 0x00007ff8723cd000 	c:\Users\GLOBAL STORE\.vscode\extensions\redhat.java-1.48.2025111408-win32-x64\jre\21.0.9-win32-x86_64\bin\msvcp140.dll
0x00007ff804770000 - 0x00007ff805510000 	c:\Users\GLOBAL STORE\.vscode\extensions\redhat.java-1.48.2025111408-win32-x64\jre\21.0.9-win32-x86_64\bin\server\jvm.dll
0x00007ff8bd230000 - 0x00007ff8bd2e1000 	C:\WINDOWS\System32\ADVAPI32.dll
0x00007ff8bc630000 - 0x00007ff8bc6cf000 	C:\WINDOWS\System32\sechost.dll
0x00007ff8bc270000 - 0x00007ff8bc390000 	C:\WINDOWS\System32\RPCRT4.dll
0x00007ff8baf10000 - 0x00007ff8baf37000 	C:\WINDOWS\System32\bcrypt.dll
0x00007ff8bc390000 - 0x00007ff8bc3fb000 	C:\WINDOWS\System32\WS2_32.dll
0x00007ff8ba6d0000 - 0x00007ff8ba71b000 	C:\WINDOWS\SYSTEM32\POWRPROF.dll
0x00007ff8b1cd0000 - 0x00007ff8b1cda000 	C:\WINDOWS\SYSTEM32\VERSION.dll
0x00007ff8ab590000 - 0x00007ff8ab5b7000 	C:\WINDOWS\SYSTEM32\WINMM.dll
0x00007ff8ba210000 - 0x00007ff8ba222000 	C:\WINDOWS\SYSTEM32\UMPDC.dll
0x00007ff8b85c0000 - 0x00007ff8b85d2000 	C:\WINDOWS\SYSTEM32\kernel.appcore.dll
0x00007ff8b2760000 - 0x00007ff8b276a000 	c:\Users\GLOBAL STORE\.vscode\extensions\redhat.java-1.48.2025111408-win32-x64\jre\21.0.9-win32-x86_64\bin\jimage.dll
0x00007ff8ba4c0000 - 0x00007ff8ba6c1000 	C:\WINDOWS\SYSTEM32\DBGHELP.DLL
0x00007ff8ba400000 - 0x00007ff8ba434000 	C:\WINDOWS\SYSTEM32\dbgcore.DLL
0x00007ff8bad20000 - 0x00007ff8bada2000 	C:\WINDOWS\System32\bcryptPrimitives.dll
0x00007ff8a6f40000 - 0x00007ff8a6f4f000 	c:\Users\GLOBAL STORE\.vscode\extensions\redhat.java-1.48.2025111408-win32-x64\jre\21.0.9-win32-x86_64\bin\instrument.dll
0x00007ff8972d0000 - 0x00007ff8972f0000 	c:\Users\GLOBAL STORE\.vscode\extensions\redhat.java-1.48.2025111408-win32-x64\jre\21.0.9-win32-x86_64\bin\java.dll
0x00007ff8bc700000 - 0x00007ff8bce70000 	C:\WINDOWS\System32\SHELL32.dll
0x00007ff8b7dd0000 - 0x00007ff8b8575000 	C:\WINDOWS\SYSTEM32\windows.storage.dll
0x00007ff8bbf10000 - 0x00007ff8bc264000 	C:\WINDOWS\System32\combase.dll
0x00007ff8b9de0000 - 0x00007ff8b9e0b000 	C:\WINDOWS\SYSTEM32\Wldp.dll
0x00007ff8bbe40000 - 0x00007ff8bbf0d000 	C:\WINDOWS\System32\OLEAUT32.dll
0x00007ff8bcff0000 - 0x00007ff8bd09d000 	C:\WINDOWS\System32\SHCORE.dll
0x00007ff8bb470000 - 0x00007ff8bb4cb000 	C:\WINDOWS\System32\shlwapi.dll
0x00007ff8baa10000 - 0x00007ff8baa34000 	C:\WINDOWS\SYSTEM32\profapi.dll
0x00007ff88f330000 - 0x00007ff88f348000 	c:\Users\GLOBAL STORE\.vscode\extensions\redhat.java-1.48.2025111408-win32-x64\jre\21.0.9-win32-x86_64\bin\zip.dll
0x00007ff8b2750000 - 0x00007ff8b2760000 	C:\Users\GLOBAL STORE\.vscode\extensions\redhat.java-1.48.2025111408-win32-x64\jre\21.0.9-win32-x86_64\bin\net.dll
0x00007ff8b0cd0000 - 0x00007ff8b0dda000 	C:\WINDOWS\SYSTEM32\WINHTTP.dll
0x00007ff8b9af0000 - 0x00007ff8b9b5a000 	C:\WINDOWS\system32\mswsock.dll
0x00007ff88f220000 - 0x00007ff88f236000 	C:\Users\GLOBAL STORE\.vscode\extensions\redhat.java-1.48.2025111408-win32-x64\jre\21.0.9-win32-x86_64\bin\nio.dll
0x00007ff8a6e00000 - 0x00007ff8a6e10000 	c:\Users\GLOBAL STORE\.vscode\extensions\redhat.java-1.48.2025111408-win32-x64\jre\21.0.9-win32-x86_64\bin\verify.dll
0x00007ff881030000 - 0x00007ff881074000 	C:\Users\GLOBAL STORE\AppData\Roaming\Code\User\globalStorage\redhat.java\1.48.2025111408\config_win\org.eclipse.equinox.launcher\org.eclipse.equinox.launcher.win32.win32.x86_64_1.2.1400.v20250801-0854\eclipse_11916.dll
0x00007ff8bb4d0000 - 0x00007ff8bb5fb000 	C:\WINDOWS\System32\ole32.dll
0x00007ff8ba850000 - 0x00007ff8ba868000 	C:\WINDOWS\SYSTEM32\CRYPTSP.dll
0x00007ff8b94b0000 - 0x00007ff8b94e8000 	C:\WINDOWS\system32\rsaenh.dll
0x00007ff8ba9d0000 - 0x00007ff8ba9fe000 	C:\WINDOWS\SYSTEM32\USERENV.dll
0x00007ff8b9d50000 - 0x00007ff8b9d5c000 	C:\WINDOWS\SYSTEM32\CRYPTBASE.dll
0x00007ff8b9810000 - 0x00007ff8b984b000 	C:\WINDOWS\SYSTEM32\IPHLPAPI.DLL
0x00007ff8bc5b0000 - 0x00007ff8bc5b8000 	C:\WINDOWS\System32\NSI.dll
0x00007ff87ded0000 - 0x00007ff87df19000 	C:\Users\GLOBAL STORE\AppData\Local\Temp\jna--1378626267\jna9899971510422395593.dll
0x00007ff8bc620000 - 0x00007ff8bc628000 	C:\WINDOWS\System32\PSAPI.DLL
0x00007ff8b11c0000 - 0x00007ff8b11d7000 	C:\WINDOWS\SYSTEM32\dhcpcsvc6.DLL
0x00007ff8b1f40000 - 0x00007ff8b1f5d000 	C:\WINDOWS\SYSTEM32\dhcpcsvc.DLL

JVMTI agents:
c:\Users\GLOBAL STORE\.vscode\extensions\redhat.java-1.48.2025111408-win32-x64\lombok\lombok-1.18.39-4050.jar path:c:\Users\GLOBAL STORE\.vscode\extensions\redhat.java-1.48.2025111408-win32-x64\jre\21.0.9-win32-x86_64\bin\instrument.dll, loaded, initialized, instrumentlib options:none

dbghelp: loaded successfully - version: 4.0.5 - missing functions: none
symbol engine: initialized successfully - sym options: 0x614 - pdb path: .;c:\Users\GLOBAL STORE\.vscode\extensions\redhat.java-1.48.2025111408-win32-x64\jre\21.0.9-win32-x86_64\bin;C:\WINDOWS\SYSTEM32;C:\WINDOWS\WinSxS\amd64_microsoft.windows.common-controls_6595b64144ccf1df_6.0.19041.6456_none_60b8a6cb71f64256;c:\Users\GLOBAL STORE\.vscode\extensions\redhat.java-1.48.2025111408-win32-x64\jre\21.0.9-win32-x86_64\bin\server;C:\Users\GLOBAL STORE\AppData\Roaming\Code\User\globalStorage\redhat.java\1.48.2025111408\config_win\org.eclipse.equinox.launcher\org.eclipse.equinox.launcher.win32.win32.x86_64_1.2.1400.v20250801-0854;C:\Users\GLOBAL STORE\AppData\Local\Temp\jna--1378626267

VM Arguments:
jvm_args: --add-modules=ALL-SYSTEM --add-opens=java.base/java.util=ALL-UNNAMED --add-opens=java.base/java.lang=ALL-UNNAMED --add-opens=java.base/sun.nio.fs=ALL-UNNAMED -Declipse.application=org.eclipse.jdt.ls.core.id1 -Dosgi.bundles.defaultStartLevel=4 -Declipse.product=org.eclipse.jdt.ls.core.product -Djava.import.generatesMetadataFilesAtProjectRoot=false -DDetectVMInstallationsJob.disabled=true -Dfile.encoding=utf8 -XX:+UseParallelGC -XX:GCTimeRatio=4 -XX:AdaptiveSizePolicyWeight=90 -Dsun.zip.disableMemoryMapping=true -Xmx2G -Xms100m -Xlog:disable -javaagent:c:\Users\GLOBAL STORE\.vscode\extensions\redhat.java-1.48.2025111408-win32-x64\lombok\lombok-1.18.39-4050.jar -XX:+HeapDumpOnOutOfMemoryError -XX:HeapDumpPath=c:\Users\GLOBAL STORE\AppData\Roaming\Code\User\workspaceStorage\87ef9fe996664560782c56eaaca1d688\redhat.java -Daether.dependencyCollector.impl=bf -XX:+UnlockDiagnosticVMOptions -XX:+AllowArchivingWithJavaAgent -XX:+AutoCreateSharedArchive -XX:SharedArchiveFile=c:\Users\GLOBAL STORE\AppData\Roaming\Code\User\globalStorage\redhat.java\1.48.2025111408\jdtls.jsa 
java_command: c:\Users\GLOBAL STORE\.vscode\extensions\redhat.java-1.48.2025111408-win32-x64\server\plugins\org.eclipse.equinox.launcher_1.7.100.v20251111-0406.jar -configuration c:\Users\GLOBAL STORE\AppData\Roaming\Code\User\globalStorage\redhat.java\1.48.2025111408\config_win -data c:\Users\GLOBAL STORE\AppData\Roaming\Code\User\workspaceStorage\87ef9fe996664560782c56eaaca1d688\redhat.java\jdt_ws --pipe=\\.\pipe\lsp-5734d5397960e3029a45e62270272d22-sock
java_class_path (initial): c:\Users\GLOBAL STORE\.vscode\extensions\redhat.java-1.48.2025111408-win32-x64\server\plugins\org.eclipse.equinox.launcher_1.7.100.v20251111-0406.jar
Launcher Type: SUN_STANDARD

[Global flags]
    uintx AdaptiveSizePolicyWeight                 = 90                                        {product} {command line}
     bool AllowArchivingWithJavaAgent              = true                             {JVMCI diagnostic} {command line}
     bool AutoCreateSharedArchive                  = false                               {JVMCI product} {command line}
     intx CICompilerCount                          = 3                                         {product} {ergonomic}
    uintx GCTimeRatio                              = 4                                         {product} {command line}
     bool HeapDumpOnOutOfMemoryError               = true                                   {manageable} {command line}
    ccstr HeapDumpPath                             = c:\Users\GLOBAL STORE\AppData\Roaming\Code\User\workspaceStorage\87ef9fe996664560782c56eaaca1d688\redhat.java         {manageable} {command line}
   size_t InitialHeapSize                          = 104857600                                 {product} {command line}
   size_t MaxHeapSize                              = 2147483648                                {product} {command line}
   size_t MaxNewSize                               = 715653120                                 {product} {ergonomic}
   size_t MinHeapDeltaBytes                        = 524288                                    {product} {ergonomic}
   size_t MinHeapSize                              = 104857600                                 {product} {command line}
   size_t NewSize                                  = 34603008                                  {product} {ergonomic}
    uintx NonNMethodCodeHeapSize                   = 5832780                                {pd product} {ergonomic}
    uintx NonProfiledCodeHeapSize                  = 122912730                              {pd product} {ergonomic}
   size_t OldSize                                  = 70254592                                  {product} {ergonomic}
    uintx ProfiledCodeHeapSize                     = 122912730                              {pd product} {ergonomic}
    uintx ReservedCodeCacheSize                    = 251658240                              {pd product} {ergonomic}
     bool SegmentedCodeCache                       = true                                      {product} {ergonomic}
    ccstr SharedArchiveFile                        = c:\Users\GLOBAL STORE\AppData\Roaming\Code\User\globalStorage\redhat.java\1.48.2025111408\jdtls.jsa      {JVMCI product} {command line}
   size_t SoftMaxHeapSize                          = 2147483648                             {manageable} {ergonomic}
     bool UnlockDiagnosticVMOptions                = true                                   {diagnostic} {command line}
     bool UseCompressedOops                        = true                           {product lp64_product} {ergonomic}
     bool UseLargePagesIndividualAllocation        = false                                  {pd product} {ergonomic}
     bool UseParallelGC                            = true                                      {product} {command line}

Logging:
Log output configuration:
 #0: stdout all=off uptime,level,tags foldmultilines=false
 #1: stderr all=off uptime,level,tags foldmultilines=false

Release file:
JAVA_VERSION="21.0.9" 
MODULES="java.base java.compiler java.datatransfer java.xml java.prefs java.desktop java.instrument java.logging java.management java.security.sasl java.naming java.rmi java.management.rmi java.net.http java.scripting java.security.jgss java.transaction.xa java.sql java.sql.rowset java.xml.crypto java.se java.smartcardio jdk.accessibility jdk.internal.jvmstat jdk.attach jdk.charsets jdk.internal.opt jdk.zipfs jdk.compiler jdk.crypto.ec jdk.crypto.cryptoki jdk.crypto.mscapi jdk.dynalink jdk.internal.ed jdk.editpad jdk.hotspot.agent jdk.httpserver jdk.internal.le jdk.internal.vm.ci jdk.internal.vm.compiler jdk.internal.vm.compiler.management jdk.jartool jdk.javadoc jdk.jcmd jdk.management jdk.management.agent jdk.jconsole jdk.jdeps jdk.jdwp.agent jdk.jdi jdk.jfr jdk.jshell jdk.jsobject jdk.jstatd jdk.localedata jdk.management.jfr jdk.naming.dns jdk.naming.rmi jdk.net jdk.nio.mapmode jdk.random jdk.sctp jdk.security.auth jdk.security.jgss jdk.unsupported jdk.unsupported.desktop jdk.xml.dom" 

Environment Variables:
JAVA_HOME=C:\Program Files\BellSoft\LibericaJDK-21\
PATH=C:\Users\GLOBAL STORE\AppData\Local\cloud-code\installer\google-cloud-sdk\bin;C:\Program Files\Common Files\Oracle\Java\javapath;C:\Windows\system32;C:\Windows;C:\Windows\System32\Wbem;C:\Windows\System32\WindowsPowerShell\v1.0\;C:\Windows\System32\OpenSSH\;C:\Program Files (x86)\NVIDIA Corporation\PhysX\Common;C:\Program Files\Microsoft SQL Server\110\Tools\Binn\;C:\Program Files\dotnet\;C:\Program Files\Git\cmd;C:\WINDOWS\system32;C:\WINDOWS;C:\WINDOWS\System32\Wbem;C:\WINDOWS\System32\WindowsPowerShell\v1.0\;C:\WINDOWS\System32\OpenSSH\;C:\Program Files (x86)\Intel\Intel(R) Management Engine Components\DAL;C:\Program Files\Intel\Intel(R) Management Engine Components\DAL;C:\Program Files\Intel\WiFi\bin\;C:\Program Files\Common Files\Intel\WirelessCommon\;C:\Gradle\gradle-8.13\bin;C:\Program Files\nodejs\;C:\Users\GLOBAL STORE\.local\bin;C:\Program Files\Common Files\Oracle\Java\javapath;C:\Windows\system32;C:\Windows;C:\Windows\System32\Wbem;C:\Windows\System32\WindowsPowerShell\v1.0\;C:\Windows\System32\OpenSSH\;C:\Program Files (x86)\NVIDIA Corporation\PhysX\Common;C:\Program Files\Microsoft SQL Server\110\Tools\Binn\;C:\Program Files\dotnet\;C:\Program Files\Git\cmd;C:\WINDOWS\system32;C:\WINDOWS;C:\WINDOWS\System32\Wbem;C:\WINDOWS\System32\WindowsPowerShell\v1.0\;C:\WINDOWS\System32\OpenSSH\;C:\Program Files\nodejs\;C:\Program Files (x86)\Intel\Intel(R) Management Engine Components\DAL;C:\Program Files\Intel\Intel(R) Management Engine Components\DAL;C:\Program Files\Intel\WiFi\bin\;C:\Program Files\Common Files\Intel\WirelessCommon\;C:\Gradle\gradle-8.13\bin;C:\Program Files\BellSoft\LibericaJDK-21\bin\;C:\Program Files\Common Files\Oracle\Java\javapath;C:\Program Files (x86)\Common Files\Oracle\Java\java8path;C:\Program Files (x86)\Common Files\Oracle\Java\javapath;C:\Windows\system32;C:\Windows;C:\Windows\System32\Wbem;C:\Windows\System32\WindowsPowerShell\v1.0\;C:\Windows\System32\OpenSSH\;C:\Program Files (x86)\NVIDIA Corporation\PhysX\Common;C:\Program Files\Microsoft SQL Server\110\Tools\Binn\;C:\Program Files\dotnet\;C:\Program Files\Git\cmd;C:\WINDOWS\system32;C:\WINDOWS;C:\WINDOWS\System32\Wbem;C:\WINDOWS\System32\WindowsPowerShell\v1.0\;C:\WINDOWS\System32\OpenSSH\;C:\Program Files\nodejs\;C:\Program Files (x86)\Intel\Intel(R) Management Engine Components\DAL;C:\Program Files\Intel\Intel(R) Management Engine Components\DAL;C:\Program Files\Intel\WiFi\bin\;C:\Program Files\Common Files\Intel\WirelessCommon\;C:\Users\GLOBAL STORE\AppData\Local\Programs\Python\Python310\Scripts\;C:\Users\GLOBAL STORE\AppData\Local\Programs\Python\Python310\;C:\Users\GLOBAL STORE\AppData\Local\Programs\Python\Python313\Scripts\;C:\Users\GLOBAL STORE\AppData\Local\Programs\Python\Python313\;C:\Users\GLOBAL STORE\AppData\Local\Programs\Python\Launcher\;C:\Users\GLOBAL STORE\AppData\Local\Microsoft\WindowsApps;C:\Users\GLOBAL STORE\AppData\Local\Programs\Microsoft VS Code\bin;C:\Program Files\JetBrains\IntelliJ IDEA 2023.1.3\bin;C:\wamp64\bin\php\php8.3.0;C:\Users\GLOBAL STORE\composer;C:\Users\GLOBAL STORE\AppData\Roaming\Composer\vendor\bin;C:\Users\GLOBAL STORE\AppData\Local\GitHubDesktop\bin;C:\php_imagick-3.7.0-8.3-ts-vs16-x64;C:\Users\GLOBAL STORE\Downloads\php_imagick-3.7.0-8.3-ts-vs16-x64\config;C:\Users\GLOBAL STORE\AppData\Local\Programs\cursor\resources\app\bin;C:\Users\GLOBAL STORE\.local\bin;C:\Users\GLOBAL STORE\AppData\Roaming\npm
USERNAME=GLOBAL_STORE
OS=Windows_NT
PROCESSOR_IDENTIFIER=Intel64 Family 6 Model 158 Stepping 9, GenuineIntel
TMP=C:\Users\GLOBAL STORE\AppData\Local\Temp
TEMP=C:\Users\GLOBAL STORE\AppData\Local\Temp




Periodic native trim disabled

---------------  S Y S T E M  ---------------

OS:
 Windows 10 , 64 bit Build 19041 (10.0.19041.5915)
OS uptime: 0 days 12:28 hours

CPU: total 5 (initial active 5) (4 cores per cpu, 2 threads per core) family 6 model 158 stepping 9 microcode 0xf6, cx8, cmov, fxsr, ht, mmx, 3dnowpref, sse, sse2, sse3, ssse3, sse4.1, sse4.2, popcnt, lzcnt, tsc, tscinvbit, avx, avx2, aes, erms, clmul, bmi1, bmi2, rtm, adx, fma, vzeroupper, clflush, clflushopt, rdtscp, f16c
Processor Information for the first 5 processors :
  Max Mhz: 2904, Current Mhz: 2904, Mhz Limit: 2904

Memory: 4k page, system-wide physical 16244M (212M free)
TotalPageFile size 48314M (AvailPageFile size 0M)
current process WorkingSet (physical memory assigned to process): 245M, peak: 245M
current process commit charge ("private bytes"): 377M, peak: 378M

vm_info: OpenJDK 64-Bit Server VM (21.0.9+10-LTS) for windows-amd64 JRE (21.0.9+10-LTS), built on 2025-10-21T00:00:00Z by "admin" with unknown MS VC++:1942

END.
